Archive member included to satisfy reference by file (symbol)

c:/mounriver/mounriver_studio/toolchain/risc-v embedded gcc/bin/../lib/gcc/riscv-none-embed/8.2.0/rv32imacxw/ilp32\libgcc.a(save-restore.o)
                              ./User/main.o (__riscv_save_10)
c:/mounriver/mounriver_studio/toolchain/risc-v embedded gcc/bin/../lib/gcc/riscv-none-embed/8.2.0/../../../../riscv-none-embed/lib/rv32imacxw/ilp32\libg_nano.a(lib_a-atoi.o)
                              ./User/main.o (atoi)
c:/mounriver/mounriver_studio/toolchain/risc-v embedded gcc/bin/../lib/gcc/riscv-none-embed/8.2.0/../../../../riscv-none-embed/lib/rv32imacxw/ilp32\libg_nano.a(lib_a-itoa.o)
                              ./User/main.o (itoa)
c:/mounriver/mounriver_studio/toolchain/risc-v embedded gcc/bin/../lib/gcc/riscv-none-embed/8.2.0/../../../../riscv-none-embed/lib/rv32imacxw/ilp32\libg_nano.a(lib_a-memcpy.o)
                              ./usb/ch32x035_usbfs_device.o (memcpy)
c:/mounriver/mounriver_studio/toolchain/risc-v embedded gcc/bin/../lib/gcc/riscv-none-embed/8.2.0/../../../../riscv-none-embed/lib/rv32imacxw/ilp32\libg_nano.a(lib_a-memset.o)
                              ./User/UART.o (memset)
c:/mounriver/mounriver_studio/toolchain/risc-v embedded gcc/bin/../lib/gcc/riscv-none-embed/8.2.0/../../../../riscv-none-embed/lib/rv32imacxw/ilp32\libg_nano.a(lib_a-printf.o)
                              ./User/UART.o (printf)
c:/mounriver/mounriver_studio/toolchain/risc-v embedded gcc/bin/../lib/gcc/riscv-none-embed/8.2.0/../../../../riscv-none-embed/lib/rv32imacxw/ilp32\libg_nano.a(lib_a-puts.o)
                              ./User/main.o (puts)
c:/mounriver/mounriver_studio/toolchain/risc-v embedded gcc/bin/../lib/gcc/riscv-none-embed/8.2.0/../../../../riscv-none-embed/lib/rv32imacxw/ilp32\libg_nano.a(lib_a-strlen.o)
                              ./User/main.o (strlen)
c:/mounriver/mounriver_studio/toolchain/risc-v embedded gcc/bin/../lib/gcc/riscv-none-embed/8.2.0/../../../../riscv-none-embed/lib/rv32imacxw/ilp32\libg_nano.a(lib_a-strtol.o)
                              c:/mounriver/mounriver_studio/toolchain/risc-v embedded gcc/bin/../lib/gcc/riscv-none-embed/8.2.0/../../../../riscv-none-embed/lib/rv32imacxw/ilp32\libg_nano.a(lib_a-atoi.o) (_strtol_r)
c:/mounriver/mounriver_studio/toolchain/risc-v embedded gcc/bin/../lib/gcc/riscv-none-embed/8.2.0/../../../../riscv-none-embed/lib/rv32imacxw/ilp32\libg_nano.a(lib_a-utoa.o)
                              c:/mounriver/mounriver_studio/toolchain/risc-v embedded gcc/bin/../lib/gcc/riscv-none-embed/8.2.0/../../../../riscv-none-embed/lib/rv32imacxw/ilp32\libg_nano.a(lib_a-itoa.o) (__utoa)
c:/mounriver/mounriver_studio/toolchain/risc-v embedded gcc/bin/../lib/gcc/riscv-none-embed/8.2.0/../../../../riscv-none-embed/lib/rv32imacxw/ilp32\libg_nano.a(lib_a-wbuf.o)
                              c:/mounriver/mounriver_studio/toolchain/risc-v embedded gcc/bin/../lib/gcc/riscv-none-embed/8.2.0/../../../../riscv-none-embed/lib/rv32imacxw/ilp32\libg_nano.a(lib_a-puts.o) (__swbuf_r)
c:/mounriver/mounriver_studio/toolchain/risc-v embedded gcc/bin/../lib/gcc/riscv-none-embed/8.2.0/../../../../riscv-none-embed/lib/rv32imacxw/ilp32\libg_nano.a(lib_a-wsetup.o)
                              c:/mounriver/mounriver_studio/toolchain/risc-v embedded gcc/bin/../lib/gcc/riscv-none-embed/8.2.0/../../../../riscv-none-embed/lib/rv32imacxw/ilp32\libg_nano.a(lib_a-puts.o) (__swsetup_r)
c:/mounriver/mounriver_studio/toolchain/risc-v embedded gcc/bin/../lib/gcc/riscv-none-embed/8.2.0/../../../../riscv-none-embed/lib/rv32imacxw/ilp32\libg_nano.a(lib_a-fflush.o)
                              c:/mounriver/mounriver_studio/toolchain/risc-v embedded gcc/bin/../lib/gcc/riscv-none-embed/8.2.0/../../../../riscv-none-embed/lib/rv32imacxw/ilp32\libg_nano.a(lib_a-wbuf.o) (_fflush_r)
c:/mounriver/mounriver_studio/toolchain/risc-v embedded gcc/bin/../lib/gcc/riscv-none-embed/8.2.0/../../../../riscv-none-embed/lib/rv32imacxw/ilp32\libg_nano.a(lib_a-findfp.o)
                              c:/mounriver/mounriver_studio/toolchain/risc-v embedded gcc/bin/../lib/gcc/riscv-none-embed/8.2.0/../../../../riscv-none-embed/lib/rv32imacxw/ilp32\libg_nano.a(lib_a-printf.o) (__sinit)
c:/mounriver/mounriver_studio/toolchain/risc-v embedded gcc/bin/../lib/gcc/riscv-none-embed/8.2.0/../../../../riscv-none-embed/lib/rv32imacxw/ilp32\libg_nano.a(lib_a-fwalk.o)
                              c:/mounriver/mounriver_studio/toolchain/risc-v embedded gcc/bin/../lib/gcc/riscv-none-embed/8.2.0/../../../../riscv-none-embed/lib/rv32imacxw/ilp32\libg_nano.a(lib_a-findfp.o) (_fwalk)
c:/mounriver/mounriver_studio/toolchain/risc-v embedded gcc/bin/../lib/gcc/riscv-none-embed/8.2.0/../../../../riscv-none-embed/lib/rv32imacxw/ilp32\libg_nano.a(lib_a-impure.o)
[...]
Memory Configuration

Name             Origin             Length             Attributes
FLASH            0x0000000000000000 0x000000000000f800 xr
RAM              0x0000000020000000 0x0000000000005000 xrw
*default*        0x0000000000000000 0xffffffffffffffff

Linker script and memory map

LOAD ./usb/ch32x035_usbfs_device.o
LOAD ./usb/usb_desc.o
LOAD ./brd/aatt2_brd.o
LOAD ./User/UART.o
LOAD ./User/ch32x035_it.o
LOAD ./User/main.o
LOAD ./User/system_ch32x035.o
LOAD ./Startup/startup_ch32x035.o
LOAD ./Peripheral/src/ch32x035_adc.o
LOAD ./Peripheral/src/ch32x035_awu.o
LOAD ./Peripheral/src/ch32x035_dbgmcu.o
LOAD ./Peripheral/src/ch32x035_dma.o
LOAD ./Peripheral/src/ch32x035_exti.o
LOAD ./Peripheral/src/ch32x035_flash.o
LOAD ./Peripheral/src/ch32x035_gpio.o
LOAD ./Peripheral/src/ch32x035_i2c.o
LOAD ./Peripheral/src/ch32x035_iwdg.o
LOAD ./Peripheral/src/ch32x035_misc.o
LOAD ./Peripheral/src/ch32x035_opa.o
LOAD ./Peripheral/src/ch32x035_pwr.o
LOAD ./Peripheral/src/ch32x035_rcc.o
LOAD ./Peripheral/src/ch32x035_spi.o
LOAD ./Peripheral/src/ch32x035_tim.o
LOAD ./Peripheral/src/ch32x035_usart.o
LOAD ./Peripheral/src/ch32x035_wwdg.o
LOAD ./Debug/debug.o
LOAD ./Core/core_riscv.o
LOAD c:/mounriver/mounriver_studio/toolchain/risc-v embedded gcc/bin/../lib/gcc/riscv-none-embed/8.2.0/rv32imacxw/ilp32\libgcc.a
LOAD c:/mounriver/mounriver_studio/toolchain/risc-v embedded gcc/bin/../lib/gcc/riscv-none-embed/8.2.0/../../../../riscv-none-embed/lib/rv32imacxw/ilp32\libg_nano.a
LOAD c:/mounriver/mounriver_studio/toolchain/risc-v embedded gcc/bin/../lib/gcc/riscv-none-embed/8.2.0/../../../../riscv-none-embed/lib/rv32imacxw/ilp32\libc_nano.a
LOAD c:/mounriver/mounriver_studio/toolchain/risc-v embedded gcc/bin/../lib/gcc/riscv-none-embed/8.2.0/rv32imacxw/ilp32\libgcc.a
START GROUP
LOAD c:/mounriver/mounriver_studio/toolchain/risc-v embedded gcc/bin/../lib/gcc/riscv-none-embed/8.2.0/rv32imacxw/ilp32\libgcc.a
LOAD c:/mounriver/mounriver_studio/toolchain/risc-v embedded gcc/bin/../lib/gcc/riscv-none-embed/8.2.0/../../../../riscv-none-embed/lib/rv32imacxw/ilp32\libc_nano.a
LOAD c:/mounriver/mounriver_studio/toolchain/risc-v embedded gcc/bin/../lib/gcc/riscv-none-embed/8.2.0/../../../../riscv-none-embed/lib/rv32imacxw/ilp32\libnosys.a
END GROUP
START GROUP
LOAD c:/mounriver/mounriver_studio/toolchain/risc-v embedded gcc/bin/../lib/gcc/riscv-none-embed/8.2.0/rv32imacxw/ilp32\libgcc.a
LOAD c:/mounriver/mounriver_studio/toolchain/risc-v embedded gcc/bin/../lib/gcc/riscv-none-embed/8.2.0/../../../../riscv-none-embed/lib/rv32imacxw/ilp32\libc_nano.a
LOAD c:/mounriver/mounriver_studio/toolchain/risc-v embedded gcc/bin/../lib/gcc/riscv-none-embed/8.2.0/../../../../riscv-none-embed/lib/rv32imacxw/ilp32\libnosys.a
END GROUP
                0x0000000000000800                __stack_size = 0x800
                [!provide]                        PROVIDE (_stack_size = __stack_size)

.init           0x0000000000000000        0x4
                0x0000000000000000                _sinit = .
                0x0000000000000000                . = ALIGN (0x4)
 *(SORT_NONE(.init))
 .init          0x0000000000000000        0x4 ./Startup/startup_ch32x035.o
                0x0000000000000000                _start
                0x0000000000000004                . = ALIGN (0x4)
                0x0000000000000004                _einit = .

.vector         0x0000000000000004       0xfc
 *(.vector)
 .vector        0x0000000000000004       0xdc ./Startup/startup_ch32x035.o
                0x0000000000000100                . = ALIGN (0x40)
 *fill*         0x00000000000000e0       0x20 

.text           0x0000000000000100     0x3034
                0x0000000000000100                . = ALIGN (0x4)
 *(.text)
 .text          0x0000000000000100       0x60 c:/mounriver/mounriver_studio/toolchain/risc-v embedded gcc/bin/../lib/gcc/riscv-none-embed/8.2.0/rv32imacxw/ilp32\libgcc.a(save-restore.o)
                0x0000000000000100                __riscv_save_12
                0x0000000000000108                __riscv_save_9
                0x0000000000000108                __riscv_save_11
                0x0000000000000108                __riscv_save_10
                0x0000000000000108                __riscv_save_8
                0x0000000000000116                __riscv_save_4
                0x0000000000000116                __riscv_save_6
                0x0000000000000116                __riscv_save_5
                0x0000000000000116                __riscv_save_7
                0x0000000000000130                __riscv_save_3
                0x0000000000000130                __riscv_save_2
                0x0000000000000130                __riscv_save_1
                0x0000000000000130                __riscv_save_0
                0x000000000000013c                __riscv_restore_12
                0x0000000000000140                __riscv_restore_11
                0x0000000000000140                __riscv_restore_9
                0x0000000000000140                __riscv_restore_10
                0x0000000000000140                __riscv_restore_8
                0x000000000000014a                __riscv_restore_5
                0x000000000000014a                __riscv_restore_7
                0x000000000000014a                __riscv_restore_6
                0x000000000000014a                __riscv_restore_4
                0x0000000000000154                __riscv_restore_3
                0x0000000000000154                __riscv_restore_0
                0x0000000000000154                __riscv_restore_2
                0x0000000000000154                __riscv_restore_1
 .text          0x0000000000000160       0xa8 c:/mounriver/mounriver_studio/toolchain/risc-v embedded gcc/bin/../lib/gcc/riscv-none-embed/8.2.0/../../../../riscv-none-embed/lib/rv32imacxw/ilp32\libg_nano.a(lib_a-memset.o)
                0x0000000000000160                memset
 *(.text.*)
 .text.USBFS_RCC_Init
                0x0000000000000208       0x16 ./usb/ch32x035_usbfs_device.o
                0x0000000000000208                USBFS_RCC_Init
 .text.USBFS_Device_Endp_Init
                0x000000000000021e       0x78 ./usb/ch32x035_usbfs_device.o
                0x000000000000021e                USBFS_Device_Endp_Init
 .text.GPIO_USB_INIT
                0x0000000000000296       0x40 ./usb/ch32x035_usbfs_device.o
                0x0000000000000296                GPIO_USB_INIT
 .text.USBFS_Device_Init
                0x00000000000002d6       0x8e ./usb/ch32x035_usbfs_device.o
                0x00000000000002d6                USBFS_Device_Init
 .text.USBFS_Endp_DataUp
                0x0000000000000364      0x158 ./usb/ch32x035_usbfs_device.o
                0x0000000000000364                USBFS_Endp_DataUp
 .text.USBFS_IRQHandler
                0x00000000000004bc      0x662 ./usb/ch32x035_usbfs_device.o
                0x00000000000004bc                USBFS_IRQHandler
 .text.init_gpio
                0x0000000000000b1e      0x114 ./brd/aatt2_brd.o
                0x0000000000000b1e                init_gpio
 .text.set_led  0x0000000000000c32       0x22 ./brd/aatt2_brd.o
                0x0000000000000c32                set_led
 .text.set_rele1
                0x0000000000000c54       0x1a ./brd/aatt2_brd.o
                0x0000000000000c54                set_rele1
 .text.set_rele2
                0x0000000000000c6e       0x1a ./brd/aatt2_brd.o
                0x0000000000000c6e                set_rele2
 .text.set_rele3
                0x0000000000000c88       0x20 ./brd/aatt2_brd.o
                0x0000000000000c88                set_rele3
 .text.set_rele4
                0x0000000000000ca8       0x20 ./brd/aatt2_brd.o
                0x0000000000000ca8                set_rele4
 .text.set_rele5
                0x0000000000000cc8       0x1e ./brd/aatt2_brd.o
                0x0000000000000cc8                set_rele5
 .text.set_rele6
                0x0000000000000ce6       0x1e ./brd/aatt2_brd.o
                0x0000000000000ce6                set_rele6
 .text.set_rele7
                0x0000000000000d04       0x20 ./brd/aatt2_brd.o
                0x0000000000000d04                set_rele7
 .text.set_rele8
                0x0000000000000d24       0x20 ./brd/aatt2_brd.o
                0x0000000000000d24                set_rele8
 .text.set_reles
                0x0000000000000d44       0x6c ./brd/aatt2_brd.o
                0x0000000000000d44                set_reles
 .text.RCC_Configuration
                0x0000000000000db0       0x3c ./brd/aatt2_brd.o
                0x0000000000000db0                RCC_Configuration
 .text.init_cdc_usb
                0x0000000000000dec       0x26 ./brd/aatt2_brd.o
                0x0000000000000dec                init_cdc_usb
 .text.IIC_Init
                0x0000000000000e12       0x96 ./brd/aatt2_brd.o
                0x0000000000000e12                IIC_Init
 .text.i2c_WriteOneByte
                0x0000000000000ea8       0x8e ./brd/aatt2_brd.o
                0x0000000000000ea8                i2c_WriteOneByte
 .text.board_init
                0x0000000000000f36        0xc ./brd/aatt2_brd.o
                0x0000000000000f36                board_init
 .text.NMI_Handler
                0x0000000000000f42        0x2 ./User/ch32x035_it.o
                0x0000000000000f42                NMI_Handler
 .text.HardFault_Handler
                0x0000000000000f44       0x10 ./User/ch32x035_it.o
                0x0000000000000f44                HardFault_Handler
 .text.set_rele_db
                0x0000000000000f54       0x28 ./User/main.o
                0x0000000000000f54                set_rele_db
 .text.send_to_usb
                0x0000000000000f7c       0x32 ./User/main.o
                0x0000000000000f7c                send_to_usb
 .text.parse_cmd
                0x0000000000000fae       0x58 ./User/main.o
                0x0000000000000fae                parse_cmd
 .text.GPIO_Toggle_INIT
                0x0000000000001006       0x34 ./User/main.o
                0x0000000000001006                GPIO_Toggle_INIT
 .text.startup.main
                0x000000000000103a      0x108 ./User/main.o
                0x000000000000103a                main
 .text.SystemInit
                0x0000000000001142       0x42 ./User/system_ch32x035.o
                0x0000000000001142                SystemInit
 .text.SystemCoreClockUpdate
                0x0000000000001184       0x3e ./User/system_ch32x035.o
                0x0000000000001184                SystemCoreClockUpdate
 .text.vector_handler
                0x00000000000011c2        0x2 ./Startup/startup_ch32x035.o
                0x00000000000011c2                TIM1_CC_IRQHandler
                0x00000000000011c2                TIM2_UP_IRQHandler
                0x00000000000011c2                USBPD_IRQHandler
                0x00000000000011c2                SysTick_Handler
                0x00000000000011c2                PVD_IRQHandler
                0x00000000000011c2                EXTI25_16_IRQHandler
                0x00000000000011c2                Break_Point_Handler
                0x00000000000011c2                TIM2_TRG_COM_IRQHandler
                0x00000000000011c2                TIM2_CC_IRQHandler
                0x00000000000011c2                SPI1_IRQHandler
                0x00000000000011c2                AWU_IRQHandler
                0x00000000000011c2                EXTI7_0_IRQHandler
                0x00000000000011c2                Ecall_M_Mode_Handler
                0x00000000000011c2                DMA1_Channel4_IRQHandler
                0x00000000000011c2                ADC1_IRQHandler
                0x00000000000011c2                TIM2_BRK_IRQHandler
                0x00000000000011c2                USART3_IRQHandler
                0x00000000000011c2                DMA1_Channel7_IRQHandler
                0x00000000000011c2                USBPDWakeUp_IRQHandler
                0x00000000000011c2                EXTI15_8_IRQHandler
                0x00000000000011c2                I2C1_EV_IRQHandler
                0x00000000000011c2                USART4_IRQHandler
                0x00000000000011c2                DMA1_Channel6_IRQHandler
                0x00000000000011c2                TIM3_IRQHandler
                0x00000000000011c2                TIM1_TRG_COM_IRQHandler
                0x00000000000011c2                DMA1_Channel1_IRQHandler
                0x00000000000011c2                DMA1_Channel8_IRQHandler
                0x00000000000011c2                PIOC_IRQHandler
                0x00000000000011c2                DMA1_Channel5_IRQHandler
                0x00000000000011c2                DMA1_Channel3_IRQHandler
                0x00000000000011c2                TIM1_UP_IRQHandler
                0x00000000000011c2                WWDG_IRQHandler
                0x00000000000011c2                Ecall_U_Mode_Handler
                0x00000000000011c2                SW_Handler
                0x00000000000011c2                TIM1_BRK_IRQHandler
                0x00000000000011c2                OPA_IRQHandler
                0x00000000000011c2                USART2_IRQHandler
                0x00000000000011c2                DMA1_Channel2_IRQHandler
                0x00000000000011c2                FLASH_IRQHandler
                0x00000000000011c2                USBFSWakeUp_IRQHandler
                0x00000000000011c2                USART1_IRQHandler
                0x00000000000011c2                I2C1_ER_IRQHandler
 .text.handle_reset
                0x00000000000011c4       0x86 ./Startup/startup_ch32x035.o
                0x00000000000011c4                handle_reset
 .text.DBGMCU_GetCHIPID
                0x000000000000124a        0xa ./Peripheral/src/ch32x035_dbgmcu.o
                0x000000000000124a                DBGMCU_GetCHIPID
 .text.GPIO_Init
                0x0000000000001254      0x18e ./Peripheral/src/ch32x035_gpio.o
                0x0000000000001254                GPIO_Init
 .text.GPIO_WriteBit
                0x00000000000013e2       0x14 ./Peripheral/src/ch32x035_gpio.o
                0x00000000000013e2                GPIO_WriteBit
 .text.GPIO_PinRemapConfig
                0x00000000000013f6       0xa0 ./Peripheral/src/ch32x035_gpio.o
                0x00000000000013f6                GPIO_PinRemapConfig
 .text.I2C_Init
                0x0000000000001496       0xce ./Peripheral/src/ch32x035_i2c.o
                0x0000000000001496                I2C_Init
 .text.I2C_Cmd  0x0000000000001564       0x18 ./Peripheral/src/ch32x035_i2c.o
                0x0000000000001564                I2C_Cmd
 .text.I2C_GenerateSTART
                0x000000000000157c       0x1a ./Peripheral/src/ch32x035_i2c.o
                0x000000000000157c                I2C_GenerateSTART
 .text.I2C_GenerateSTOP
                0x0000000000001596       0x1a ./Peripheral/src/ch32x035_i2c.o
                0x0000000000001596                I2C_GenerateSTOP
 .text.I2C_AcknowledgeConfig
                0x00000000000015b0       0x1a ./Peripheral/src/ch32x035_i2c.o
                0x00000000000015b0                I2C_AcknowledgeConfig
 .text.I2C_SendData
                0x00000000000015ca        0x4 ./Peripheral/src/ch32x035_i2c.o
                0x00000000000015ca                I2C_SendData
 .text.I2C_Send7bitAddress
                0x00000000000015ce       0x12 ./Peripheral/src/ch32x035_i2c.o
                0x00000000000015ce                I2C_Send7bitAddress
 .text.I2C_CheckEvent
                0x00000000000015e0       0x16 ./Peripheral/src/ch32x035_i2c.o
                0x00000000000015e0                I2C_CheckEvent
 .text.I2C_GetFlagStatus
                0x00000000000015f6       0x32 ./Peripheral/src/ch32x035_i2c.o
                0x00000000000015f6                I2C_GetFlagStatus
 .text.NVIC_PriorityGroupConfig
                0x0000000000001628        0x6 ./Peripheral/src/ch32x035_misc.o
                0x0000000000001628                NVIC_PriorityGroupConfig
 .text.PWR_PVDLevelConfig
                0x000000000000162e       0x10 ./Peripheral/src/ch32x035_pwr.o
                0x000000000000162e                PWR_PVDLevelConfig
 .text.PWR_GetFlagStatus
                0x000000000000163e        0xe ./Peripheral/src/ch32x035_pwr.o
                0x000000000000163e                PWR_GetFlagStatus
 .text.PWR_VDD_SupplyVoltage
                0x000000000000164c       0x2a ./Peripheral/src/ch32x035_pwr.o
                0x000000000000164c                PWR_VDD_SupplyVoltage
 .text.RCC_GetClocksFreq
                0x0000000000001676       0x3e ./Peripheral/src/ch32x035_rcc.o
                0x0000000000001676                RCC_GetClocksFreq
 .text.RCC_AHBPeriphClockCmd
                0x00000000000016b4       0x1e ./Peripheral/src/ch32x035_rcc.o
                0x00000000000016b4                RCC_AHBPeriphClockCmd
 .text.RCC_APB2PeriphClockCmd
                0x00000000000016d2       0x1e ./Peripheral/src/ch32x035_rcc.o
                0x00000000000016d2                RCC_APB2PeriphClockCmd
 .text.RCC_APB1PeriphClockCmd
                0x00000000000016f0       0x1e ./Peripheral/src/ch32x035_rcc.o
                0x00000000000016f0                RCC_APB1PeriphClockCmd
 .text.USART_Init
                0x000000000000170e       0x8e ./Peripheral/src/ch32x035_usart.o
                0x000000000000170e                USART_Init
 .text.USART_Cmd
                0x000000000000179c       0x16 ./Peripheral/src/ch32x035_usart.o
                0x000000000000179c                USART_Cmd
 .text.USART_SendData
                0x00000000000017b2        0x8 ./Peripheral/src/ch32x035_usart.o
                0x00000000000017b2                USART_SendData
 .text.USART_GetFlagStatus
                0x00000000000017ba        0xa ./Peripheral/src/ch32x035_usart.o
                0x00000000000017ba                USART_GetFlagStatus
 .text.Delay_Init
                0x00000000000017c4       0x2a ./Debug/debug.o
                0x00000000000017c4                Delay_Init
 .text.Delay_Us
                0x00000000000017ee       0x36 ./Debug/debug.o
                0x00000000000017ee                Delay_Us
 .text.Delay_Ms
                0x0000000000001824       0x36 ./Debug/debug.o
                0x0000000000001824                Delay_Ms
 .text.USART_Printf_Init
                0x000000000000185a       0x52 ./Debug/debug.o
                0x000000000000185a                USART_Printf_Init
 .text._write   0x00000000000018ac       0x3a ./Debug/debug.o
                0x00000000000018ac                _write
 .text._sbrk    0x00000000000018e6       0x26 ./Debug/debug.o
                0x00000000000018e6                _sbrk
 .text.atoi     0x000000000000190c        0x6 c:/mounriver/mounriver_studio/toolchain/risc-v embedded gcc/bin/../lib/gcc/riscv-none-embed/8.2.0/../../../../riscv-none-embed/lib/rv32imacxw/ilp32\libg_nano.a(lib_a-atoi.o)
                0x000000000000190c                atoi
 .text.__itoa   0x0000000000001912       0x44 c:/mounriver/mounriver_studio/toolchain/risc-v embedded gcc/bin/../lib/gcc/riscv-none-embed/8.2.0/../../../../riscv-none-embed/lib/rv32imacxw/ilp32\libg_nano.a(lib_a-itoa.o)
                0x0000000000001912                __itoa
 .text.itoa     0x0000000000001956        0x2 c:/mounriver/mounriver_studio/toolchain/risc-v embedded gcc/bin/../lib/gcc/riscv-none-embed/8.2.0/../../../../riscv-none-embed/lib/rv32imacxw/ilp32\libg_nano.a(lib_a-itoa.o)
                0x0000000000001956                itoa
 .text.memcpy   0x0000000000001958       0xb2 c:/mounriver/mounriver_studio/toolchain/risc-v embedded gcc/bin/../lib/gcc/riscv-none-embed/8.2.0/../../../../riscv-none-embed/lib/rv32imacxw/ilp32\libg_nano.a(lib_a-memcpy.o)
                0x0000000000001958                memcpy
 .text.printf   0x0000000000001a0a       0x40 c:/mounriver/mounriver_studio/toolchain/risc-v embedded gcc/bin/../lib/gcc/riscv-none-embed/8.2.0/../../../../riscv-none-embed/lib/rv32imacxw/ilp32\libg_nano.a(lib_a-printf.o)
                0x0000000000001a0a                iprintf
                0x0000000000001a0a                printf
 .text._puts_r  0x0000000000001a4a       0xd4 c:/mounriver/mounriver_studio/toolchain/risc-v embedded gcc/bin/../lib/gcc/riscv-none-embed/8.2.0/../../../../riscv-none-embed/lib/rv32imacxw/ilp32\libg_nano.a(lib_a-puts.o)
                0x0000000000001a4a                _puts_r
 .text.puts     0x0000000000001b1e        0xa c:/mounriver/mounriver_studio/toolchain/risc-v embedded gcc/bin/../lib/gcc/riscv-none-embed/8.2.0/../../../../riscv-none-embed/lib/rv32imacxw/ilp32\libg_nano.a(lib_a-puts.o)
                0x0000000000001b1e                puts
 .text.strlen   0x0000000000001b28       0x12 c:/mounriver/mounriver_studio/toolchain/risc-v embedded gcc/bin/../lib/gcc/riscv-none-embed/8.2.0/../../../../riscv-none-embed/lib/rv32imacxw/ilp32\libg_nano.a(lib_a-strlen.o)
                0x0000000000001b28                strlen
 .text._strtol_l.isra.0
                0x0000000000001b3a      0x138 c:/mounriver/mounriver_studio/toolchain/risc-v embedded gcc/bin/../lib/gcc/riscv-none-embed/8.2.0/../../../../riscv-none-embed/lib/rv32imacxw/ilp32\libg_nano.a(lib_a-strtol.o)
 .text.strtol   0x0000000000001c72       0x1c c:/mounriver/mounriver_studio/toolchain/risc-v embedded gcc/bin/../lib/gcc/riscv-none-embed/8.2.0/../../../../riscv-none-embed/lib/rv32imacxw/ilp32\libg_nano.a(lib_a-strtol.o)
                0x0000000000001c72                strtol
 .text.__utoa   0x0000000000001c8e       0x8a c:/mounriver/mounriver_studio/toolchain/risc-v embedded gcc/bin/../lib/gcc/riscv-none-embed/8.2.0/../../../../riscv-none-embed/lib/rv32imacxw/ilp32\libg_nano.a(lib_a-utoa.o)
                0x0000000000001c8e                __utoa
 .text.__swbuf_r
                0x0000000000001d18       0xbc c:/mounriver/mounriver_studio/toolchain/risc-v embedded gcc/bin/../lib/gcc/riscv-none-embed/8.2.0/../../../../riscv-none-embed/lib/rv32imacxw/ilp32\libg_nano.a(lib_a-wbuf.o)
                0x0000000000001d18                __swbuf_r
 .text.__swsetup_r
                0x0000000000001dd4       0xfc c:/mounriver/mounriver_studio/toolchain/risc-v embedded gcc/bin/../lib/gcc/riscv-none-embed/8.2.0/../../../../riscv-none-embed/lib/rv32imacxw/ilp32\libg_nano.a(lib_a-wsetup.o)
                0x0000000000001dd4                __swsetup_r
 .text.__sflush_r
                0x0000000000001ed0      0x130 c:/mounriver/mounriver_studio/toolchain/risc-v embedded gcc/bin/../lib/gcc/riscv-none-embed/8.2.0/../../../../riscv-none-embed/lib/rv32imacxw/ilp32\libg_nano.a(lib_a-fflush.o)
                0x0000000000001ed0                __sflush_r
 .text._fflush_r
                0x0000000000002000       0x64 c:/mounriver/mounriver_studio/toolchain/risc-v embedded gcc/bin/../lib/gcc/riscv-none-embed/8.2.0/../../../../riscv-none-embed/lib/rv32imacxw/ilp32\libg_nano.a(lib_a-fflush.o)
                0x0000000000002000                _fflush_r
 .text.std      0x0000000000002064       0x66 c:/mounriver/mounriver_studio/toolchain/risc-v embedded gcc/bin/../lib/gcc/riscv-none-embed/8.2.0/../../../../riscv-none-embed/lib/rv32imacxw/ilp32\libg_nano.a(lib_a-findfp.o)
 .text._cleanup_r
                0x00000000000020ca        0xa c:/mounriver/mounriver_studio/toolchain/risc-v embedded gcc/bin/../lib/gcc/riscv-none-embed/8.2.0/../../../../riscv-none-embed/lib/rv32imacxw/ilp32\libg_nano.a(lib_a-findfp.o)
                0x00000000000020ca                _cleanup_r
 .text.__sfmoreglue
                0x00000000000020d4       0x46 c:/mounriver/mounriver_studio/toolchain/risc-v embedded gcc/bin/../lib/gcc/riscv-none-embed/8.2.0/../../../../riscv-none-embed/lib/rv32imacxw/ilp32\libg_nano.a(lib_a-findfp.o)
                0x00000000000020d4                __sfmoreglue
 .text.__sinit  0x000000000000211a       0x66 c:/mounriver/mounriver_studio/toolchain/risc-v embedded gcc/bin/../lib/gcc/riscv-none-embed/8.2.0/../../../../riscv-none-embed/lib/rv32imacxw/ilp32\libg_nano.a(lib_a-findfp.o)
                0x000000000000211a                __sinit
 .text.__sfp    0x0000000000002180       0x9c c:/mounriver/mounriver_studio/toolchain/risc-v embedded gcc/bin/../lib/gcc/riscv-none-embed/8.2.0/../../../../riscv-none-embed/lib/rv32imacxw/ilp32\libg_nano.a(lib_a-findfp.o)
                0x0000000000002180                __sfp
 .text._fwalk_reent
                0x000000000000221c       0x6a c:/mounriver/mounriver_studio/toolchain/risc-v embedded gcc/bin/../lib/gcc/riscv-none-embed/8.2.0/../../../../riscv-none-embed/lib/rv32imacxw/ilp32\libg_nano.a(lib_a-fwalk.o)
                0x000000000000221c                _fwalk_reent
 .text.__locale_ctype_ptr_l
                0x0000000000002286        0x6 c:/mounriver/mounriver_studio/toolchain/risc-v embedded gcc/bin/../lib/gcc/riscv-none-embed/8.2.0/../../../../riscv-none-embed/lib/rv32imacxw/ilp32\libg_nano.a(lib_a-locale.o)
                0x0000000000002286                __locale_ctype_ptr_l
 .text.__swhatbuf_r
                0x000000000000228c       0x58 c:/mounriver/mounriver_studio/toolchain/risc-v embedded gcc/bin/../lib/gcc/riscv-none-embed/8.2.0/../../../../riscv-none-embed/lib/rv32imacxw/ilp32\libg_nano.a(lib_a-makebuf.o)
                0x000000000000228c                __swhatbuf_r
 .text.__smakebuf_r
                0x00000000000022e4       0x90 c:/mounriver/mounriver_studio/toolchain/risc-v embedded gcc/bin/../lib/gcc/riscv-none-embed/8.2.0/../../../../riscv-none-embed/lib/rv32imacxw/ilp32\libg_nano.a(lib_a-makebuf.o)
                0x00000000000022e4                __smakebuf_r
 .text.__ascii_mbtowc
                0x0000000000002374       0x32 c:/mounriver/mounriver_studio/toolchain/risc-v embedded gcc/bin/../lib/gcc/riscv-none-embed/8.2.0/../../../../riscv-none-embed/lib/rv32imacxw/ilp32\libg_nano.a(lib_a-mbtowc_r.o)
                0x0000000000002374                __ascii_mbtowc
 .text._free_r  0x00000000000023a6       0xa8 c:/mounriver/mounriver_studio/toolchain/risc-v embedded gcc/bin/../lib/gcc/riscv-none-embed/8.2.0/../../../../riscv-none-embed/lib/rv32imacxw/ilp32\libg_nano.a(lib_a-nano-freer.o)
                0x00000000000023a6                _free_r
 .text._malloc_r
                0x000000000000244e       0xd4 c:/mounriver/mounriver_studio/toolchain/risc-v embedded gcc/bin/../lib/gcc/riscv-none-embed/8.2.0/../../../../riscv-none-embed/lib/rv32imacxw/ilp32\libg_nano.a(lib_a-nano-mallocr.o)
                0x000000000000244e                _malloc_r
 .text.__sfputc_r
                0x0000000000002522       0x28 c:/mounriver/mounriver_studio/toolchain/risc-v embedded gcc/bin/../lib/gcc/riscv-none-embed/8.2.0/../../../../riscv-none-embed/lib/rv32imacxw/ilp32\libg_nano.a(lib_a-nano-vfprintf.o)
 .text.__sfputs_r
                0x000000000000254a       0x40 c:/mounriver/mounriver_studio/toolchain/risc-v embedded gcc/bin/../lib/gcc/riscv-none-embed/8.2.0/../../../../riscv-none-embed/lib/rv32imacxw/ilp32\libg_nano.a(lib_a-nano-vfprintf.o)
                0x000000000000254a                __sfputs_r
 .text._vfprintf_r
                0x000000000000258a      0x286 c:/mounriver/mounriver_studio/toolchain/risc-v embedded gcc/bin/../lib/gcc/riscv-none-embed/8.2.0/../../../../riscv-none-embed/lib/rv32imacxw/ilp32\libg_nano.a(lib_a-nano-vfprintf.o)
                0x000000000000258a                _vfprintf_r
                0x000000000000258a                _vfiprintf_r
 .text._printf_common
                0x0000000000002810      0x10c c:/mounriver/mounriver_studio/toolchain/risc-v embedded gcc/bin/../lib/gcc/riscv-none-embed/8.2.0/../../../../riscv-none-embed/lib/rv32imacxw/ilp32\libg_nano.a(lib_a-nano-vfprintf_i.o)
                0x0000000000002810                _printf_common
 .text._printf_i
                0x000000000000291c      0x2a2 c:/mounriver/mounriver_studio/toolchain/risc-v embedded gcc/bin/../lib/gcc/riscv-none-embed/8.2.0/../../../../riscv-none-embed/lib/rv32imacxw/ilp32\libg_nano.a(lib_a-nano-vfprintf_i.o)
                0x000000000000291c                _printf_i
 .text._sbrk_r  0x0000000000002bbe       0x2a c:/mounriver/mounriver_studio/toolchain/risc-v embedded gcc/bin/../lib/gcc/riscv-none-embed/8.2.0/../../../../riscv-none-embed/lib/rv32imacxw/ilp32\libg_nano.a(lib_a-sbrkr.o)
                0x0000000000002bbe                _sbrk_r
 .text.__sread  0x0000000000002be8       0x2c c:/mounriver/mounriver_studio/toolchain/risc-v embedded gcc/bin/../lib/gcc/riscv-none-embed/8.2.0/../../../../riscv-none-embed/lib/rv32imacxw/ilp32\libg_nano.a(lib_a-stdio.o)
                0x0000000000002be8                __sread
 .text.__swrite
                0x0000000000002c14       0x48 c:/mounriver/mounriver_studio/toolchain/risc-v embedded gcc/bin/../lib/gcc/riscv-none-embed/8.2.0/../../../../riscv-none-embed/lib/rv32imacxw/ilp32\libg_nano.a(lib_a-stdio.o)
                0x0000000000002c14                __swrite
 .text.__sseek  0x0000000000002c5c       0x30 c:/mounriver/mounriver_studio/toolchain/risc-v embedded gcc/bin/../lib/gcc/riscv-none-embed/8.2.0/../../../../riscv-none-embed/lib/rv32imacxw/ilp32\libg_nano.a(lib_a-stdio.o)
                0x0000000000002c5c                __sseek
 .text.__sclose
                0x0000000000002c8c        0x6 c:/mounriver/mounriver_studio/toolchain/risc-v embedded gcc/bin/../lib/gcc/riscv-none-embed/8.2.0/../../../../riscv-none-embed/lib/rv32imacxw/ilp32\libg_nano.a(lib_a-stdio.o)
                0x0000000000002c8c                __sclose
 .text.__ascii_wctomb
                0x0000000000002c92       0x1e c:/mounriver/mounriver_studio/toolchain/risc-v embedded gcc/bin/../lib/gcc/riscv-none-embed/8.2.0/../../../../riscv-none-embed/lib/rv32imacxw/ilp32\libg_nano.a(lib_a-wctomb_r.o)
                0x0000000000002c92                __ascii_wctomb
 .text._write_r
                0x0000000000002cb0       0x2e c:/mounriver/mounriver_studio/toolchain/risc-v embedded gcc/bin/../lib/gcc/riscv-none-embed/8.2.0/../../../../riscv-none-embed/lib/rv32imacxw/ilp32\libg_nano.a(lib_a-writer.o)
                0x0000000000002cb0                _write_r
 .text._close_r
                0x0000000000002cde       0x28 c:/mounriver/mounriver_studio/toolchain/risc-v embedded gcc/bin/../lib/gcc/riscv-none-embed/8.2.0/../../../../riscv-none-embed/lib/rv32imacxw/ilp32\libg_nano.a(lib_a-closer.o)
                0x0000000000002cde                _close_r
 .text._fstat_r
                0x0000000000002d06       0x2a c:/mounriver/mounriver_studio/toolchain/risc-v embedded gcc/bin/../lib/gcc/riscv-none-embed/8.2.0/../../../../riscv-none-embed/lib/rv32imacxw/ilp32\libg_nano.a(lib_a-fstatr.o)
                0x0000000000002d06                _fstat_r
 .text._isatty_r
                0x0000000000002d30       0x28 c:/mounriver/mounriver_studio/toolchain/risc-v embedded gcc/bin/../lib/gcc/riscv-none-embed/8.2.0/../../../../riscv-none-embed/lib/rv32imacxw/ilp32\libg_nano.a(lib_a-isattyr.o)
                0x0000000000002d30                _isatty_r
 .text._lseek_r
                0x0000000000002d58       0x2c c:/mounriver/mounriver_studio/toolchain/risc-v embedded gcc/bin/../lib/gcc/riscv-none-embed/8.2.0/../../../../riscv-none-embed/lib/rv32imacxw/ilp32\libg_nano.a(lib_a-lseekr.o)
                0x0000000000002d58                _lseek_r
 .text.memchr   0x0000000000002d84       0x18 c:/mounriver/mounriver_studio/toolchain/risc-v embedded gcc/bin/../lib/gcc/riscv-none-embed/8.2.0/../../../../riscv-none-embed/lib/rv32imacxw/ilp32\libg_nano.a(lib_a-memchr.o)
                0x0000000000002d84                memchr
 .text.__malloc_lock
                0x0000000000002d9c        0x2 c:/mounriver/mounriver_studio/toolchain/risc-v embedded gcc/bin/../lib/gcc/riscv-none-embed/8.2.0/../../../../riscv-none-embed/lib/rv32imacxw/ilp32\libg_nano.a(lib_a-mlock.o)
                0x0000000000002d9c                __malloc_lock
 .text.__malloc_unlock
                0x0000000000002d9e        0x2 c:/mounriver/mounriver_studio/toolchain/risc-v embedded gcc/bin/../lib/gcc/riscv-none-embed/8.2.0/../../../../riscv-none-embed/lib/rv32imacxw/ilp32\libg_nano.a(lib_a-mlock.o)
                0x0000000000002d9e                __malloc_unlock
 .text._read_r  0x0000000000002da0       0x2c c:/mounriver/mounriver_studio/toolchain/risc-v embedded gcc/bin/../lib/gcc/riscv-none-embed/8.2.0/../../../../riscv-none-embed/lib/rv32imacxw/ilp32\libg_nano.a(lib_a-readr.o)
                0x0000000000002da0                _read_r
 .text._close   0x0000000000002dcc        0xc c:/mounriver/mounriver_studio/toolchain/risc-v embedded gcc/bin/../lib/gcc/riscv-none-embed/8.2.0/../../../../riscv-none-embed/lib/rv32imacxw/ilp32\libnosys.a(close.o)
                0x0000000000002dcc                _close
 .text._fstat   0x0000000000002dd8        0xc c:/mounriver/mounriver_studio/toolchain/risc-v embedded gcc/bin/../lib/gcc/riscv-none-embed/8.2.0/../../../../riscv-none-embed/lib/rv32imacxw/ilp32\libnosys.a(fstat.o)
                0x0000000000002dd8                _fstat
 .text._isatty  0x0000000000002de4        0xc c:/mounriver/mounriver_studio/toolchain/risc-v embedded gcc/bin/../lib/gcc/riscv-none-embed/8.2.0/../../../../riscv-none-embed/lib/rv32imacxw/ilp32\libnosys.a(isatty.o)
                0x0000000000002de4                _isatty
 .text._lseek   0x0000000000002df0        0xc c:/mounriver/mounriver_studio/toolchain/risc-v embedded gcc/bin/../lib/gcc/riscv-none-embed/8.2.0/../../../../riscv-none-embed/lib/rv32imacxw/ilp32\libnosys.a(lseek.o)
                0x0000000000002df0                _lseek
 .text._read    0x0000000000002dfc        0xc c:/mounriver/mounriver_studio/toolchain/risc-v embedded gcc/bin/../lib/gcc/riscv-none-embed/8.2.0/../../../../riscv-none-embed/lib/rv32imacxw/ilp32\libnosys.a(read.o)
                0x0000000000002dfc                _read
 *(.rodata)
 *(.rodata*)
 .rodata.USBFS_IRQHandler
                0x0000000000002e08       0x30 ./usb/ch32x035_usbfs_device.o
 .rodata.MyCfgDescr
                0x0000000000002e38       0x43 ./usb/usb_desc.o
                0x0000000000002e38                MyCfgDescr
 *fill*         0x0000000000002e7b        0x1 
 .rodata.MyDevDescr
                0x0000000000002e7c       0x12 ./usb/usb_desc.o
                0x0000000000002e7c                MyDevDescr
 *fill*         0x0000000000002e8e        0x2 
 .rodata.MyManuInfo
                0x0000000000002e90        0xe ./usb/usb_desc.o
                0x0000000000002e90                MyManuInfo
 *fill*         0x0000000000002e9e        0x2 
 .rodata.MyProdInfo
                0x0000000000002ea0       0x16 ./usb/usb_desc.o
                0x0000000000002ea0                MyProdInfo
 *fill*         0x0000000000002eb6        0x2 
 .rodata.MySerNumInfo
                0x0000000000002eb8       0x16 ./usb/usb_desc.o
                0x0000000000002eb8                MySerNumInfo
 *fill*         0x0000000000002ece        0x2 
 .rodata.main.str1.4
                0x0000000000002ed0       0x2f ./User/main.o
 *fill*         0x0000000000002eff        0x1 
 .rodata.tbl_db_rel
                0x0000000000002f00       0x5c ./User/main.o
                0x0000000000002f00                tbl_db_rel
 .rodata.__utoa.str1.4
                0x0000000000002f5c       0x25 c:/mounriver/mounriver_studio/toolchain/risc-v embedded gcc/bin/../lib/gcc/riscv-none-embed/8.2.0/../../../../riscv-none-embed/lib/rv32imacxw/ilp32\libg_nano.a(lib_a-utoa.o)
 *fill*         0x0000000000002f81        0x3 
 .rodata.__sf_fake_stderr
                0x0000000000002f84       0x20 c:/mounriver/mounriver_studio/toolchain/risc-v embedded gcc/bin/../lib/gcc/riscv-none-embed/8.2.0/../../../../riscv-none-embed/lib/rv32imacxw/ilp32\libg_nano.a(lib_a-findfp.o)
                0x0000000000002f84                __sf_fake_stderr
 .rodata.__sf_fake_stdin
                0x0000000000002fa4       0x20 c:/mounriver/mounriver_studio/toolchain/risc-v embedded gcc/bin/../lib/gcc/riscv-none-embed/8.2.0/../../../../riscv-none-embed/lib/rv32imacxw/ilp32\libg_nano.a(lib_a-findfp.o)
                0x0000000000002fa4                __sf_fake_stdin
 .rodata.__sf_fake_stdout
                0x0000000000002fc4       0x20 c:/mounriver/mounriver_studio/toolchain/risc-v embedded gcc/bin/../lib/gcc/riscv-none-embed/8.2.0/../../../../riscv-none-embed/lib/rv32imacxw/ilp32\libg_nano.a(lib_a-findfp.o)
                0x0000000000002fc4                __sf_fake_stdout
 .rodata._setlocale_r.str1.4
                0x0000000000002fe4        0xa c:/mounriver/mounriver_studio/toolchain/risc-v embedded gcc/bin/../lib/gcc/riscv-none-embed/8.2.0/../../../../riscv-none-embed/lib/rv32imacxw/ilp32\libg_nano.a(lib_a-locale.o)
                                          0xd (size before relaxing)
 *fill*         0x0000000000002fee        0x2 
 .rodata.str1.4
                0x0000000000002ff0        0x2 c:/mounriver/mounriver_studio/toolchain/risc-v embedded gcc/bin/../lib/gcc/riscv-none-embed/8.2.0/../../../../riscv-none-embed/lib/rv32imacxw/ilp32\libg_nano.a(lib_a-locale.o)
 *fill*         0x0000000000002ff2        0x2 
 .rodata._vfprintf_r.str1.4
                0x0000000000002ff4       0x13 c:/mounriver/mounriver_studio/toolchain/risc-v embedded gcc/bin/../lib/gcc/riscv-none-embed/8.2.0/../../../../riscv-none-embed/lib/rv32imacxw/ilp32\libg_nano.a(lib_a-nano-vfprintf.o)
 *fill*         0x0000000000003007        0x1 
 .rodata._printf_i.str1.4
                0x0000000000003008       0x28 c:/mounriver/mounriver_studio/toolchain/risc-v embedded gcc/bin/../lib/gcc/riscv-none-embed/8.2.0/../../../../riscv-none-embed/lib/rv32imacxw/ilp32\libg_nano.a(lib_a-nano-vfprintf_i.o)
                                         0x25 (size before relaxing)
 .rodata._ctype_
                0x0000000000003030      0x101 c:/mounriver/mounriver_studio/toolchain/risc-v embedded gcc/bin/../lib/gcc/riscv-none-embed/8.2.0/../../../../riscv-none-embed/lib/rv32imacxw/ilp32\libg_nano.a(lib_a-ctype_.o)
                0x0000000000003030                _ctype_
 *(.gnu.linkonce.t.*)
                0x0000000000003134                . = ALIGN (0x4)
 *fill*         0x0000000000003131        0x3 

.rela.dyn       0x0000000000003134        0x0
 .rela.init     0x0000000000003134        0x0 ./usb/ch32x035_usbfs_device.o
 .rela.vector   0x0000000000003134        0x0 ./usb/ch32x035_usbfs_device.o
 .rela.text.handle_reset
                0x0000000000003134        0x0 ./usb/ch32x035_usbfs_device.o
 .rela.text._sbrk
                0x0000000000003134        0x0 ./usb/ch32x035_usbfs_device.o
 .rela.sdata.curbrk.4332
                0x0000000000003134        0x0 ./usb/ch32x035_usbfs_device.o
 .rela.text._vfprintf_r
                0x0000000000003134        0x0 ./usb/ch32x035_usbfs_device.o
 .rela.text._sbrk_r
                0x0000000000003134        0x0 ./usb/ch32x035_usbfs_device.o
 .rela.text._write_r
                0x0000000000003134        0x0 ./usb/ch32x035_usbfs_device.o
 .rela.text._close_r
                0x0000000000003134        0x0 ./usb/ch32x035_usbfs_device.o
 .rela.text._fstat_r
                0x0000000000003134        0x0 ./usb/ch32x035_usbfs_device.o
 .rela.text._isatty_r
                0x0000000000003134        0x0 ./usb/ch32x035_usbfs_device.o
 .rela.text._lseek_r
                0x0000000000003134        0x0 ./usb/ch32x035_usbfs_device.o
 .rela.text._read_r
                0x0000000000003134        0x0 ./usb/ch32x035_usbfs_device.o
 .rela.text._close
                0x0000000000003134        0x0 ./usb/ch32x035_usbfs_device.o
 .rela.text._fstat
                0x0000000000003134        0x0 ./usb/ch32x035_usbfs_device.o
 .rela.text._isatty
                0x0000000000003134        0x0 ./usb/ch32x035_usbfs_device.o
 .rela.text._lseek
                0x0000000000003134        0x0 ./usb/ch32x035_usbfs_device.o
 .rela.text._read
                0x0000000000003134        0x0 ./usb/ch32x035_usbfs_device.o

.fini           0x0000000000003134        0x0
 *(SORT_NONE(.fini))
                0x0000000000003134                . = ALIGN (0x4)
                [!provide]                        PROVIDE (_etext = .)
                [!provide]                        PROVIDE (_eitcm = .)

.preinit_array  0x0000000000003134        0x0
                [!provide]                        PROVIDE (__preinit_array_start = .)
 *(.preinit_array)
                [!provide]                        PROVIDE (__preinit_array_end = .)

.init_array     0x0000000000003134        0x0
                [!provide]                        PROVIDE (__init_array_start = .)
 *(SORT_BY_INIT_PRIORITY(.init_array.*) SORT_BY_INIT_PRIORITY(.ctors.*))
 *(.init_array EXCLUDE_FILE(*crtend?.o *crtend.o *crtbegin?.o *crtbegin.o) .ctors)
                [!provide]                        PROVIDE (__init_array_end = .)

.fini_array     0x0000000000003134        0x0
                [!provide]                        PROVIDE (__fini_array_start = .)
 *(SORT_BY_INIT_PRIORITY(.fini_array.*) SORT_BY_INIT_PRIORITY(.dtors.*))
 *(.fini_array EXCLUDE_FILE(*crtend?.o *crtend.o *crtbegin?.o *crtbegin.o) .dtors)
                [!provide]                        PROVIDE (__fini_array_end = .)

.ctors
 *crtbegin.o(.ctors)
 *crtbegin?.o(.ctors)
 *(EXCLUDE_FILE(*crtend?.o *crtend.o) .ctors)
 *(SORT_BY_NAME(.ctors.*))
 *(.ctors)

.dtors
 *crtbegin.o(.dtors)
 *crtbegin?.o(.dtors)
 *(EXCLUDE_FILE(*crtend?.o *crtend.o) .dtors)
 *(SORT_BY_NAME(.dtors.*))
 *(.dtors)

.dalign         0x0000000020000000        0x0 load address 0x0000000000003134
                0x0000000020000000                . = ALIGN (0x4)
                0x0000000020000000                PROVIDE (_data_vma = .)

.dlalign        0x0000000000003134        0x0
                0x0000000000003134                . = ALIGN (0x4)
                0x0000000000003134                PROVIDE (_data_lma = .)

.data           0x0000000020000000      0x210 load address 0x0000000000003134
 *(.gnu.linkonce.r.*)
 *(.data .data.*)
 .data.AHBPrescTable
                0x0000000020000000       0x10 ./User/system_ch32x035.o
                0x0000000020000000                AHBPrescTable
 .data.APBAHBPrescTable
                0x0000000020000010       0x10 ./Peripheral/src/ch32x035_rcc.o
 .data.impure_data
                0x0000000020000020       0x60 c:/mounriver/mounriver_studio/toolchain/risc-v embedded gcc/bin/../lib/gcc/riscv-none-embed/8.2.0/../../../../riscv-none-embed/lib/rv32imacxw/ilp32\libg_nano.a(lib_a-impure.o)
 .data.__global_locale
                0x0000000020000080      0x16c c:/mounriver/mounriver_studio/toolchain/risc-v embedded gcc/bin/../lib/gcc/riscv-none-embed/8.2.0/../../../../riscv-none-embed/lib/rv32imacxw/ilp32\libg_nano.a(lib_a-locale.o)
                0x0000000020000080                __global_locale
 *(.gnu.linkonce.d.*)
                0x00000000200001f0                . = ALIGN (0x8)
 *fill*         0x00000000200001ec        0x4 
                0x00000000200009f0                PROVIDE (__global_pointer$ = (. + 0x800))
 *(.sdata .sdata.*)
 .sdata.SystemCoreClock
                0x00000000200001f0        0x4 ./User/system_ch32x035.o
                0x00000000200001f0                SystemCoreClock
 .sdata.CFGHR_tmpA
                0x00000000200001f4        0x4 ./Peripheral/src/ch32x035_gpio.o
                0x00000000200001f4                CFGHR_tmpA
 .sdata.CFGHR_tmpB
                0x00000000200001f8        0x4 ./Peripheral/src/ch32x035_gpio.o
                0x00000000200001f8                CFGHR_tmpB
 .sdata.CFGHR_tmpC
                0x00000000200001fc        0x4 ./Peripheral/src/ch32x035_gpio.o
                0x00000000200001fc                CFGHR_tmpC
 .sdata.curbrk.4332
                0x0000000020000200        0x4 ./Debug/debug.o
 .sdata._impure_ptr
                0x0000000020000204        0x4 c:/mounriver/mounriver_studio/toolchain/risc-v embedded gcc/bin/../lib/gcc/riscv-none-embed/8.2.0/../../../../riscv-none-embed/lib/rv32imacxw/ilp32\libg_nano.a(lib_a-impure.o)
                0x0000000020000204                _impure_ptr
 *(.sdata2.*)
 .sdata2.MyLangDescr
                0x0000000020000208        0x4 ./usb/usb_desc.o
                0x0000000020000208                MyLangDescr
 .sdata2._global_impure_ptr
                0x000000002000020c        0x4 c:/mounriver/mounriver_studio/toolchain/risc-v embedded gcc/bin/../lib/gcc/riscv-none-embed/8.2.0/../../../../riscv-none-embed/lib/rv32imacxw/ilp32\libg_nano.a(lib_a-impure.o)
                0x000000002000020c                _global_impure_ptr
 *(.gnu.linkonce.s.*)
                0x0000000020000210                . = ALIGN (0x8)
 *(.srodata.cst16)
 *(.srodata.cst8)
 *(.srodata.cst4)
 *(.srodata.cst2)
 *(.srodata .srodata.*)
                0x0000000020000210                . = ALIGN (0x4)
                0x0000000020000210                PROVIDE (_edata = .)

.bss            0x0000000020000210      0xdc4 load address 0x0000000000003344
                0x0000000020000210                . = ALIGN (0x4)
                0x0000000020000210                PROVIDE (_sbss = .)
 *(.sbss*)
 .sbss.Com_Cfg  0x0000000020000210        0x8 ./usb/ch32x035_usbfs_device.o
                0x0000000020000210                Com_Cfg
 .sbss.USBFS_DevAddr
                0x0000000020000218        0x1 ./usb/ch32x035_usbfs_device.o
                0x0000000020000218                USBFS_DevAddr
 .sbss.USBFS_DevConfig
                0x0000000020000219        0x1 ./usb/ch32x035_usbfs_device.o
                0x0000000020000219                USBFS_DevConfig
 .sbss.USBFS_DevEnumStatus
                0x000000002000021a        0x1 ./usb/ch32x035_usbfs_device.o
                0x000000002000021a                USBFS_DevEnumStatus
 .sbss.USBFS_DevSleepStatus
                0x000000002000021b        0x1 ./usb/ch32x035_usbfs_device.o
                0x000000002000021b                USBFS_DevSleepStatus
 .sbss.USBFS_Endp_Busy
                0x000000002000021c        0x8 ./usb/ch32x035_usbfs_device.o
                0x000000002000021c                USBFS_Endp_Busy
 .sbss.USBFS_SetupReqCode
                0x0000000020000224        0x1 ./usb/ch32x035_usbfs_device.o
                0x0000000020000224                USBFS_SetupReqCode
 *fill*         0x0000000020000225        0x1 
 .sbss.USBFS_SetupReqIndex
                0x0000000020000226        0x2 ./usb/ch32x035_usbfs_device.o
                0x0000000020000226                USBFS_SetupReqIndex
 .sbss.USBFS_SetupReqLen
                0x0000000020000228        0x2 ./usb/ch32x035_usbfs_device.o
                0x0000000020000228                USBFS_SetupReqLen
 .sbss.USBFS_SetupReqType
                0x000000002000022a        0x1 ./usb/ch32x035_usbfs_device.o
                0x000000002000022a                USBFS_SetupReqType
 *fill*         0x000000002000022b        0x1 
 .sbss.USBFS_SetupReqValue
                0x000000002000022c        0x2 ./usb/ch32x035_usbfs_device.o
                0x000000002000022c                USBFS_SetupReqValue
 .sbss.ok_tst   0x000000002000022e        0x1 ./usb/ch32x035_usbfs_device.o
                0x000000002000022e                ok_tst
 *fill*         0x000000002000022f        0x1 
 .sbss.pUSBFS_Descr
                0x0000000020000230        0x4 ./usb/ch32x035_usbfs_device.o
                0x0000000020000230                pUSBFS_Descr
 .sbss.tst      0x0000000020000234        0x1 ./usb/ch32x035_usbfs_device.o
                0x0000000020000234                tst
 .sbss.USB_Down_StopFlag
                0x0000000020000235        0x1 ./User/main.o
                0x0000000020000235                USB_Down_StopFlag
 .sbss.USB_Rx_DealNum
                0x0000000020000236        0x2 ./User/main.o
                0x0000000020000236                USB_Rx_DealNum
 .sbss.USB_Rx_LoadNum
                0x0000000020000238        0x2 ./User/main.o
                0x0000000020000238                USB_Rx_LoadNum
 .sbss.USB_Rx_RemainNum
                0x000000002000023a        0x2 ./User/main.o
                0x000000002000023a                USB_Rx_RemainNum
 .sbss.cur_cnt  0x000000002000023c        0x1 ./User/main.o
                0x000000002000023c                cur_cnt
 .sbss.usb_rx_len
                0x000000002000023d        0x1 ./User/main.o
                0x000000002000023d                usb_rx_len
 *fill*         0x000000002000023e        0x2 
 .sbss.NVIC_Priority_Group
                0x0000000020000240        0x4 ./Peripheral/src/ch32x035_misc.o
                0x0000000020000240                NVIC_Priority_Group
 .sbss.p_ms     0x0000000020000244        0x2 ./Debug/debug.o
 .sbss.p_us     0x0000000020000246        0x1 ./Debug/debug.o
 *fill*         0x0000000020000247        0x1 
 .sbss.__malloc_free_list
                0x0000000020000248        0x4 c:/mounriver/mounriver_studio/toolchain/risc-v embedded gcc/bin/../lib/gcc/riscv-none-embed/8.2.0/../../../../riscv-none-embed/lib/rv32imacxw/ilp32\libg_nano.a(lib_a-nano-mallocr.o)
                0x0000000020000248                __malloc_free_list
 .sbss.__malloc_sbrk_start
                0x000000002000024c        0x4 c:/mounriver/mounriver_studio/toolchain/risc-v embedded gcc/bin/../lib/gcc/riscv-none-embed/8.2.0/../../../../riscv-none-embed/lib/rv32imacxw/ilp32\libg_nano.a(lib_a-nano-mallocr.o)
                0x000000002000024c                __malloc_sbrk_start
 *(.gnu.linkonce.sb.*)
 *(.bss*)
 .bss.USBFS_EP0_4Buf
                0x0000000020000250       0x40 ./usb/ch32x035_usbfs_device.o
                0x0000000020000250                USBFS_EP0_4Buf
 .bss.USBFS_EP1_Buf
                0x0000000020000290       0x40 ./usb/ch32x035_usbfs_device.o
                0x0000000020000290                USBFS_EP1_Buf
 .bss.USBFS_EP3_Buf
                0x00000000200002d0       0x40 ./usb/ch32x035_usbfs_device.o
                0x00000000200002d0                USBFS_EP3_Buf
 .bss.USB_Rx_Buf
                0x0000000020000310      0x400 ./User/main.o
                0x0000000020000310                USB_Rx_Buf
 .bss.USB_Rx_PackLen
                0x0000000020000710       0x20 ./User/main.o
                0x0000000020000710                USB_Rx_PackLen
 .bss.USB_Tx_Buf
                0x0000000020000730      0x800 ./User/main.o
                0x0000000020000730                USB_Tx_Buf
 .bss.in_buf    0x0000000020000f30       0x20 ./User/main.o
                0x0000000020000f30                in_buf
 .bss.usb_rx_b  0x0000000020000f50       0x40 ./User/main.o
                0x0000000020000f50                usb_rx_b
 .bss.usb_tx_b  0x0000000020000f90       0x40 ./User/main.o
                0x0000000020000f90                usb_tx_b
 *(.gnu.linkonce.b.*)
 *(COMMON*)
 COMMON         0x0000000020000fd0        0x4 c:/mounriver/mounriver_studio/toolchain/risc-v embedded gcc/bin/../lib/gcc/riscv-none-embed/8.2.0/../../../../riscv-none-embed/lib/rv32imacxw/ilp32\libg_nano.a(lib_a-reent.o)
                0x0000000020000fd0                errno
                0x0000000020000fd4                . = ALIGN (0x4)
                0x0000000020000fd4                PROVIDE (_ebss = .)
                0x0000000020000fd4                PROVIDE (_end = _ebss)
                [!provide]                        PROVIDE (end = .)

.stack          0x0000000020004800      0x800
                0x0000000020004800                PROVIDE (_heap_end = .)
                0x0000000020004800                . = ALIGN (0x4)
                [!provide]                        PROVIDE (_susrstack = .)
                0x0000000020005000                . = (. + __stack_size)
 *fill*         0x0000000020004800      0x800 
                0x0000000020005000                PROVIDE (_eusrstack = .)
OUTPUT(aatt2b.elf elf32-littleriscv)

.debug_info     0x0000000000000000     0xe677
 .debug_info    0x0000000000000000     0x1978 ./usb/ch32x035_usbfs_device.o
 .debug_info    0x0000000000001978      0x9ff ./usb/usb_desc.o
 .debug_info    0x0000000000002377     0x16eb ./brd/aatt2_brd.o
 .debug_info    0x0000000000003a62      0xbc0 ./User/ch32x035_it.o
 .debug_info    0x0000000000004622     0x18a6 ./User/main.o
 .debug_info    0x0000000000005ec8      0xb56 ./User/system_ch32x035.o
 .debug_info    0x0000000000006a1e       0x22 ./Startup/startup_ch32x035.o
 .debug_info    0x0000000000006a40      0xa94 ./Peripheral/src/ch32x035_dbgmcu.o
 .debug_info    0x00000000000074d4     0x11c9 ./Peripheral/src/ch32x035_gpio.o
 .debug_info    0x000000000000869d     0x140a ./Peripheral/src/ch32x035_i2c.o
 .debug_info    0x0000000000009aa7      0xe36 ./Peripheral/src/ch32x035_misc.o
 .debug_info    0x000000000000a8dd      0xeae ./Peripheral/src/ch32x035_pwr.o
 .debug_info    0x000000000000b78b      0xd8f ./Peripheral/src/ch32x035_rcc.o
 .debug_info    0x000000000000c51a     0x1333 ./Peripheral/src/ch32x035_usart.o
 .debug_info    0x000000000000d84d      0xe2a ./Debug/debug.o

.debug_abbrev   0x0000000000000000     0x2ae3
 .debug_abbrev  0x0000000000000000      0x3de ./usb/ch32x035_usbfs_device.o
 .debug_abbrev  0x00000000000003de      0x1c5 ./usb/usb_desc.o
 .debug_abbrev  0x00000000000005a3      0x35f ./brd/aatt2_brd.o
 .debug_abbrev  0x0000000000000902      0x22c ./User/ch32x035_it.o
 .debug_abbrev  0x0000000000000b2e      0x436 ./User/main.o
 .debug_abbrev  0x0000000000000f64      0x258 ./User/system_ch32x035.o
 .debug_abbrev  0x00000000000011bc       0x12 ./Startup/startup_ch32x035.o
 .debug_abbrev  0x00000000000011ce      0x2f7 ./Peripheral/src/ch32x035_dbgmcu.o
 .debug_abbrev  0x00000000000014c5      0x34b ./Peripheral/src/ch32x035_gpio.o
 .debug_abbrev  0x0000000000001810      0x38b ./Peripheral/src/ch32x035_i2c.o
 .debug_abbrev  0x0000000000001b9b      0x2ea ./Peripheral/src/ch32x035_misc.o
 .debug_abbrev  0x0000000000001e85      0x344 ./Peripheral/src/ch32x035_pwr.o
 .debug_abbrev  0x00000000000021c9      0x326 ./Peripheral/src/ch32x035_rcc.o
 .debug_abbrev  0x00000000000024ef      0x312 ./Peripheral/src/ch32x035_usart.o
 .debug_abbrev  0x0000000000002801      0x2e2 ./Debug/debug.o

.debug_loc      0x0000000000000000     0x26a8
 .debug_loc     0x0000000000000000      0x4f7 ./usb/ch32x035_usbfs_device.o
 .debug_loc     0x00000000000004f7      0x1b8 ./brd/aatt2_brd.o
 .debug_loc     0x00000000000006af      0x292 ./User/main.o
 .debug_loc     0x0000000000000941       0x1f ./User/system_ch32x035.o
 .debug_loc     0x0000000000000960       0x6e ./Peripheral/src/ch32x035_dbgmcu.o
 .debug_loc     0x00000000000009ce      0x863 ./Peripheral/src/ch32x035_gpio.o
 .debug_loc     0x0000000000001231      0x75e ./Peripheral/src/ch32x035_i2c.o
 .debug_loc     0x000000000000198f       0x2d ./Peripheral/src/ch32x035_misc.o
 .debug_loc     0x00000000000019bc      0x11e ./Peripheral/src/ch32x035_pwr.o
 .debug_loc     0x0000000000001ada      0x34e ./Peripheral/src/ch32x035_rcc.o
 .debug_loc     0x0000000000001e28      0x715 ./Peripheral/src/ch32x035_usart.o
 .debug_loc     0x000000000000253d      0x16b ./Debug/debug.o

.debug_aranges  0x0000000000000000      0x5e8
 .debug_aranges
                0x0000000000000000       0x48 ./usb/ch32x035_usbfs_device.o
 .debug_aranges
                0x0000000000000048       0x18 ./usb/usb_desc.o
 .debug_aranges
                0x0000000000000060       0xa0 ./brd/aatt2_brd.o
 .debug_aranges
                0x0000000000000100       0x28 ./User/ch32x035_it.o
 .debug_aranges
                0x0000000000000128       0x50 ./User/main.o
 .debug_aranges
                0x0000000000000178       0x28 ./User/system_ch32x035.o
 .debug_aranges
                0x00000000000001a0       0x30 ./Startup/startup_ch32x035.o
 .debug_aranges
                0x00000000000001d0       0x48 ./Peripheral/src/ch32x035_dbgmcu.o
 .debug_aranges
                0x0000000000000218       0x98 ./Peripheral/src/ch32x035_gpio.o
 .debug_aranges
                0x00000000000002b0      0x108 ./Peripheral/src/ch32x035_i2c.o
 .debug_aranges
                0x00000000000003b8       0x28 ./Peripheral/src/ch32x035_misc.o
 .debug_aranges
                0x00000000000003e0       0x48 ./Peripheral/src/ch32x035_pwr.o
 .debug_aranges
                0x0000000000000428       0x80 ./Peripheral/src/ch32x035_rcc.o
 .debug_aranges
                0x00000000000004a8       0xf0 ./Peripheral/src/ch32x035_usart.o
 .debug_aranges
                0x0000000000000598       0x50 ./Debug/debug.o

.debug_ranges   0x0000000000000000      0x688
 .debug_ranges  0x0000000000000000       0x88 ./usb/ch32x035_usbfs_device.o
 .debug_ranges  0x0000000000000088       0x90 ./brd/aatt2_brd.o
 .debug_ranges  0x0000000000000118       0x18 ./User/ch32x035_it.o
 .debug_ranges  0x0000000000000130       0xf8 ./User/main.o
 .debug_ranges  0x0000000000000228       0x18 ./User/system_ch32x035.o
 .debug_ranges  0x0000000000000240       0x28 ./Startup/startup_ch32x035.o
 .debug_ranges  0x0000000000000268       0x50 ./Peripheral/src/ch32x035_dbgmcu.o
 .debug_ranges  0x00000000000002b8       0x88 ./Peripheral/src/ch32x035_gpio.o
 .debug_ranges  0x0000000000000340       0xf8 ./Peripheral/src/ch32x035_i2c.o
 .debug_ranges  0x0000000000000438       0x48 ./Peripheral/src/ch32x035_misc.o
 .debug_ranges  0x0000000000000480       0x78 ./Peripheral/src/ch32x035_pwr.o
 .debug_ranges  0x00000000000004f8       0x70 ./Peripheral/src/ch32x035_rcc.o
 .debug_ranges  0x0000000000000568       0xe0 ./Peripheral/src/ch32x035_usart.o
 .debug_ranges  0x0000000000000648       0x40 ./Debug/debug.o

.debug_line     0x0000000000000000     0x8874
 .debug_line    0x0000000000000000     0x1a68 ./usb/ch32x035_usbfs_device.o
 .debug_line    0x0000000000001a68      0x1ec ./usb/usb_desc.o
 .debug_line    0x0000000000001c54      0xed4 ./brd/aatt2_brd.o
 .debug_line    0x0000000000002b28      0x292 ./User/ch32x035_it.o
 .debug_line    0x0000000000002dba      0x9a8 ./User/main.o
 .debug_line    0x0000000000003762      0x372 ./User/system_ch32x035.o
 .debug_line    0x0000000000003ad4      0x11e ./Startup/startup_ch32x035.o
 .debug_line    0x0000000000003bf2      0x36b ./Peripheral/src/ch32x035_dbgmcu.o
 .debug_line    0x0000000000003f5d     0x1266 ./Peripheral/src/ch32x035_gpio.o
 .debug_line    0x00000000000051c3     0x1053 ./Peripheral/src/ch32x035_i2c.o
 .debug_line    0x0000000000006216      0x3c0 ./Peripheral/src/ch32x035_misc.o
 .debug_line    0x00000000000065d6      0x5d0 ./Peripheral/src/ch32x035_pwr.o
 .debug_line    0x0000000000006ba6      0x7a9 ./Peripheral/src/ch32x035_rcc.o
 .debug_line    0x000000000000734f      0xe59 ./Peripheral/src/ch32x035_usart.o
 .debug_line    0x00000000000081a8      0x6cc ./Debug/debug.o

.debug_str      0x0000000000000000     0x21de
 .debug_str     0x0000000000000000      0xf00 ./usb/ch32x035_usbfs_device.o
                                        0xf90 (size before relaxing)
 .debug_str     0x0000000000000f00       0x12 ./usb/usb_desc.o
                                        0x5de (size before relaxing)
 .debug_str     0x0000000000000f12      0x272 ./brd/aatt2_brd.o
                                        0xa81 (size before relaxing)
 .debug_str     0x0000000000001184       0x45 ./User/ch32x035_it.o
                                        0x678 (size before relaxing)
 .debug_str     0x00000000000011c9      0x291 ./User/main.o
                                        0xf24 (size before relaxing)
 .debug_str     0x000000000000145a       0xc7 ./User/system_ch32x035.o
                                        0x6a7 (size before relaxing)
 .debug_str     0x0000000000001521       0x2a ./Startup/startup_ch32x035.o
                                         0x59 (size before relaxing)
 .debug_str     0x000000000000154b       0x87 ./Peripheral/src/ch32x035_dbgmcu.o
                                        0x639 (size before relaxing)
 .debug_str     0x00000000000015d2      0x1da ./Peripheral/src/ch32x035_gpio.o
                                        0x93f (size before relaxing)
 .debug_str     0x00000000000017ac      0x304 ./Peripheral/src/ch32x035_i2c.o
                                        0xa94 (size before relaxing)
 .debug_str     0x0000000000001ab0       0xee ./Peripheral/src/ch32x035_misc.o
                                        0xa04 (size before relaxing)
 .debug_str     0x0000000000001b9e       0xb9 ./Peripheral/src/ch32x035_pwr.o
                                        0x7be (size before relaxing)
 .debug_str     0x0000000000001c57      0x11c ./Peripheral/src/ch32x035_rcc.o
                                        0x843 (size before relaxing)
 .debug_str     0x0000000000001d73      0x3e3 ./Peripheral/src/ch32x035_usart.o
                                        0xacc (size before relaxing)
 .debug_str     0x0000000000002156       0x88 ./Debug/debug.o
                                        0x7de (size before relaxing)

.comment        0x0000000000000000       0x33
 .comment       0x0000000000000000       0x33 ./usb/ch32x035_usbfs_device.o
                                         0x34 (size before relaxing)
 .comment       0x0000000000000033       0x34 ./usb/usb_desc.o
 .comment       0x0000000000000033       0x34 ./brd/aatt2_brd.o
 .comment       0x0000000000000033       0x34 ./User/ch32x035_it.o
 .comment       0x0000000000000033       0x34 ./User/main.o
 .comment       0x0000000000000033       0x34 ./User/system_ch32x035.o
 .comment       0x0000000000000033       0x34 ./Peripheral/src/ch32x035_dbgmcu.o
 .comment       0x0000000000000033       0x34 ./Peripheral/src/ch32x035_gpio.o
 .comment       0x0000000000000033       0x34 ./Peripheral/src/ch32x035_i2c.o
 .comment       0x0000000000000033       0x34 ./Peripheral/src/ch32x035_misc.o
 .comment       0x0000000000000033       0x34 ./Peripheral/src/ch32x035_pwr.o
 .comment       0x0000000000000033       0x34 ./Peripheral/src/ch32x035_rcc.o
 .comment       0x0000000000000033       0x34 ./Peripheral/src/ch32x035_usart.o
 .comment       0x0000000000000033       0x34 ./Debug/debug.o

.debug_frame    0x0000000000000000     0x17f8
 .debug_frame   0x0000000000000000       0xf4 ./usb/ch32x035_usbfs_device.o
 .debug_frame   0x00000000000000f4      0x214 ./brd/aatt2_brd.o
 .debug_frame   0x0000000000000308       0x30 ./User/ch32x035_it.o
 .debug_frame   0x0000000000000338       0xd4 ./User/main.o
 .debug_frame   0x000000000000040c       0x30 ./User/system_ch32x035.o
 .debug_frame   0x000000000000043c       0x70 ./Peripheral/src/ch32x035_dbgmcu.o
 .debug_frame   0x00000000000004ac      0x140 ./Peripheral/src/ch32x035_gpio.o
 .debug_frame   0x00000000000005ec      0x254 ./Peripheral/src/ch32x035_i2c.o
 .debug_frame   0x0000000000000840       0x30 ./Peripheral/src/ch32x035_misc.o
 .debug_frame   0x0000000000000870       0x8c ./Peripheral/src/ch32x035_pwr.o
 .debug_frame   0x00000000000008fc       0xfc ./Peripheral/src/ch32x035_rcc.o
 .debug_frame   0x00000000000009f8      0x1e4 ./Peripheral/src/ch32x035_usart.o
 .debug_frame   0x0000000000000bdc       0xb8 ./Debug/debug.o
 .debug_frame   0x0000000000000c94       0x30 c:/mounriver/mounriver_studio/toolchain/risc-v embedded gcc/bin/../lib/gcc/riscv-none-embed/8.2.0/../../../../riscv-none-embed/lib/rv32imacxw/ilp32\libg_nano.a(lib_a-atoi.o)
 .debug_frame   0x0000000000000cc4       0x44 c:/mounriver/mounriver_studio/toolchain/risc-v embedded gcc/bin/../lib/gcc/riscv-none-embed/8.2.0/../../../../riscv-none-embed/lib/rv32imacxw/ilp32\libg_nano.a(lib_a-itoa.o)
 .debug_frame   0x0000000000000d08       0x20 c:/mounriver/mounriver_studio/toolchain/risc-v embedded gcc/bin/../lib/gcc/riscv-none-embed/8.2.0/../../../../riscv-none-embed/lib/rv32imacxw/ilp32\libg_nano.a(lib_a-memcpy.o)
 .debug_frame   0x0000000000000d28       0x54 c:/mounriver/mounriver_studio/toolchain/risc-v embedded gcc/bin/../lib/gcc/riscv-none-embed/8.2.0/../../../../riscv-none-embed/lib/rv32imacxw/ilp32\libg_nano.a(lib_a-printf.o)
 .debug_frame   0x0000000000000d7c       0x54 c:/mounriver/mounriver_studio/toolchain/risc-v embedded gcc/bin/../lib/gcc/riscv-none-embed/8.2.0/../../../../riscv-none-embed/lib/rv32imacxw/ilp32\libg_nano.a(lib_a-puts.o)
 .debug_frame   0x0000000000000dd0       0x20 c:/mounriver/mounriver_studio/toolchain/risc-v embedded gcc/bin/../lib/gcc/riscv-none-embed/8.2.0/../../../../riscv-none-embed/lib/rv32imacxw/ilp32\libg_nano.a(lib_a-strlen.o)
 .debug_frame   0x0000000000000df0       0x70 c:/mounriver/mounriver_studio/toolchain/risc-v embedded gcc/bin/../lib/gcc/riscv-none-embed/8.2.0/../../../../riscv-none-embed/lib/rv32imacxw/ilp32\libg_nano.a(lib_a-strtol.o)
 .debug_frame   0x0000000000000e60       0x4c c:/mounriver/mounriver_studio/toolchain/risc-v embedded gcc/bin/../lib/gcc/riscv-none-embed/8.2.0/../../../../riscv-none-embed/lib/rv32imacxw/ilp32\libg_nano.a(lib_a-utoa.o)
 .debug_frame   0x0000000000000eac       0x50 c:/mounriver/mounriver_studio/toolchain/risc-v embedded gcc/bin/../lib/gcc/riscv-none-embed/8.2.0/../../../../riscv-none-embed/lib/rv32imacxw/ilp32\libg_nano.a(lib_a-wbuf.o)
 .debug_frame   0x0000000000000efc       0x3c c:/mounriver/mounriver_studio/toolchain/risc-v embedded gcc/bin/../lib/gcc/riscv-none-embed/8.2.0/../../../../riscv-none-embed/lib/rv32imacxw/ilp32\libg_nano.a(lib_a-wsetup.o)
 .debug_frame   0x0000000000000f38       0x7c c:/mounriver/mounriver_studio/toolchain/risc-v embedded gcc/bin/../lib/gcc/riscv-none-embed/8.2.0/../../../../riscv-none-embed/lib/rv32imacxw/ilp32\libg_nano.a(lib_a-fflush.o)
 .debug_frame   0x0000000000000fb4      0x148 c:/mounriver/mounriver_studio/toolchain/risc-v embedded gcc/bin/../lib/gcc/riscv-none-embed/8.2.0/../../../../riscv-none-embed/lib/rv32imacxw/ilp32\libg_nano.a(lib_a-findfp.o)
 .debug_frame   0x00000000000010fc       0x88 c:/mounriver/mounriver_studio/toolchain/risc-v embedded gcc/bin/../lib/gcc/riscv-none-embed/8.2.0/../../../../riscv-none-embed/lib/rv32imacxw/ilp32\libg_nano.a(lib_a-fwalk.o)
 .debug_frame   0x0000000000001184       0x78 c:/mounriver/mounriver_studio/toolchain/risc-v embedded gcc/bin/../lib/gcc/riscv-none-embed/8.2.0/../../../../riscv-none-embed/lib/rv32imacxw/ilp32\libg_nano.a(lib_a-locale.o)
 .debug_frame   0x00000000000011fc       0x64 c:/mounriver/mounriver_studio/toolchain/risc-v embedded gcc/bin/../lib/gcc/riscv-none-embed/8.2.0/../../../../riscv-none-embed/lib/rv32imacxw/ilp32\libg_nano.a(lib_a-makebuf.o)
 .debug_frame   0x0000000000001260       0x38 c:/mounriver/mounriver_studio/toolchain/risc-v embedded gcc/bin/../lib/gcc/riscv-none-embed/8.2.0/../../../../riscv-none-embed/lib/rv32imacxw/ilp32\libg_nano.a(lib_a-mbtowc_r.o)
 .debug_frame   0x0000000000001298       0x40 c:/mounriver/mounriver_studio/toolchain/risc-v embedded gcc/bin/../lib/gcc/riscv-none-embed/8.2.0/../../../../riscv-none-embed/lib/rv32imacxw/ilp32\libg_nano.a(lib_a-nano-freer.o)
 .debug_frame   0x00000000000012d8       0x40 c:/mounriver/mounriver_studio/toolchain/risc-v embedded gcc/bin/../lib/gcc/riscv-none-embed/8.2.0/../../../../riscv-none-embed/lib/rv32imacxw/ilp32\libg_nano.a(lib_a-nano-mallocr.o)
 .debug_frame   0x0000000000001318       0xd0 c:/mounriver/mounriver_studio/toolchain/risc-v embedded gcc/bin/../lib/gcc/riscv-none-embed/8.2.0/../../../../riscv-none-embed/lib/rv32imacxw/ilp32\libg_nano.a(lib_a-nano-vfprintf.o)
 .debug_frame   0x00000000000013e8       0x8c c:/mounriver/mounriver_studio/toolchain/risc-v embedded gcc/bin/../lib/gcc/riscv-none-embed/8.2.0/../../../../riscv-none-embed/lib/rv32imacxw/ilp32\libg_nano.a(lib_a-nano-vfprintf_i.o)
 .debug_frame   0x0000000000001474       0x30 c:/mounriver/mounriver_studio/toolchain/risc-v embedded gcc/bin/../lib/gcc/riscv-none-embed/8.2.0/../../../../riscv-none-embed/lib/rv32imacxw/ilp32\libg_nano.a(lib_a-sbrkr.o)
 .debug_frame   0x00000000000014a4       0xa4 c:/mounriver/mounriver_studio/toolchain/risc-v embedded gcc/bin/../lib/gcc/riscv-none-embed/8.2.0/../../../../riscv-none-embed/lib/rv32imacxw/ilp32\libg_nano.a(lib_a-stdio.o)
 .debug_frame   0x0000000000001548       0x30 c:/mounriver/mounriver_studio/toolchain/risc-v embedded gcc/bin/../lib/gcc/riscv-none-embed/8.2.0/../../../../riscv-none-embed/lib/rv32imacxw/ilp32\libg_nano.a(lib_a-wctomb_r.o)
 .debug_frame   0x0000000000001578       0x30 c:/mounriver/mounriver_studio/toolchain/risc-v embedded gcc/bin/../lib/gcc/riscv-none-embed/8.2.0/../../../../riscv-none-embed/lib/rv32imacxw/ilp32\libg_nano.a(lib_a-writer.o)
 .debug_frame   0x00000000000015a8       0x30 c:/mounriver/mounriver_studio/toolchain/risc-v embedded gcc/bin/../lib/gcc/riscv-none-embed/8.2.0/../../../../riscv-none-embed/lib/rv32imacxw/ilp32\libg_nano.a(lib_a-closer.o)
 .debug_frame   0x00000000000015d8       0x30 c:/mounriver/mounriver_studio/toolchain/risc-v embedded gcc/bin/../lib/gcc/riscv-none-embed/8.2.0/../../../../riscv-none-embed/lib/rv32imacxw/ilp32\libg_nano.a(lib_a-fstatr.o)
 .debug_frame   0x0000000000001608       0x30 c:/mounriver/mounriver_studio/toolchain/risc-v embedded gcc/bin/../lib/gcc/riscv-none-embed/8.2.0/../../../../riscv-none-embed/lib/rv32imacxw/ilp32\libg_nano.a(lib_a-isattyr.o)
 .debug_frame   0x0000000000001638       0x30 c:/mounriver/mounriver_studio/toolchain/risc-v embedded gcc/bin/../lib/gcc/riscv-none-embed/8.2.0/../../../../riscv-none-embed/lib/rv32imacxw/ilp32\libg_nano.a(lib_a-lseekr.o)
 .debug_frame   0x0000000000001668       0x20 c:/mounriver/mounriver_studio/toolchain/risc-v embedded gcc/bin/../lib/gcc/riscv-none-embed/8.2.0/../../../../riscv-none-embed/lib/rv32imacxw/ilp32\libg_nano.a(lib_a-memchr.o)
 .debug_frame   0x0000000000001688       0x30 c:/mounriver/mounriver_studio/toolchain/risc-v embedded gcc/bin/../lib/gcc/riscv-none-embed/8.2.0/../../../../riscv-none-embed/lib/rv32imacxw/ilp32\libg_nano.a(lib_a-mlock.o)
 .debug_frame   0x00000000000016b8       0x30 c:/mounriver/mounriver_studio/toolchain/risc-v embedded gcc/bin/../lib/gcc/riscv-none-embed/8.2.0/../../../../riscv-none-embed/lib/rv32imacxw/ilp32\libg_nano.a(lib_a-readr.o)
 .debug_frame   0x00000000000016e8       0x70 c:/mounriver/mounriver_studio/toolchain/risc-v embedded gcc/bin/../lib/gcc/riscv-none-embed/8.2.0/../../../../riscv-none-embed/lib/rv32imacxw/ilp32\libg_nano.a(lib_a-reent.o)
 .debug_frame   0x0000000000001758       0x20 c:/mounriver/mounriver_studio/toolchain/risc-v embedded gcc/bin/../lib/gcc/riscv-none-embed/8.2.0/../../../../riscv-none-embed/lib/rv32imacxw/ilp32\libnosys.a(close.o)
 .debug_frame   0x0000000000001778       0x20 c:/mounriver/mounriver_studio/toolchain/risc-v embedded gcc/bin/../lib/gcc/riscv-none-embed/8.2.0/../../../../riscv-none-embed/lib/rv32imacxw/ilp32\libnosys.a(fstat.o)
 .debug_frame   0x0000000000001798       0x20 c:/mounriver/mounriver_studio/toolchain/risc-v embedded gcc/bin/../lib/gcc/riscv-none-embed/8.2.0/../../../../riscv-none-embed/lib/rv32imacxw/ilp32\libnosys.a(isatty.o)
 .debug_frame   0x00000000000017b8       0x20 c:/mounriver/mounriver_studio/toolchain/risc-v embedded gcc/bin/../lib/gcc/riscv-none-embed/8.2.0/../../../../riscv-none-embed/lib/rv32imacxw/ilp32\libnosys.a(lseek.o)
 .debug_frame   0x00000000000017d8       0x20 c:/mounriver/mounriver_studio/toolchain/risc-v embedded gcc/bin/../lib/gcc/riscv-none-embed/8.2.0/../../../../riscv-none-embed/lib/rv32imacxw/ilp32\libnosys.a(read.o)

.stab           0x0000000000000000       0x84
 .stab          0x0000000000000000       0x24 c:/mounriver/mounriver_studio/toolchain/risc-v embedded gcc/bin/../lib/gcc/riscv-none-embed/8.2.0/../../../../riscv-none-embed/lib/rv32imacxw/ilp32\libnosys.a(close.o)
 .stab          0x0000000000000024       0x18 c:/mounriver/mounriver_studio/toolchain/risc-v embedded gcc/bin/../lib/gcc/riscv-none-embed/8.2.0/../../../../riscv-none-embed/lib/rv32imacxw/ilp32\libnosys.a(fstat.o)
                                         0x24 (size before relaxing)
 .stab          0x000000000000003c       0x18 c:/mounriver/mounriver_studio/toolchain/risc-v embedded gcc/bin/../lib/gcc/riscv-none-embed/8.2.0/../../../../riscv-none-embed/lib/rv32imacxw/ilp32\libnosys.a(isatty.o)
                                         0x24 (size before relaxing)
 .stab          0x0000000000000054       0x18 c:/mounriver/mounriver_studio/toolchain/risc-v embedded gcc/bin/../lib/gcc/riscv-none-embed/8.2.0/../../../../riscv-none-embed/lib/rv32imacxw/ilp32\libnosys.a(lseek.o)
                                         0x24 (size before relaxing)
 .stab          0x000000000000006c       0x18 c:/mounriver/mounriver_studio/toolchain/risc-v embedded gcc/bin/../lib/gcc/riscv-none-embed/8.2.0/../../../../riscv-none-embed/lib/rv32imacxw/ilp32\libnosys.a(read.o)
                                         0x24 (size before relaxing)

.stabstr        0x0000000000000000      0x117
 .stabstr       0x0000000000000000      0x117 c:/mounriver/mounriver_studio/toolchain/risc-v embedded gcc/bin/../lib/gcc/riscv-none-embed/8.2.0/../../../../riscv-none-embed/lib/rv32imacxw/ilp32\libnosys.a(close.o)
