Archive member included to satisfy reference by file (symbol)

c:/mounriver/mounriver_studio/toolchain/risc-v embedded gcc/bin/../lib/gcc/riscv-none-embed/8.2.0/rv32imacxw/ilp32\libgcc.a(save-restore.o)
                              ./Peripheral/src/ch32x035_flash.o (__riscv_save_7)
c:/mounriver/mounriver_studio/toolchain/risc-v embedded gcc/bin/../lib/gcc/riscv-none-embed/8.2.0/../../../../riscv-none-embed/lib/rv32imacxw/ilp32\libg_nano.a(lib_a-memcpy.o)
                              ./usb/ch32x035_usbfs_device.o (memcpy)
c:/mounriver/mounriver_studio/toolchain/risc-v embedded gcc/bin/../lib/gcc/riscv-none-embed/8.2.0/../../../../riscv-none-embed/lib/rv32imacxw/ilp32\libg_nano.a(lib_a-printf.o)
                              ./User/main.o (printf)
c:/mounriver/mounriver_studio/toolchain/risc-v embedded gcc/bin/../lib/gcc/riscv-none-embed/8.2.0/../../../../riscv-none-embed/lib/rv32imacxw/ilp32\libg_nano.a(lib_a-puts.o)
                              ./User/main.o (puts)
c:/mounriver/mounriver_studio/toolchain/risc-v embedded gcc/bin/../lib/gcc/riscv-none-embed/8.2.0/../../../../riscv-none-embed/lib/rv32imacxw/ilp32\libg_nano.a(lib_a-wbuf.o)
                              c:/mounriver/mounriver_studio/toolchain/risc-v embedded gcc/bin/../lib/gcc/riscv-none-embed/8.2.0/../../../../riscv-none-embed/lib/rv32imacxw/ilp32\libg_nano.a(lib_a-puts.o) (__swbuf_r)
c:/mounriver/mounriver_studio/toolchain/risc-v embedded gcc/bin/../lib/gcc/riscv-none-embed/8.2.0/../../../../riscv-none-embed/lib/rv32imacxw/ilp32\libg_nano.a(lib_a-wsetup.o)
                              c:/mounriver/mounriver_studio/toolchain/risc-v embedded gcc/bin/../lib/gcc/riscv-none-embed/8.2.0/../../../../riscv-none-embed/lib/rv32imacxw/ilp32\libg_nano.a(lib_a-puts.o) (__swsetup_r)
c:/mounriver/mounriver_studio/toolchain/risc-v embedded gcc/bin/../lib/gcc/riscv-none-embed/8.2.0/../../../../riscv-none-embed/lib/rv32imacxw/ilp32\libg_nano.a(lib_a-fflush.o)
                              c:/mounriver/mounriver_studio/toolchain/risc-v embedded gcc/bin/../lib/gcc/riscv-none-embed/8.2.0/../../../../riscv-none-embed/lib/rv32imacxw/ilp32\libg_nano.a(lib_a-wbuf.o) (_fflush_r)
c:/mounriver/mounriver_studio/toolchain/risc-v embedded gcc/bin/../lib/gcc/riscv-none-embed/8.2.0/../../../../riscv-none-embed/lib/rv32imacxw/ilp32\libg_nano.a(lib_a-findfp.o)
                              c:/mounriver/mounriver_studio/toolchain/risc-v embedded gcc/bin/../lib/gcc/riscv-none-embed/8.2.0/../../../../riscv-none-embed/lib/rv32imacxw/ilp32\libg_nano.a(lib_a-printf.o) (__sinit)
c:/mounriver/mounriver_studio/toolchain/risc-v embedded gcc/bin/../lib/gcc/riscv-none-embed/8.2.0/../../../../riscv-none-embed/lib/rv32imacxw/ilp32\libg_nano.a(lib_a-fwalk.o)
                              c:/mounriver/mounriver_studio/toolchain/risc-v embedded gcc/bin/../lib/gcc/riscv-none-embed/8.2.0/../../../../riscv-none-embed/lib/rv32imacxw/ilp32\libg_nano.a(lib_a-findfp.o) (_fwalk)
c:/mounriver/mounriver_studio/toolchain/risc-v embedded gcc/bin/../lib/gcc/riscv-none-embed/8.2.0/../../../../riscv-none-embed/lib/rv32imacxw/ilp32\libg_nano.a(lib_a-impure.o)
                              c:/mounriver/mounriver_studio/toolchain/risc-v embedded gcc/bin/../lib/gcc/riscv-none-embed/8.2.0/../../../../riscv-none-embed/lib/rv32imacxw/ilp32\libg_nano.a(lib_a-fflush.o) (_global_impure_ptr)
c:/mounriver/mounriver_studio/toolchain/risc-v embedded gcc/bin/../lib/gcc/riscv-none-embed/8.2.0/../../../../riscv-none-embed/lib/rv32imacxw/ilp32\libg_nano.a(lib_a-makebuf.o)
                              c:/mounriver/mounriver_studio/toolchain/risc-v embedded gcc/bin/../lib/gcc/riscv-none-embed/8.2.0/../../../../riscv-none-embed/lib/rv32imacxw/ilp32\libg_nano.a(lib_a-wsetup.o) (__smakebuf_r)
c:/mounriver/mounriver_studio/toolchain/risc-v embedded gcc/bin/../lib/gcc/riscv-none-embed/8.2.0/../../../../riscv-none-embed/lib/rv32imacxw/ilp32\libg_nano.a(lib_a-memset.o)
                              c:/mounriver/mounriver_studio/toolchain/risc-v embedded gcc/bin/../lib/gcc/riscv-none-embed/8.2.0/../../../../riscv-none-embed/lib/rv32imacxw/ilp32\libg_nano.a(lib_a-findfp.o) (memset)
c:/mounriver/mounriver_studio/toolchain/risc-v embedded gcc/bin/../lib/gcc/riscv-none-embed/8.2.0/../../../../riscv-none-embed/lib/rv32imacxw/ilp32\libg_nano.a(lib_a-nano-freer.o)
                              c:/mounriver/mounriver_studio/toolchain/risc-v embedded gcc/bin/../lib/gcc/riscv-none-embed/8.2.0/../../../../riscv-none-embed/lib/rv32imacxw/ilp32\libg_nano.a(lib_a-wsetup.o) (_free_r)
c:/mounriver/mounriver_studio/toolchain/risc-v embedded gcc/bin/../lib/gcc/riscv-none-embed/8.2.0/../../../../riscv-none-embed/lib/rv32imacxw/ilp32\libg_nano.a(lib_a-nano-mallocr.o)
                              c:/mounriver/mounriver_studio/toolchain/risc-v embedded gcc/bin/../lib/gcc/riscv-none-embed/8.2.0/../../../../riscv-none-embed/lib/rv32imacxw/ilp32\libg_nano.a(lib_a-findfp.o) (_malloc_r)
[...]
Memory Configuration

Name             Origin             Length             Attributes
FLASH            0x0000000000000000 0x000000000000f800 xr
RAM              0x0000000020000000 0x0000000000005000 xrw
*default*        0x0000000000000000 0xffffffffffffffff

Linker script and memory map

LOAD ./usb/ch32x035_usbfs_device.o
LOAD ./usb/usb_desc.o
LOAD ./brd/aatt2_brd.o
LOAD ./User/ch32x035_it.o
LOAD ./User/main.o
LOAD ./User/system_ch32x035.o
LOAD ./Startup/startup_ch32x035.o
LOAD ./Peripheral/src/ch32x035_adc.o
LOAD ./Peripheral/src/ch32x035_awu.o
LOAD ./Peripheral/src/ch32x035_dbgmcu.o
LOAD ./Peripheral/src/ch32x035_dma.o
LOAD ./Peripheral/src/ch32x035_exti.o
LOAD ./Peripheral/src/ch32x035_flash.o
LOAD ./Peripheral/src/ch32x035_gpio.o
LOAD ./Peripheral/src/ch32x035_i2c.o
LOAD ./Peripheral/src/ch32x035_iwdg.o
LOAD ./Peripheral/src/ch32x035_misc.o
LOAD ./Peripheral/src/ch32x035_opa.o
LOAD ./Peripheral/src/ch32x035_pwr.o
LOAD ./Peripheral/src/ch32x035_rcc.o
LOAD ./Peripheral/src/ch32x035_spi.o
LOAD ./Peripheral/src/ch32x035_tim.o
LOAD ./Peripheral/src/ch32x035_usart.o
LOAD ./Peripheral/src/ch32x035_wwdg.o
LOAD ./Debug/debug.o
LOAD ./Core/core_riscv.o
LOAD c:/mounriver/mounriver_studio/toolchain/risc-v embedded gcc/bin/../lib/gcc/riscv-none-embed/8.2.0/rv32imacxw/ilp32\libgcc.a
LOAD c:/mounriver/mounriver_studio/toolchain/risc-v embedded gcc/bin/../lib/gcc/riscv-none-embed/8.2.0/../../../../riscv-none-embed/lib/rv32imacxw/ilp32\libg_nano.a
LOAD c:/mounriver/mounriver_studio/toolchain/risc-v embedded gcc/bin/../lib/gcc/riscv-none-embed/8.2.0/../../../../riscv-none-embed/lib/rv32imacxw/ilp32\libc_nano.a
LOAD c:/mounriver/mounriver_studio/toolchain/risc-v embedded gcc/bin/../lib/gcc/riscv-none-embed/8.2.0/rv32imacxw/ilp32\libgcc.a
START GROUP
LOAD c:/mounriver/mounriver_studio/toolchain/risc-v embedded gcc/bin/../lib/gcc/riscv-none-embed/8.2.0/rv32imacxw/ilp32\libgcc.a
LOAD c:/mounriver/mounriver_studio/toolchain/risc-v embedded gcc/bin/../lib/gcc/riscv-none-embed/8.2.0/../../../../riscv-none-embed/lib/rv32imacxw/ilp32\libc_nano.a
LOAD c:/mounriver/mounriver_studio/toolchain/risc-v embedded gcc/bin/../lib/gcc/riscv-none-embed/8.2.0/../../../../riscv-none-embed/lib/rv32imacxw/ilp32\libnosys.a
END GROUP
START GROUP
LOAD c:/mounriver/mounriver_studio/toolchain/risc-v embedded gcc/bin/../lib/gcc/riscv-none-embed/8.2.0/rv32imacxw/ilp32\libgcc.a
LOAD c:/mounriver/mounriver_studio/toolchain/risc-v embedded gcc/bin/../lib/gcc/riscv-none-embed/8.2.0/../../../../riscv-none-embed/lib/rv32imacxw/ilp32\libc_nano.a
LOAD c:/mounriver/mounriver_studio/toolchain/risc-v embedded gcc/bin/../lib/gcc/riscv-none-embed/8.2.0/../../../../riscv-none-embed/lib/rv32imacxw/ilp32\libnosys.a
END GROUP
                0x0000000000000800                __stack_size = 0x800
                [!provide]                        PROVIDE (_stack_size = __stack_size)

.init           0x0000000000000000        0x4
                0x0000000000000000                _sinit = .
                0x0000000000000000                . = ALIGN (0x4)
 *(SORT_NONE(.init))
 .init          0x0000000000000000        0x4 ./Startup/startup_ch32x035.o
                0x0000000000000000                _start
                0x0000000000000004                . = ALIGN (0x4)
                0x0000000000000004                _einit = .

.vector         0x0000000000000004       0xfc
 *(.vector)
 .vector        0x0000000000000004       0xdc ./Startup/startup_ch32x035.o
                0x0000000000000100                . = ALIGN (0x40)
 *fill*         0x00000000000000e0       0x20 

.text           0x0000000000000100     0x2468
                0x0000000000000100                . = ALIGN (0x4)
 *(.text)
 .text          0x0000000000000100       0x60 c:/mounriver/mounriver_studio/toolchain/risc-v embedded gcc/bin/../lib/gcc/riscv-none-embed/8.2.0/rv32imacxw/ilp32\libgcc.a(save-restore.o)
                0x0000000000000100                __riscv_save_12
                0x0000000000000108                __riscv_save_9
                0x0000000000000108                __riscv_save_11
                0x0000000000000108                __riscv_save_10
                0x0000000000000108                __riscv_save_8
                0x0000000000000116                __riscv_save_4
                0x0000000000000116                __riscv_save_6
                0x0000000000000116                __riscv_save_5
                0x0000000000000116                __riscv_save_7
                0x0000000000000130                __riscv_save_3
                0x0000000000000130                __riscv_save_2
                0x0000000000000130                __riscv_save_1
                0x0000000000000130                __riscv_save_0
                0x000000000000013c                __riscv_restore_12
                0x0000000000000140                __riscv_restore_11
                0x0000000000000140                __riscv_restore_9
                0x0000000000000140                __riscv_restore_10
                0x0000000000000140                __riscv_restore_8
                0x000000000000014a                __riscv_restore_5
                0x000000000000014a                __riscv_restore_7
                0x000000000000014a                __riscv_restore_6
                0x000000000000014a                __riscv_restore_4
                0x0000000000000154                __riscv_restore_3
                0x0000000000000154                __riscv_restore_0
                0x0000000000000154                __riscv_restore_2
                0x0000000000000154                __riscv_restore_1
 .text          0x0000000000000160       0xa8 c:/mounriver/mounriver_studio/toolchain/risc-v embedded gcc/bin/../lib/gcc/riscv-none-embed/8.2.0/../../../../riscv-none-embed/lib/rv32imacxw/ilp32\libg_nano.a(lib_a-memset.o)
                0x0000000000000160                memset
 *(.text.*)
 .text.USBFS_RCC_Init
                0x0000000000000208       0x16 ./usb/ch32x035_usbfs_device.o
                0x0000000000000208                USBFS_RCC_Init
 .text.USBFS_Device_Endp_Init
                0x000000000000021e       0x78 ./usb/ch32x035_usbfs_device.o
                0x000000000000021e                USBFS_Device_Endp_Init
 .text.GPIO_USB_INIT
                0x0000000000000296       0x40 ./usb/ch32x035_usbfs_device.o
                0x0000000000000296                GPIO_USB_INIT
 .text.USBFS_Device_Init
                0x00000000000002d6       0x8e ./usb/ch32x035_usbfs_device.o
                0x00000000000002d6                USBFS_Device_Init
 .text.USBFS_IRQHandler
                0x0000000000000364      0x664 ./usb/ch32x035_usbfs_device.o
                0x0000000000000364                USBFS_IRQHandler
 .text.init_gpio
                0x00000000000009c8       0xac ./brd/aatt2_brd.o
                0x00000000000009c8                init_gpio
 .text.RCC_Configuration
                0x0000000000000a74       0x24 ./brd/aatt2_brd.o
                0x0000000000000a74                RCC_Configuration
 .text.init_cdc_usb
                0x0000000000000a98       0x26 ./brd/aatt2_brd.o
                0x0000000000000a98                init_cdc_usb
 .text.board_init
                0x0000000000000abe        0xa ./brd/aatt2_brd.o
                0x0000000000000abe                board_init
 .text.NMI_Handler
                0x0000000000000ac8        0x2 ./User/ch32x035_it.o
                0x0000000000000ac8                NMI_Handler
 .text.HardFault_Handler
                0x0000000000000aca       0x10 ./User/ch32x035_it.o
                0x0000000000000aca                HardFault_Handler
 .text.GPIO_Toggle_INIT
                0x0000000000000ada       0x2e ./User/main.o
                0x0000000000000ada                GPIO_Toggle_INIT
 .text.startup.main
                0x0000000000000b08       0xb6 ./User/main.o
                0x0000000000000b08                main
 .text.SystemInit
                0x0000000000000bbe       0x42 ./User/system_ch32x035.o
                0x0000000000000bbe                SystemInit
 .text.SystemCoreClockUpdate
                0x0000000000000c00       0x3e ./User/system_ch32x035.o
                0x0000000000000c00                SystemCoreClockUpdate
 .text.vector_handler
                0x0000000000000c3e        0x2 ./Startup/startup_ch32x035.o
                0x0000000000000c3e                TIM1_CC_IRQHandler
                0x0000000000000c3e                TIM2_UP_IRQHandler
                0x0000000000000c3e                USBPD_IRQHandler
                0x0000000000000c3e                SysTick_Handler
                0x0000000000000c3e                PVD_IRQHandler
                0x0000000000000c3e                EXTI25_16_IRQHandler
                0x0000000000000c3e                Break_Point_Handler
                0x0000000000000c3e                TIM2_TRG_COM_IRQHandler
                0x0000000000000c3e                TIM2_CC_IRQHandler
                0x0000000000000c3e                SPI1_IRQHandler
                0x0000000000000c3e                AWU_IRQHandler
                0x0000000000000c3e                EXTI7_0_IRQHandler
                0x0000000000000c3e                Ecall_M_Mode_Handler
                0x0000000000000c3e                DMA1_Channel4_IRQHandler
                0x0000000000000c3e                ADC1_IRQHandler
                0x0000000000000c3e                TIM2_BRK_IRQHandler
                0x0000000000000c3e                USART3_IRQHandler
                0x0000000000000c3e                DMA1_Channel7_IRQHandler
                0x0000000000000c3e                USBPDWakeUp_IRQHandler
                0x0000000000000c3e                EXTI15_8_IRQHandler
                0x0000000000000c3e                I2C1_EV_IRQHandler
                0x0000000000000c3e                USART4_IRQHandler
                0x0000000000000c3e                DMA1_Channel6_IRQHandler
                0x0000000000000c3e                TIM3_IRQHandler
                0x0000000000000c3e                TIM1_TRG_COM_IRQHandler
                0x0000000000000c3e                DMA1_Channel1_IRQHandler
                0x0000000000000c3e                DMA1_Channel8_IRQHandler
                0x0000000000000c3e                PIOC_IRQHandler
                0x0000000000000c3e                DMA1_Channel5_IRQHandler
                0x0000000000000c3e                DMA1_Channel3_IRQHandler
                0x0000000000000c3e                TIM1_UP_IRQHandler
                0x0000000000000c3e                WWDG_IRQHandler
                0x0000000000000c3e                Ecall_U_Mode_Handler
                0x0000000000000c3e                SW_Handler
                0x0000000000000c3e                TIM1_BRK_IRQHandler
                0x0000000000000c3e                OPA_IRQHandler
                0x0000000000000c3e                USART2_IRQHandler
                0x0000000000000c3e                DMA1_Channel2_IRQHandler
                0x0000000000000c3e                FLASH_IRQHandler
                0x0000000000000c3e                USBFSWakeUp_IRQHandler
                0x0000000000000c3e                USART1_IRQHandler
                0x0000000000000c3e                I2C1_ER_IRQHandler
 .text.handle_reset
                0x0000000000000c40       0x86 ./Startup/startup_ch32x035.o
                0x0000000000000c40                handle_reset
 .text.DBGMCU_GetCHIPID
                0x0000000000000cc6        0xa ./Peripheral/src/ch32x035_dbgmcu.o
                0x0000000000000cc6                DBGMCU_GetCHIPID
 .text.GPIO_Init
                0x0000000000000cd0      0x18e ./Peripheral/src/ch32x035_gpio.o
                0x0000000000000cd0                GPIO_Init
 .text.GPIO_WriteBit
                0x0000000000000e5e       0x14 ./Peripheral/src/ch32x035_gpio.o
                0x0000000000000e5e                GPIO_WriteBit
 .text.NVIC_PriorityGroupConfig
                0x0000000000000e72        0x6 ./Peripheral/src/ch32x035_misc.o
                0x0000000000000e72                NVIC_PriorityGroupConfig
 .text.PWR_PVDLevelConfig
                0x0000000000000e78       0x10 ./Peripheral/src/ch32x035_pwr.o
                0x0000000000000e78                PWR_PVDLevelConfig
 .text.PWR_GetFlagStatus
                0x0000000000000e88        0xe ./Peripheral/src/ch32x035_pwr.o
                0x0000000000000e88                PWR_GetFlagStatus
 .text.PWR_VDD_SupplyVoltage
                0x0000000000000e96       0x2a ./Peripheral/src/ch32x035_pwr.o
                0x0000000000000e96                PWR_VDD_SupplyVoltage
 .text.RCC_GetClocksFreq
                0x0000000000000ec0       0x3e ./Peripheral/src/ch32x035_rcc.o
                0x0000000000000ec0                RCC_GetClocksFreq
 .text.RCC_AHBPeriphClockCmd
                0x0000000000000efe       0x1e ./Peripheral/src/ch32x035_rcc.o
                0x0000000000000efe                RCC_AHBPeriphClockCmd
 .text.RCC_APB2PeriphClockCmd
                0x0000000000000f1c       0x1e ./Peripheral/src/ch32x035_rcc.o
                0x0000000000000f1c                RCC_APB2PeriphClockCmd
 .text.RCC_APB1PeriphClockCmd
                0x0000000000000f3a       0x1e ./Peripheral/src/ch32x035_rcc.o
                0x0000000000000f3a                RCC_APB1PeriphClockCmd
 .text.USART_Init
                0x0000000000000f58       0x8e ./Peripheral/src/ch32x035_usart.o
                0x0000000000000f58                USART_Init
 .text.USART_Cmd
                0x0000000000000fe6       0x16 ./Peripheral/src/ch32x035_usart.o
                0x0000000000000fe6                USART_Cmd
 .text.USART_SendData
                0x0000000000000ffc        0x8 ./Peripheral/src/ch32x035_usart.o
                0x0000000000000ffc                USART_SendData
 .text.USART_GetFlagStatus
                0x0000000000001004        0xa ./Peripheral/src/ch32x035_usart.o
                0x0000000000001004                USART_GetFlagStatus
 .text.Delay_Init
                0x000000000000100e       0x2a ./Debug/debug.o
                0x000000000000100e                Delay_Init
 .text.Delay_Us
                0x0000000000001038       0x36 ./Debug/debug.o
                0x0000000000001038                Delay_Us
 .text.Delay_Ms
                0x000000000000106e       0x36 ./Debug/debug.o
                0x000000000000106e                Delay_Ms
 .text.USART_Printf_Init
                0x00000000000010a4       0x52 ./Debug/debug.o
                0x00000000000010a4                USART_Printf_Init
 .text._write   0x00000000000010f6       0x3a ./Debug/debug.o
                0x00000000000010f6                _write
 .text._sbrk    0x0000000000001130       0x26 ./Debug/debug.o
                0x0000000000001130                _sbrk
 .text.memcpy   0x0000000000001156       0xb2 c:/mounriver/mounriver_studio/toolchain/risc-v embedded gcc/bin/../lib/gcc/riscv-none-embed/8.2.0/../../../../riscv-none-embed/lib/rv32imacxw/ilp32\libg_nano.a(lib_a-memcpy.o)
                0x0000000000001156                memcpy
 .text.printf   0x0000000000001208       0x40 c:/mounriver/mounriver_studio/toolchain/risc-v embedded gcc/bin/../lib/gcc/riscv-none-embed/8.2.0/../../../../riscv-none-embed/lib/rv32imacxw/ilp32\libg_nano.a(lib_a-printf.o)
                0x0000000000001208                iprintf
                0x0000000000001208                printf
 .text._puts_r  0x0000000000001248       0xd4 c:/mounriver/mounriver_studio/toolchain/risc-v embedded gcc/bin/../lib/gcc/riscv-none-embed/8.2.0/../../../../riscv-none-embed/lib/rv32imacxw/ilp32\libg_nano.a(lib_a-puts.o)
                0x0000000000001248                _puts_r
 .text.puts     0x000000000000131c        0xa c:/mounriver/mounriver_studio/toolchain/risc-v embedded gcc/bin/../lib/gcc/riscv-none-embed/8.2.0/../../../../riscv-none-embed/lib/rv32imacxw/ilp32\libg_nano.a(lib_a-puts.o)
                0x000000000000131c                puts
 .text.__swbuf_r
                0x0000000000001326       0xbc c:/mounriver/mounriver_studio/toolchain/risc-v embedded gcc/bin/../lib/gcc/riscv-none-embed/8.2.0/../../../../riscv-none-embed/lib/rv32imacxw/ilp32\libg_nano.a(lib_a-wbuf.o)
                0x0000000000001326                __swbuf_r
 .text.__swsetup_r
                0x00000000000013e2       0xfc c:/mounriver/mounriver_studio/toolchain/risc-v embedded gcc/bin/../lib/gcc/riscv-none-embed/8.2.0/../../../../riscv-none-embed/lib/rv32imacxw/ilp32\libg_nano.a(lib_a-wsetup.o)
                0x00000000000013e2                __swsetup_r
 .text.__sflush_r
                0x00000000000014de      0x130 c:/mounriver/mounriver_studio/toolchain/risc-v embedded gcc/bin/../lib/gcc/riscv-none-embed/8.2.0/../../../../riscv-none-embed/lib/rv32imacxw/ilp32\libg_nano.a(lib_a-fflush.o)
                0x00000000000014de                __sflush_r
 .text._fflush_r
                0x000000000000160e       0x64 c:/mounriver/mounriver_studio/toolchain/risc-v embedded gcc/bin/../lib/gcc/riscv-none-embed/8.2.0/../../../../riscv-none-embed/lib/rv32imacxw/ilp32\libg_nano.a(lib_a-fflush.o)
                0x000000000000160e                _fflush_r
 .text.std      0x0000000000001672       0x66 c:/mounriver/mounriver_studio/toolchain/risc-v embedded gcc/bin/../lib/gcc/riscv-none-embed/8.2.0/../../../../riscv-none-embed/lib/rv32imacxw/ilp32\libg_nano.a(lib_a-findfp.o)
 .text._cleanup_r
                0x00000000000016d8        0xa c:/mounriver/mounriver_studio/toolchain/risc-v embedded gcc/bin/../lib/gcc/riscv-none-embed/8.2.0/../../../../riscv-none-embed/lib/rv32imacxw/ilp32\libg_nano.a(lib_a-findfp.o)
                0x00000000000016d8                _cleanup_r
 .text.__sfmoreglue
                0x00000000000016e2       0x46 c:/mounriver/mounriver_studio/toolchain/risc-v embedded gcc/bin/../lib/gcc/riscv-none-embed/8.2.0/../../../../riscv-none-embed/lib/rv32imacxw/ilp32\libg_nano.a(lib_a-findfp.o)
                0x00000000000016e2                __sfmoreglue
 .text.__sinit  0x0000000000001728       0x66 c:/mounriver/mounriver_studio/toolchain/risc-v embedded gcc/bin/../lib/gcc/riscv-none-embed/8.2.0/../../../../riscv-none-embed/lib/rv32imacxw/ilp32\libg_nano.a(lib_a-findfp.o)
                0x0000000000001728                __sinit
 .text.__sfp    0x000000000000178e       0x9c c:/mounriver/mounriver_studio/toolchain/risc-v embedded gcc/bin/../lib/gcc/riscv-none-embed/8.2.0/../../../../riscv-none-embed/lib/rv32imacxw/ilp32\libg_nano.a(lib_a-findfp.o)
                0x000000000000178e                __sfp
 .text._fwalk_reent
                0x000000000000182a       0x6a c:/mounriver/mounriver_studio/toolchain/risc-v embedded gcc/bin/../lib/gcc/riscv-none-embed/8.2.0/../../../../riscv-none-embed/lib/rv32imacxw/ilp32\libg_nano.a(lib_a-fwalk.o)
                0x000000000000182a                _fwalk_reent
 .text.__swhatbuf_r
                0x0000000000001894       0x58 c:/mounriver/mounriver_studio/toolchain/risc-v embedded gcc/bin/../lib/gcc/riscv-none-embed/8.2.0/../../../../riscv-none-embed/lib/rv32imacxw/ilp32\libg_nano.a(lib_a-makebuf.o)
                0x0000000000001894                __swhatbuf_r
 .text.__smakebuf_r
                0x00000000000018ec       0x90 c:/mounriver/mounriver_studio/toolchain/risc-v embedded gcc/bin/../lib/gcc/riscv-none-embed/8.2.0/../../../../riscv-none-embed/lib/rv32imacxw/ilp32\libg_nano.a(lib_a-makebuf.o)
                0x00000000000018ec                __smakebuf_r
 .text._free_r  0x000000000000197c       0xa8 c:/mounriver/mounriver_studio/toolchain/risc-v embedded gcc/bin/../lib/gcc/riscv-none-embed/8.2.0/../../../../riscv-none-embed/lib/rv32imacxw/ilp32\libg_nano.a(lib_a-nano-freer.o)
                0x000000000000197c                _free_r
 .text._malloc_r
                0x0000000000001a24       0xd4 c:/mounriver/mounriver_studio/toolchain/risc-v embedded gcc/bin/../lib/gcc/riscv-none-embed/8.2.0/../../../../riscv-none-embed/lib/rv32imacxw/ilp32\libg_nano.a(lib_a-nano-mallocr.o)
                0x0000000000001a24                _malloc_r
 .text.__sfputc_r
                0x0000000000001af8       0x28 c:/mounriver/mounriver_studio/toolchain/risc-v embedded gcc/bin/../lib/gcc/riscv-none-embed/8.2.0/../../../../riscv-none-embed/lib/rv32imacxw/ilp32\libg_nano.a(lib_a-nano-vfprintf.o)
 .text.__sfputs_r
                0x0000000000001b20       0x40 c:/mounriver/mounriver_studio/toolchain/risc-v embedded gcc/bin/../lib/gcc/riscv-none-embed/8.2.0/../../../../riscv-none-embed/lib/rv32imacxw/ilp32\libg_nano.a(lib_a-nano-vfprintf.o)
                0x0000000000001b20                __sfputs_r
 .text._vfprintf_r
                0x0000000000001b60      0x286 c:/mounriver/mounriver_studio/toolchain/risc-v embedded gcc/bin/../lib/gcc/riscv-none-embed/8.2.0/../../../../riscv-none-embed/lib/rv32imacxw/ilp32\libg_nano.a(lib_a-nano-vfprintf.o)
                0x0000000000001b60                _vfprintf_r
                0x0000000000001b60                _vfiprintf_r
 .text._printf_common
                0x0000000000001de6      0x10c c:/mounriver/mounriver_studio/toolchain/risc-v embedded gcc/bin/../lib/gcc/riscv-none-embed/8.2.0/../../../../riscv-none-embed/lib/rv32imacxw/ilp32\libg_nano.a(lib_a-nano-vfprintf_i.o)
                0x0000000000001de6                _printf_common
 .text._printf_i
                0x0000000000001ef2      0x2a0 c:/mounriver/mounriver_studio/toolchain/risc-v embedded gcc/bin/../lib/gcc/riscv-none-embed/8.2.0/../../../../riscv-none-embed/lib/rv32imacxw/ilp32\libg_nano.a(lib_a-nano-vfprintf_i.o)
                0x0000000000001ef2                _printf_i
 .text._sbrk_r  0x0000000000002192       0x2a c:/mounriver/mounriver_studio/toolchain/risc-v embedded gcc/bin/../lib/gcc/riscv-none-embed/8.2.0/../../../../riscv-none-embed/lib/rv32imacxw/ilp32\libg_nano.a(lib_a-sbrkr.o)
                0x0000000000002192                _sbrk_r
 .text.__sread  0x00000000000021bc       0x2c c:/mounriver/mounriver_studio/toolchain/risc-v embedded gcc/bin/../lib/gcc/riscv-none-embed/8.2.0/../../../../riscv-none-embed/lib/rv32imacxw/ilp32\libg_nano.a(lib_a-stdio.o)
                0x00000000000021bc                __sread
 .text.__swrite
                0x00000000000021e8       0x48 c:/mounriver/mounriver_studio/toolchain/risc-v embedded gcc/bin/../lib/gcc/riscv-none-embed/8.2.0/../../../../riscv-none-embed/lib/rv32imacxw/ilp32\libg_nano.a(lib_a-stdio.o)
                0x00000000000021e8                __swrite
 .text.__sseek  0x0000000000002230       0x30 c:/mounriver/mounriver_studio/toolchain/risc-v embedded gcc/bin/../lib/gcc/riscv-none-embed/8.2.0/../../../../riscv-none-embed/lib/rv32imacxw/ilp32\libg_nano.a(lib_a-stdio.o)
                0x0000000000002230                __sseek
 .text.__sclose
                0x0000000000002260        0x6 c:/mounriver/mounriver_studio/toolchain/risc-v embedded gcc/bin/../lib/gcc/riscv-none-embed/8.2.0/../../../../riscv-none-embed/lib/rv32imacxw/ilp32\libg_nano.a(lib_a-stdio.o)
                0x0000000000002260                __sclose
 .text._write_r
                0x0000000000002266       0x2e c:/mounriver/mounriver_studio/toolchain/risc-v embedded gcc/bin/../lib/gcc/riscv-none-embed/8.2.0/../../../../riscv-none-embed/lib/rv32imacxw/ilp32\libg_nano.a(lib_a-writer.o)
                0x0000000000002266                _write_r
 .text._close_r
                0x0000000000002294       0x28 c:/mounriver/mounriver_studio/toolchain/risc-v embedded gcc/bin/../lib/gcc/riscv-none-embed/8.2.0/../../../../riscv-none-embed/lib/rv32imacxw/ilp32\libg_nano.a(lib_a-closer.o)
                0x0000000000002294                _close_r
 .text._fstat_r
                0x00000000000022bc       0x2a c:/mounriver/mounriver_studio/toolchain/risc-v embedded gcc/bin/../lib/gcc/riscv-none-embed/8.2.0/../../../../riscv-none-embed/lib/rv32imacxw/ilp32\libg_nano.a(lib_a-fstatr.o)
                0x00000000000022bc                _fstat_r
 .text._isatty_r
                0x00000000000022e6       0x28 c:/mounriver/mounriver_studio/toolchain/risc-v embedded gcc/bin/../lib/gcc/riscv-none-embed/8.2.0/../../../../riscv-none-embed/lib/rv32imacxw/ilp32\libg_nano.a(lib_a-isattyr.o)
                0x00000000000022e6                _isatty_r
 .text._lseek_r
                0x000000000000230e       0x2c c:/mounriver/mounriver_studio/toolchain/risc-v embedded gcc/bin/../lib/gcc/riscv-none-embed/8.2.0/../../../../riscv-none-embed/lib/rv32imacxw/ilp32\libg_nano.a(lib_a-lseekr.o)
                0x000000000000230e                _lseek_r
 .text.memchr   0x000000000000233a       0x18 c:/mounriver/mounriver_studio/toolchain/risc-v embedded gcc/bin/../lib/gcc/riscv-none-embed/8.2.0/../../../../riscv-none-embed/lib/rv32imacxw/ilp32\libg_nano.a(lib_a-memchr.o)
                0x000000000000233a                memchr
 .text.__malloc_lock
                0x0000000000002352        0x2 c:/mounriver/mounriver_studio/toolchain/risc-v embedded gcc/bin/../lib/gcc/riscv-none-embed/8.2.0/../../../../riscv-none-embed/lib/rv32imacxw/ilp32\libg_nano.a(lib_a-mlock.o)
                0x0000000000002352                __malloc_lock
 .text.__malloc_unlock
                0x0000000000002354        0x2 c:/mounriver/mounriver_studio/toolchain/risc-v embedded gcc/bin/../lib/gcc/riscv-none-embed/8.2.0/../../../../riscv-none-embed/lib/rv32imacxw/ilp32\libg_nano.a(lib_a-mlock.o)
                0x0000000000002354                __malloc_unlock
 .text._read_r  0x0000000000002356       0x2c c:/mounriver/mounriver_studio/toolchain/risc-v embedded gcc/bin/../lib/gcc/riscv-none-embed/8.2.0/../../../../riscv-none-embed/lib/rv32imacxw/ilp32\libg_nano.a(lib_a-readr.o)
                0x0000000000002356                _read_r
 .text._close   0x0000000000002382        0xc c:/mounriver/mounriver_studio/toolchain/risc-v embedded gcc/bin/../lib/gcc/riscv-none-embed/8.2.0/../../../../riscv-none-embed/lib/rv32imacxw/ilp32\libnosys.a(close.o)
                0x0000000000002382                _close
 .text._fstat   0x000000000000238e        0xc c:/mounriver/mounriver_studio/toolchain/risc-v embedded gcc/bin/../lib/gcc/riscv-none-embed/8.2.0/../../../../riscv-none-embed/lib/rv32imacxw/ilp32\libnosys.a(fstat.o)
                0x000000000000238e                _fstat
 .text._isatty  0x000000000000239a        0xc c:/mounriver/mounriver_studio/toolchain/risc-v embedded gcc/bin/../lib/gcc/riscv-none-embed/8.2.0/../../../../riscv-none-embed/lib/rv32imacxw/ilp32\libnosys.a(isatty.o)
                0x000000000000239a                _isatty
 .text._lseek   0x00000000000023a6        0xc c:/mounriver/mounriver_studio/toolchain/risc-v embedded gcc/bin/../lib/gcc/riscv-none-embed/8.2.0/../../../../riscv-none-embed/lib/rv32imacxw/ilp32\libnosys.a(lseek.o)
                0x00000000000023a6                _lseek
 .text._read    0x00000000000023b2        0xc c:/mounriver/mounriver_studio/toolchain/risc-v embedded gcc/bin/../lib/gcc/riscv-none-embed/8.2.0/../../../../riscv-none-embed/lib/rv32imacxw/ilp32\libnosys.a(read.o)
                0x00000000000023b2                _read
 *(.rodata)
 *(.rodata*)
 *fill*         0x00000000000023be        0x2 
 .rodata.USBFS_IRQHandler
                0x00000000000023c0       0x30 ./usb/ch32x035_usbfs_device.o
 .rodata.MyCfgDescr
                0x00000000000023f0       0x43 ./usb/usb_desc.o
                0x00000000000023f0                MyCfgDescr
 *fill*         0x0000000000002433        0x1 
 .rodata.MyDevDescr
                0x0000000000002434       0x12 ./usb/usb_desc.o
                0x0000000000002434                MyDevDescr
 *fill*         0x0000000000002446        0x2 
 .rodata.MyManuInfo
                0x0000000000002448        0xe ./usb/usb_desc.o
                0x0000000000002448                MyManuInfo
 *fill*         0x0000000000002456        0x2 
 .rodata.MyProdInfo
                0x0000000000002458       0x16 ./usb/usb_desc.o
                0x0000000000002458                MyProdInfo
 *fill*         0x000000000000246e        0x2 
 .rodata.MySerNumInfo
                0x0000000000002470       0x16 ./usb/usb_desc.o
                0x0000000000002470                MySerNumInfo
 *fill*         0x0000000000002486        0x2 
 .rodata.main.str1.4
                0x0000000000002488       0x42 ./User/main.o
 *fill*         0x00000000000024ca        0x2 
 .rodata.__sf_fake_stderr
                0x00000000000024cc       0x20 c:/mounriver/mounriver_studio/toolchain/risc-v embedded gcc/bin/../lib/gcc/riscv-none-embed/8.2.0/../../../../riscv-none-embed/lib/rv32imacxw/ilp32\libg_nano.a(lib_a-findfp.o)
                0x00000000000024cc                __sf_fake_stderr
 .rodata.__sf_fake_stdin
                0x00000000000024ec       0x20 c:/mounriver/mounriver_studio/toolchain/risc-v embedded gcc/bin/../lib/gcc/riscv-none-embed/8.2.0/../../../../riscv-none-embed/lib/rv32imacxw/ilp32\libg_nano.a(lib_a-findfp.o)
                0x00000000000024ec                __sf_fake_stdin
 .rodata.__sf_fake_stdout
                0x000000000000250c       0x20 c:/mounriver/mounriver_studio/toolchain/risc-v embedded gcc/bin/../lib/gcc/riscv-none-embed/8.2.0/../../../../riscv-none-embed/lib/rv32imacxw/ilp32\libg_nano.a(lib_a-findfp.o)
                0x000000000000250c                __sf_fake_stdout
 .rodata._vfprintf_r.str1.4
                0x000000000000252c       0x13 c:/mounriver/mounriver_studio/toolchain/risc-v embedded gcc/bin/../lib/gcc/riscv-none-embed/8.2.0/../../../../riscv-none-embed/lib/rv32imacxw/ilp32\libg_nano.a(lib_a-nano-vfprintf.o)
 *fill*         0x000000000000253f        0x1 
 .rodata._printf_i.str1.4
                0x0000000000002540       0x28 c:/mounriver/mounriver_studio/toolchain/risc-v embedded gcc/bin/../lib/gcc/riscv-none-embed/8.2.0/../../../../riscv-none-embed/lib/rv32imacxw/ilp32\libg_nano.a(lib_a-nano-vfprintf_i.o)
                                         0x25 (size before relaxing)
 *(.gnu.linkonce.t.*)
                0x0000000000002568                . = ALIGN (0x4)

.rela.dyn       0x0000000000002568        0x0
 .rela.init     0x0000000000002568        0x0 ./usb/ch32x035_usbfs_device.o
 .rela.vector   0x0000000000002568        0x0 ./usb/ch32x035_usbfs_device.o
 .rela.text.handle_reset
                0x0000000000002568        0x0 ./usb/ch32x035_usbfs_device.o
 .rela.text._sbrk
                0x0000000000002568        0x0 ./usb/ch32x035_usbfs_device.o
 .rela.sdata.curbrk.4333
                0x0000000000002568        0x0 ./usb/ch32x035_usbfs_device.o
 .rela.text._vfprintf_r
                0x0000000000002568        0x0 ./usb/ch32x035_usbfs_device.o
 .rela.text._sbrk_r
                0x0000000000002568        0x0 ./usb/ch32x035_usbfs_device.o
 .rela.text._write_r
                0x0000000000002568        0x0 ./usb/ch32x035_usbfs_device.o
 .rela.text._close_r
                0x0000000000002568        0x0 ./usb/ch32x035_usbfs_device.o
 .rela.text._fstat_r
                0x0000000000002568        0x0 ./usb/ch32x035_usbfs_device.o
 .rela.text._isatty_r
                0x0000000000002568        0x0 ./usb/ch32x035_usbfs_device.o
 .rela.text._lseek_r
                0x0000000000002568        0x0 ./usb/ch32x035_usbfs_device.o
 .rela.text._read_r
                0x0000000000002568        0x0 ./usb/ch32x035_usbfs_device.o
 .rela.text._close
                0x0000000000002568        0x0 ./usb/ch32x035_usbfs_device.o
 .rela.text._fstat
                0x0000000000002568        0x0 ./usb/ch32x035_usbfs_device.o
 .rela.text._isatty
                0x0000000000002568        0x0 ./usb/ch32x035_usbfs_device.o
 .rela.text._lseek
                0x0000000000002568        0x0 ./usb/ch32x035_usbfs_device.o
 .rela.text._read
                0x0000000000002568        0x0 ./usb/ch32x035_usbfs_device.o

.fini           0x0000000000002568        0x0
 *(SORT_NONE(.fini))
                0x0000000000002568                . = ALIGN (0x4)
                [!provide]                        PROVIDE (_etext = .)
                [!provide]                        PROVIDE (_eitcm = .)

.preinit_array  0x0000000000002568        0x0
                [!provide]                        PROVIDE (__preinit_array_start = .)
 *(.preinit_array)
                [!provide]                        PROVIDE (__preinit_array_end = .)

.init_array     0x0000000000002568        0x0
                [!provide]                        PROVIDE (__init_array_start = .)
 *(SORT_BY_INIT_PRIORITY(.init_array.*) SORT_BY_INIT_PRIORITY(.ctors.*))
 *(.init_array EXCLUDE_FILE(*crtend?.o *crtend.o *crtbegin?.o *crtbegin.o) .ctors)
                [!provide]                        PROVIDE (__init_array_end = .)

.fini_array     0x0000000000002568        0x0
                [!provide]                        PROVIDE (__fini_array_start = .)
 *(SORT_BY_INIT_PRIORITY(.fini_array.*) SORT_BY_INIT_PRIORITY(.dtors.*))
 *(.fini_array EXCLUDE_FILE(*crtend?.o *crtend.o *crtbegin?.o *crtbegin.o) .dtors)
                [!provide]                        PROVIDE (__fini_array_end = .)

.ctors
 *crtbegin.o(.ctors)
 *crtbegin?.o(.ctors)
 *(EXCLUDE_FILE(*crtend?.o *crtend.o) .ctors)
 *(SORT_BY_NAME(.ctors.*))
 *(.ctors)

.dtors
 *crtbegin.o(.dtors)
 *crtbegin?.o(.dtors)
 *(EXCLUDE_FILE(*crtend?.o *crtend.o) .dtors)
 *(SORT_BY_NAME(.dtors.*))
 *(.dtors)

.dalign         0x0000000020000000        0x0 load address 0x0000000000002568
                0x0000000020000000                . = ALIGN (0x4)
                0x0000000020000000                PROVIDE (_data_vma = .)

.dlalign        0x0000000000002568        0x0
                0x0000000000002568                . = ALIGN (0x4)
                0x0000000000002568                PROVIDE (_data_lma = .)

.data           0x0000000020000000       0xa0 load address 0x0000000000002568
 *(.gnu.linkonce.r.*)
 *(.data .data.*)
 .data.AHBPrescTable
                0x0000000020000000       0x10 ./User/system_ch32x035.o
                0x0000000020000000                AHBPrescTable
 .data.APBAHBPrescTable
                0x0000000020000010       0x10 ./Peripheral/src/ch32x035_rcc.o
 .data.impure_data
                0x0000000020000020       0x60 c:/mounriver/mounriver_studio/toolchain/risc-v embedded gcc/bin/../lib/gcc/riscv-none-embed/8.2.0/../../../../riscv-none-embed/lib/rv32imacxw/ilp32\libg_nano.a(lib_a-impure.o)
 *(.gnu.linkonce.d.*)
                0x0000000020000080                . = ALIGN (0x8)
                0x0000000020000880                PROVIDE (__global_pointer$ = (. + 0x800))
 *(.sdata .sdata.*)
 .sdata.SystemCoreClock
                0x0000000020000080        0x4 ./User/system_ch32x035.o
                0x0000000020000080                SystemCoreClock
 .sdata.CFGHR_tmpA
                0x0000000020000084        0x4 ./Peripheral/src/ch32x035_gpio.o
                0x0000000020000084                CFGHR_tmpA
 .sdata.CFGHR_tmpB
                0x0000000020000088        0x4 ./Peripheral/src/ch32x035_gpio.o
                0x0000000020000088                CFGHR_tmpB
 .sdata.CFGHR_tmpC
                0x000000002000008c        0x4 ./Peripheral/src/ch32x035_gpio.o
                0x000000002000008c                CFGHR_tmpC
 .sdata.curbrk.4333
                0x0000000020000090        0x4 ./Debug/debug.o
 .sdata._impure_ptr
                0x0000000020000094        0x4 c:/mounriver/mounriver_studio/toolchain/risc-v embedded gcc/bin/../lib/gcc/riscv-none-embed/8.2.0/../../../../riscv-none-embed/lib/rv32imacxw/ilp32\libg_nano.a(lib_a-impure.o)
                0x0000000020000094                _impure_ptr
 *(.sdata2.*)
 .sdata2.MyLangDescr
                0x0000000020000098        0x4 ./usb/usb_desc.o
                0x0000000020000098                MyLangDescr
 .sdata2._global_impure_ptr
                0x000000002000009c        0x4 c:/mounriver/mounriver_studio/toolchain/risc-v embedded gcc/bin/../lib/gcc/riscv-none-embed/8.2.0/../../../../riscv-none-embed/lib/rv32imacxw/ilp32\libg_nano.a(lib_a-impure.o)
                0x000000002000009c                _global_impure_ptr
 *(.gnu.linkonce.s.*)
                0x00000000200000a0                . = ALIGN (0x8)
 *(.srodata.cst16)
 *(.srodata.cst8)
 *(.srodata.cst4)
 *(.srodata.cst2)
 *(.srodata .srodata.*)
                0x00000000200000a0                . = ALIGN (0x4)
                0x00000000200000a0                PROVIDE (_edata = .)

.bss            0x00000000200000a0      0x55c load address 0x0000000000002608
                0x00000000200000a0                . = ALIGN (0x4)
                0x00000000200000a0                PROVIDE (_sbss = .)
 *(.sbss*)
 .sbss.USBFS_DevAddr
                0x00000000200000a0        0x1 ./usb/ch32x035_usbfs_device.o
                0x00000000200000a0                USBFS_DevAddr
 .sbss.USBFS_DevConfig
                0x00000000200000a1        0x1 ./usb/ch32x035_usbfs_device.o
                0x00000000200000a1                USBFS_DevConfig
 .sbss.USBFS_DevEnumStatus
                0x00000000200000a2        0x1 ./usb/ch32x035_usbfs_device.o
                0x00000000200000a2                USBFS_DevEnumStatus
 .sbss.USBFS_DevSleepStatus
                0x00000000200000a3        0x1 ./usb/ch32x035_usbfs_device.o
                0x00000000200000a3                USBFS_DevSleepStatus
 .sbss.USBFS_Endp_Busy
                0x00000000200000a4        0x8 ./usb/ch32x035_usbfs_device.o
                0x00000000200000a4                USBFS_Endp_Busy
 .sbss.USBFS_SetupReqCode
                0x00000000200000ac        0x1 ./usb/ch32x035_usbfs_device.o
                0x00000000200000ac                USBFS_SetupReqCode
 *fill*         0x00000000200000ad        0x1 
 .sbss.USBFS_SetupReqIndex
                0x00000000200000ae        0x2 ./usb/ch32x035_usbfs_device.o
                0x00000000200000ae                USBFS_SetupReqIndex
 .sbss.USBFS_SetupReqLen
                0x00000000200000b0        0x2 ./usb/ch32x035_usbfs_device.o
                0x00000000200000b0                USBFS_SetupReqLen
 .sbss.USBFS_SetupReqType
                0x00000000200000b2        0x1 ./usb/ch32x035_usbfs_device.o
                0x00000000200000b2                USBFS_SetupReqType
 *fill*         0x00000000200000b3        0x1 
 .sbss.USBFS_SetupReqValue
                0x00000000200000b4        0x2 ./usb/ch32x035_usbfs_device.o
                0x00000000200000b4                USBFS_SetupReqValue
 *fill*         0x00000000200000b6        0x2 
 .sbss.pUSBFS_Descr
                0x00000000200000b8        0x4 ./usb/ch32x035_usbfs_device.o
                0x00000000200000b8                pUSBFS_Descr
 .sbss.USB_Down_StopFlag
                0x00000000200000bc        0x1 ./User/main.o
                0x00000000200000bc                USB_Down_StopFlag
 *fill*         0x00000000200000bd        0x1 
 .sbss.USB_Rx_DealNum
                0x00000000200000be        0x2 ./User/main.o
                0x00000000200000be                USB_Rx_DealNum
 .sbss.USB_Rx_LoadNum
                0x00000000200000c0        0x2 ./User/main.o
                0x00000000200000c0                USB_Rx_LoadNum
 .sbss.USB_Rx_RemainNum
                0x00000000200000c2        0x2 ./User/main.o
                0x00000000200000c2                USB_Rx_RemainNum
 .sbss.usb_rx_len
                0x00000000200000c4        0x1 ./User/main.o
                0x00000000200000c4                usb_rx_len
 *fill*         0x00000000200000c5        0x3 
 .sbss.NVIC_Priority_Group
                0x00000000200000c8        0x4 ./Peripheral/src/ch32x035_misc.o
                0x00000000200000c8                NVIC_Priority_Group
 .sbss.p_ms     0x00000000200000cc        0x2 ./Debug/debug.o
 .sbss.p_us     0x00000000200000ce        0x1 ./Debug/debug.o
 *fill*         0x00000000200000cf        0x1 
 .sbss.__malloc_free_list
                0x00000000200000d0        0x4 c:/mounriver/mounriver_studio/toolchain/risc-v embedded gcc/bin/../lib/gcc/riscv-none-embed/8.2.0/../../../../riscv-none-embed/lib/rv32imacxw/ilp32\libg_nano.a(lib_a-nano-mallocr.o)
                0x00000000200000d0                __malloc_free_list
 .sbss.__malloc_sbrk_start
                0x00000000200000d4        0x4 c:/mounriver/mounriver_studio/toolchain/risc-v embedded gcc/bin/../lib/gcc/riscv-none-embed/8.2.0/../../../../riscv-none-embed/lib/rv32imacxw/ilp32\libg_nano.a(lib_a-nano-mallocr.o)
                0x00000000200000d4                __malloc_sbrk_start
 *(.gnu.linkonce.sb.*)
 *(.bss*)
 .bss.USBFS_EP0_4Buf
                0x00000000200000d8       0x40 ./usb/ch32x035_usbfs_device.o
                0x00000000200000d8                USBFS_EP0_4Buf
 .bss.USBFS_EP1_Buf
                0x0000000020000118       0x40 ./usb/ch32x035_usbfs_device.o
                0x0000000020000118                USBFS_EP1_Buf
 .bss.USBFS_EP3_Buf
                0x0000000020000158       0x40 ./usb/ch32x035_usbfs_device.o
                0x0000000020000158                USBFS_EP3_Buf
 .bss.USB_Rx_Buf
                0x0000000020000198      0x400 ./User/main.o
                0x0000000020000198                USB_Rx_Buf
 .bss.USB_Rx_PackLen
                0x0000000020000598       0x20 ./User/main.o
                0x0000000020000598                USB_Rx_PackLen
 .bss.usb_rx_b  0x00000000200005b8       0x40 ./User/main.o
                0x00000000200005b8                usb_rx_b
 *(.gnu.linkonce.b.*)
 *(COMMON*)
 COMMON         0x00000000200005f8        0x4 c:/mounriver/mounriver_studio/toolchain/risc-v embedded gcc/bin/../lib/gcc/riscv-none-embed/8.2.0/../../../../riscv-none-embed/lib/rv32imacxw/ilp32\libg_nano.a(lib_a-reent.o)
                0x00000000200005f8                errno
                0x00000000200005fc                . = ALIGN (0x4)
                0x00000000200005fc                PROVIDE (_ebss = .)
                0x00000000200005fc                PROVIDE (_end = _ebss)
                [!provide]                        PROVIDE (end = .)

.stack          0x0000000020004800      0x800
                0x0000000020004800                PROVIDE (_heap_end = .)
                0x0000000020004800                . = ALIGN (0x4)
                [!provide]                        PROVIDE (_susrstack = .)
                0x0000000020005000                . = (. + __stack_size)
 *fill*         0x0000000020004800      0x800 
                0x0000000020005000                PROVIDE (_eusrstack = .)
OUTPUT(aatt2b.elf elf32-littleriscv)

.debug_info     0x0000000000000000     0xc9ae
 .debug_info    0x0000000000000000     0x1973 ./usb/ch32x035_usbfs_device.o
 .debug_info    0x0000000000001973      0x9ff ./usb/usb_desc.o
 .debug_info    0x0000000000002372     0x11bf ./brd/aatt2_brd.o
 .debug_info    0x0000000000003531      0xbc0 ./User/ch32x035_it.o
 .debug_info    0x00000000000040f1     0x141c ./User/main.o
 .debug_info    0x000000000000550d      0xb56 ./User/system_ch32x035.o
 .debug_info    0x0000000000006063       0x22 ./Startup/startup_ch32x035.o
 .debug_info    0x0000000000006085      0xa94 ./Peripheral/src/ch32x035_dbgmcu.o
 .debug_info    0x0000000000006b19     0x11c9 ./Peripheral/src/ch32x035_gpio.o
 .debug_info    0x0000000000007ce2      0xe36 ./Peripheral/src/ch32x035_misc.o
 .debug_info    0x0000000000008b18      0xeae ./Peripheral/src/ch32x035_pwr.o
 .debug_info    0x00000000000099c6      0xd8f ./Peripheral/src/ch32x035_rcc.o
 .debug_info    0x000000000000a755     0x1333 ./Peripheral/src/ch32x035_usart.o
 .debug_info    0x000000000000ba88      0xf26 ./Debug/debug.o

.debug_abbrev   0x0000000000000000     0x2621
 .debug_abbrev  0x0000000000000000      0x3de ./usb/ch32x035_usbfs_device.o
 .debug_abbrev  0x00000000000003de      0x1c5 ./usb/usb_desc.o
 .debug_abbrev  0x00000000000005a3      0x2fe ./brd/aatt2_brd.o
 .debug_abbrev  0x00000000000008a1      0x22c ./User/ch32x035_it.o
 .debug_abbrev  0x0000000000000acd      0x360 ./User/main.o
 .debug_abbrev  0x0000000000000e2d      0x258 ./User/system_ch32x035.o
 .debug_abbrev  0x0000000000001085       0x12 ./Startup/startup_ch32x035.o
 .debug_abbrev  0x0000000000001097      0x2f7 ./Peripheral/src/ch32x035_dbgmcu.o
 .debug_abbrev  0x000000000000138e      0x34b ./Peripheral/src/ch32x035_gpio.o
 .debug_abbrev  0x00000000000016d9      0x2ea ./Peripheral/src/ch32x035_misc.o
 .debug_abbrev  0x00000000000019c3      0x344 ./Peripheral/src/ch32x035_pwr.o
 .debug_abbrev  0x0000000000001d07      0x326 ./Peripheral/src/ch32x035_rcc.o
 .debug_abbrev  0x000000000000202d      0x312 ./Peripheral/src/ch32x035_usart.o
 .debug_abbrev  0x000000000000233f      0x2e2 ./Debug/debug.o

.debug_loc      0x0000000000000000     0x1d16
 .debug_loc     0x0000000000000000      0x4d3 ./usb/ch32x035_usbfs_device.o
 .debug_loc     0x00000000000004d3      0x155 ./brd/aatt2_brd.o
 .debug_loc     0x0000000000000628       0xd9 ./User/main.o
 .debug_loc     0x0000000000000701       0x1f ./User/system_ch32x035.o
 .debug_loc     0x0000000000000720       0x6e ./Peripheral/src/ch32x035_dbgmcu.o
 .debug_loc     0x000000000000078e      0x863 ./Peripheral/src/ch32x035_gpio.o
 .debug_loc     0x0000000000000ff1       0x2d ./Peripheral/src/ch32x035_misc.o
 .debug_loc     0x000000000000101e      0x11e ./Peripheral/src/ch32x035_pwr.o
 .debug_loc     0x000000000000113c      0x34e ./Peripheral/src/ch32x035_rcc.o
 .debug_loc     0x000000000000148a      0x715 ./Peripheral/src/ch32x035_usart.o
 .debug_loc     0x0000000000001b9f      0x177 ./Debug/debug.o

.debug_aranges  0x0000000000000000      0x4a0
 .debug_aranges
                0x0000000000000000       0x48 ./usb/ch32x035_usbfs_device.o
 .debug_aranges
                0x0000000000000048       0x18 ./usb/usb_desc.o
 .debug_aranges
                0x0000000000000060       0x80 ./brd/aatt2_brd.o
 .debug_aranges
                0x00000000000000e0       0x28 ./User/ch32x035_it.o
 .debug_aranges
                0x0000000000000108       0x30 ./User/main.o
 .debug_aranges
                0x0000000000000138       0x28 ./User/system_ch32x035.o
 .debug_aranges
                0x0000000000000160       0x30 ./Startup/startup_ch32x035.o
 .debug_aranges
                0x0000000000000190       0x48 ./Peripheral/src/ch32x035_dbgmcu.o
 .debug_aranges
                0x00000000000001d8       0x98 ./Peripheral/src/ch32x035_gpio.o
 .debug_aranges
                0x0000000000000270       0x28 ./Peripheral/src/ch32x035_misc.o
 .debug_aranges
                0x0000000000000298       0x48 ./Peripheral/src/ch32x035_pwr.o
 .debug_aranges
                0x00000000000002e0       0x80 ./Peripheral/src/ch32x035_rcc.o
 .debug_aranges
                0x0000000000000360       0xf0 ./Peripheral/src/ch32x035_usart.o
 .debug_aranges
                0x0000000000000450       0x50 ./Debug/debug.o

.debug_ranges   0x0000000000000000      0x4b0
 .debug_ranges  0x0000000000000000       0x88 ./usb/ch32x035_usbfs_device.o
 .debug_ranges  0x0000000000000088       0x70 ./brd/aatt2_brd.o
 .debug_ranges  0x00000000000000f8       0x18 ./User/ch32x035_it.o
 .debug_ranges  0x0000000000000110       0x38 ./User/main.o
 .debug_ranges  0x0000000000000148       0x18 ./User/system_ch32x035.o
 .debug_ranges  0x0000000000000160       0x28 ./Startup/startup_ch32x035.o
 .debug_ranges  0x0000000000000188       0x50 ./Peripheral/src/ch32x035_dbgmcu.o
 .debug_ranges  0x00000000000001d8       0x88 ./Peripheral/src/ch32x035_gpio.o
 .debug_ranges  0x0000000000000260       0x48 ./Peripheral/src/ch32x035_misc.o
 .debug_ranges  0x00000000000002a8       0x78 ./Peripheral/src/ch32x035_pwr.o
 .debug_ranges  0x0000000000000320       0x70 ./Peripheral/src/ch32x035_rcc.o
 .debug_ranges  0x0000000000000390       0xe0 ./Peripheral/src/ch32x035_usart.o
 .debug_ranges  0x0000000000000470       0x40 ./Debug/debug.o

.debug_line     0x0000000000000000     0x709d
 .debug_line    0x0000000000000000     0x1a8f ./usb/ch32x035_usbfs_device.o
 .debug_line    0x0000000000001a8f      0x1ec ./usb/usb_desc.o
 .debug_line    0x0000000000001c7b      0xa3d ./brd/aatt2_brd.o
 .debug_line    0x00000000000026b8      0x292 ./User/ch32x035_it.o
 .debug_line    0x000000000000294a      0x63e ./User/main.o
 .debug_line    0x0000000000002f88      0x372 ./User/system_ch32x035.o
 .debug_line    0x00000000000032fa      0x11e ./Startup/startup_ch32x035.o
 .debug_line    0x0000000000003418      0x36b ./Peripheral/src/ch32x035_dbgmcu.o
 .debug_line    0x0000000000003783     0x1266 ./Peripheral/src/ch32x035_gpio.o
 .debug_line    0x00000000000049e9      0x3c0 ./Peripheral/src/ch32x035_misc.o
 .debug_line    0x0000000000004da9      0x5d0 ./Peripheral/src/ch32x035_pwr.o
 .debug_line    0x0000000000005379      0x7a9 ./Peripheral/src/ch32x035_rcc.o
 .debug_line    0x0000000000005b22      0xe59 ./Peripheral/src/ch32x035_usart.o
 .debug_line    0x000000000000697b      0x722 ./Debug/debug.o

.debug_str      0x0000000000000000     0x1c32
 .debug_str     0x0000000000000000      0xefd ./usb/ch32x035_usbfs_device.o
                                        0xf88 (size before relaxing)
 .debug_str     0x0000000000000efd       0x12 ./usb/usb_desc.o
                                        0x5de (size before relaxing)
 .debug_str     0x0000000000000f0f       0xe4 ./brd/aatt2_brd.o
                                        0x89d (size before relaxing)
 .debug_str     0x0000000000000ff3       0x45 ./User/ch32x035_it.o
                                        0x678 (size before relaxing)
 .debug_str     0x0000000000001038       0xd9 ./User/main.o
                                        0xd3a (size before relaxing)
 .debug_str     0x0000000000001111       0xc7 ./User/system_ch32x035.o
                                        0x6a7 (size before relaxing)
 .debug_str     0x00000000000011d8       0x2a ./Startup/startup_ch32x035.o
                                         0x59 (size before relaxing)
 .debug_str     0x0000000000001202       0x87 ./Peripheral/src/ch32x035_dbgmcu.o
                                        0x639 (size before relaxing)
 .debug_str     0x0000000000001289      0x1ee ./Peripheral/src/ch32x035_gpio.o
                                        0x93f (size before relaxing)
 .debug_str     0x0000000000001477       0xee ./Peripheral/src/ch32x035_misc.o
                                        0xa04 (size before relaxing)
 .debug_str     0x0000000000001565       0xd0 ./Peripheral/src/ch32x035_pwr.o
                                        0x7be (size before relaxing)
 .debug_str     0x0000000000001635      0x180 ./Peripheral/src/ch32x035_rcc.o
                                        0x843 (size before relaxing)
 .debug_str     0x00000000000017b5      0x3f5 ./Peripheral/src/ch32x035_usart.o
                                        0xacc (size before relaxing)
 .debug_str     0x0000000000001baa       0x88 ./Debug/debug.o
                                        0x8cd (size before relaxing)

.comment        0x0000000000000000       0x33
 .comment       0x0000000000000000       0x33 ./usb/ch32x035_usbfs_device.o
                                         0x34 (size before relaxing)
 .comment       0x0000000000000033       0x34 ./usb/usb_desc.o
 .comment       0x0000000000000033       0x34 ./brd/aatt2_brd.o
 .comment       0x0000000000000033       0x34 ./User/ch32x035_it.o
 .comment       0x0000000000000033       0x34 ./User/main.o
 .comment       0x0000000000000033       0x34 ./User/system_ch32x035.o
 .comment       0x0000000000000033       0x34 ./Peripheral/src/ch32x035_dbgmcu.o
 .comment       0x0000000000000033       0x34 ./Peripheral/src/ch32x035_gpio.o
 .comment       0x0000000000000033       0x34 ./Peripheral/src/ch32x035_misc.o
 .comment       0x0000000000000033       0x34 ./Peripheral/src/ch32x035_pwr.o
 .comment       0x0000000000000033       0x34 ./Peripheral/src/ch32x035_rcc.o
 .comment       0x0000000000000033       0x34 ./Peripheral/src/ch32x035_usart.o
 .comment       0x0000000000000033       0x34 ./Debug/debug.o

.debug_frame    0x0000000000000000     0x127c
 .debug_frame   0x0000000000000000       0xf4 ./usb/ch32x035_usbfs_device.o
 .debug_frame   0x00000000000000f4      0x184 ./brd/aatt2_brd.o
 .debug_frame   0x0000000000000278       0x30 ./User/ch32x035_it.o
 .debug_frame   0x00000000000002a8       0x6c ./User/main.o
 .debug_frame   0x0000000000000314       0x30 ./User/system_ch32x035.o
 .debug_frame   0x0000000000000344       0x70 ./Peripheral/src/ch32x035_dbgmcu.o
 .debug_frame   0x00000000000003b4      0x140 ./Peripheral/src/ch32x035_gpio.o
 .debug_frame   0x00000000000004f4       0x30 ./Peripheral/src/ch32x035_misc.o
 .debug_frame   0x0000000000000524       0x8c ./Peripheral/src/ch32x035_pwr.o
 .debug_frame   0x00000000000005b0       0xfc ./Peripheral/src/ch32x035_rcc.o
 .debug_frame   0x00000000000006ac      0x1e4 ./Peripheral/src/ch32x035_usart.o
 .debug_frame   0x0000000000000890       0xb8 ./Debug/debug.o
 .debug_frame   0x0000000000000948       0x20 c:/mounriver/mounriver_studio/toolchain/risc-v embedded gcc/bin/../lib/gcc/riscv-none-embed/8.2.0/../../../../riscv-none-embed/lib/rv32imacxw/ilp32\libg_nano.a(lib_a-memcpy.o)
 .debug_frame   0x0000000000000968       0x54 c:/mounriver/mounriver_studio/toolchain/risc-v embedded gcc/bin/../lib/gcc/riscv-none-embed/8.2.0/../../../../riscv-none-embed/lib/rv32imacxw/ilp32\libg_nano.a(lib_a-printf.o)
 .debug_frame   0x00000000000009bc       0x54 c:/mounriver/mounriver_studio/toolchain/risc-v embedded gcc/bin/../lib/gcc/riscv-none-embed/8.2.0/../../../../riscv-none-embed/lib/rv32imacxw/ilp32\libg_nano.a(lib_a-puts.o)
 .debug_frame   0x0000000000000a10       0x50 c:/mounriver/mounriver_studio/toolchain/risc-v embedded gcc/bin/../lib/gcc/riscv-none-embed/8.2.0/../../../../riscv-none-embed/lib/rv32imacxw/ilp32\libg_nano.a(lib_a-wbuf.o)
 .debug_frame   0x0000000000000a60       0x3c c:/mounriver/mounriver_studio/toolchain/risc-v embedded gcc/bin/../lib/gcc/riscv-none-embed/8.2.0/../../../../riscv-none-embed/lib/rv32imacxw/ilp32\libg_nano.a(lib_a-wsetup.o)
 .debug_frame   0x0000000000000a9c       0x7c c:/mounriver/mounriver_studio/toolchain/risc-v embedded gcc/bin/../lib/gcc/riscv-none-embed/8.2.0/../../../../riscv-none-embed/lib/rv32imacxw/ilp32\libg_nano.a(lib_a-fflush.o)
 .debug_frame   0x0000000000000b18      0x148 c:/mounriver/mounriver_studio/toolchain/risc-v embedded gcc/bin/../lib/gcc/riscv-none-embed/8.2.0/../../../../riscv-none-embed/lib/rv32imacxw/ilp32\libg_nano.a(lib_a-findfp.o)
 .debug_frame   0x0000000000000c60       0x88 c:/mounriver/mounriver_studio/toolchain/risc-v embedded gcc/bin/../lib/gcc/riscv-none-embed/8.2.0/../../../../riscv-none-embed/lib/rv32imacxw/ilp32\libg_nano.a(lib_a-fwalk.o)
 .debug_frame   0x0000000000000ce8       0x64 c:/mounriver/mounriver_studio/toolchain/risc-v embedded gcc/bin/../lib/gcc/riscv-none-embed/8.2.0/../../../../riscv-none-embed/lib/rv32imacxw/ilp32\libg_nano.a(lib_a-makebuf.o)
 .debug_frame   0x0000000000000d4c       0x40 c:/mounriver/mounriver_studio/toolchain/risc-v embedded gcc/bin/../lib/gcc/riscv-none-embed/8.2.0/../../../../riscv-none-embed/lib/rv32imacxw/ilp32\libg_nano.a(lib_a-nano-freer.o)
 .debug_frame   0x0000000000000d8c       0x40 c:/mounriver/mounriver_studio/toolchain/risc-v embedded gcc/bin/../lib/gcc/riscv-none-embed/8.2.0/../../../../riscv-none-embed/lib/rv32imacxw/ilp32\libg_nano.a(lib_a-nano-mallocr.o)
 .debug_frame   0x0000000000000dcc       0xd0 c:/mounriver/mounriver_studio/toolchain/risc-v embedded gcc/bin/../lib/gcc/riscv-none-embed/8.2.0/../../../../riscv-none-embed/lib/rv32imacxw/ilp32\libg_nano.a(lib_a-nano-vfprintf.o)
 .debug_frame   0x0000000000000e9c       0x8c c:/mounriver/mounriver_studio/toolchain/risc-v embedded gcc/bin/../lib/gcc/riscv-none-embed/8.2.0/../../../../riscv-none-embed/lib/rv32imacxw/ilp32\libg_nano.a(lib_a-nano-vfprintf_i.o)
 .debug_frame   0x0000000000000f28       0x30 c:/mounriver/mounriver_studio/toolchain/risc-v embedded gcc/bin/../lib/gcc/riscv-none-embed/8.2.0/../../../../riscv-none-embed/lib/rv32imacxw/ilp32\libg_nano.a(lib_a-sbrkr.o)
 .debug_frame   0x0000000000000f58       0xa4 c:/mounriver/mounriver_studio/toolchain/risc-v embedded gcc/bin/../lib/gcc/riscv-none-embed/8.2.0/../../../../riscv-none-embed/lib/rv32imacxw/ilp32\libg_nano.a(lib_a-stdio.o)
 .debug_frame   0x0000000000000ffc       0x30 c:/mounriver/mounriver_studio/toolchain/risc-v embedded gcc/bin/../lib/gcc/riscv-none-embed/8.2.0/../../../../riscv-none-embed/lib/rv32imacxw/ilp32\libg_nano.a(lib_a-writer.o)
 .debug_frame   0x000000000000102c       0x30 c:/mounriver/mounriver_studio/toolchain/risc-v embedded gcc/bin/../lib/gcc/riscv-none-embed/8.2.0/../../../../riscv-none-embed/lib/rv32imacxw/ilp32\libg_nano.a(lib_a-closer.o)
 .debug_frame   0x000000000000105c       0x30 c:/mounriver/mounriver_studio/toolchain/risc-v embedded gcc/bin/../lib/gcc/riscv-none-embed/8.2.0/../../../../riscv-none-embed/lib/rv32imacxw/ilp32\libg_nano.a(lib_a-fstatr.o)
 .debug_frame   0x000000000000108c       0x30 c:/mounriver/mounriver_studio/toolchain/risc-v embedded gcc/bin/../lib/gcc/riscv-none-embed/8.2.0/../../../../riscv-none-embed/lib/rv32imacxw/ilp32\libg_nano.a(lib_a-isattyr.o)
 .debug_frame   0x00000000000010bc       0x30 c:/mounriver/mounriver_studio/toolchain/risc-v embedded gcc/bin/../lib/gcc/riscv-none-embed/8.2.0/../../../../riscv-none-embed/lib/rv32imacxw/ilp32\libg_nano.a(lib_a-lseekr.o)
 .debug_frame   0x00000000000010ec       0x20 c:/mounriver/mounriver_studio/toolchain/risc-v embedded gcc/bin/../lib/gcc/riscv-none-embed/8.2.0/../../../../riscv-none-embed/lib/rv32imacxw/ilp32\libg_nano.a(lib_a-memchr.o)
 .debug_frame   0x000000000000110c       0x30 c:/mounriver/mounriver_studio/toolchain/risc-v embedded gcc/bin/../lib/gcc/riscv-none-embed/8.2.0/../../../../riscv-none-embed/lib/rv32imacxw/ilp32\libg_nano.a(lib_a-mlock.o)
 .debug_frame   0x000000000000113c       0x30 c:/mounriver/mounriver_studio/toolchain/risc-v embedded gcc/bin/../lib/gcc/riscv-none-embed/8.2.0/../../../../riscv-none-embed/lib/rv32imacxw/ilp32\libg_nano.a(lib_a-readr.o)
 .debug_frame   0x000000000000116c       0x70 c:/mounriver/mounriver_studio/toolchain/risc-v embedded gcc/bin/../lib/gcc/riscv-none-embed/8.2.0/../../../../riscv-none-embed/lib/rv32imacxw/ilp32\libg_nano.a(lib_a-reent.o)
 .debug_frame   0x00000000000011dc       0x20 c:/mounriver/mounriver_studio/toolchain/risc-v embedded gcc/bin/../lib/gcc/riscv-none-embed/8.2.0/../../../../riscv-none-embed/lib/rv32imacxw/ilp32\libnosys.a(close.o)
 .debug_frame   0x00000000000011fc       0x20 c:/mounriver/mounriver_studio/toolchain/risc-v embedded gcc/bin/../lib/gcc/riscv-none-embed/8.2.0/../../../../riscv-none-embed/lib/rv32imacxw/ilp32\libnosys.a(fstat.o)
 .debug_frame   0x000000000000121c       0x20 c:/mounriver/mounriver_studio/toolchain/risc-v embedded gcc/bin/../lib/gcc/riscv-none-embed/8.2.0/../../../../riscv-none-embed/lib/rv32imacxw/ilp32\libnosys.a(isatty.o)
 .debug_frame   0x000000000000123c       0x20 c:/mounriver/mounriver_studio/toolchain/risc-v embedded gcc/bin/../lib/gcc/riscv-none-embed/8.2.0/../../../../riscv-none-embed/lib/rv32imacxw/ilp32\libnosys.a(lseek.o)
 .debug_frame   0x000000000000125c       0x20 c:/mounriver/mounriver_studio/toolchain/risc-v embedded gcc/bin/../lib/gcc/riscv-none-embed/8.2.0/../../../../riscv-none-embed/lib/rv32imacxw/ilp32\libnosys.a(read.o)

.stab           0x0000000000000000       0x84
 .stab          0x0000000000000000       0x24 c:/mounriver/mounriver_studio/toolchain/risc-v embedded gcc/bin/../lib/gcc/riscv-none-embed/8.2.0/../../../../riscv-none-embed/lib/rv32imacxw/ilp32\libnosys.a(close.o)
 .stab          0x0000000000000024       0x18 c:/mounriver/mounriver_studio/toolchain/risc-v embedded gcc/bin/../lib/gcc/riscv-none-embed/8.2.0/../../../../riscv-none-embed/lib/rv32imacxw/ilp32\libnosys.a(fstat.o)
                                         0x24 (size before relaxing)
 .stab          0x000000000000003c       0x18 c:/mounriver/mounriver_studio/toolchain/risc-v embedded gcc/bin/../lib/gcc/riscv-none-embed/8.2.0/../../../../riscv-none-embed/lib/rv32imacxw/ilp32\libnosys.a(isatty.o)
                                         0x24 (size before relaxing)
 .stab          0x0000000000000054       0x18 c:/mounriver/mounriver_studio/toolchain/risc-v embedded gcc/bin/../lib/gcc/riscv-none-embed/8.2.0/../../../../riscv-none-embed/lib/rv32imacxw/ilp32\libnosys.a(lseek.o)
                                         0x24 (size before relaxing)
 .stab          0x000000000000006c       0x18 c:/mounriver/mounriver_studio/toolchain/risc-v embedded gcc/bin/../lib/gcc/riscv-none-embed/8.2.0/../../../../riscv-none-embed/lib/rv32imacxw/ilp32\libnosys.a(read.o)
                                         0x24 (size before relaxing)

.stabstr        0x0000000000000000      0x117
 .stabstr       0x0000000000000000      0x117 c:/mounriver/mounriver_studio/toolchain/risc-v embedded gcc/bin/../lib/gcc/riscv-none-embed/8.2.0/../../../../riscv-none-embed/lib/rv32imacxw/ilp32\libnosys.a(close.o)
