Archive member included to satisfy reference by file (symbol)

c:/mounriver/mounriver_studio/toolchain/risc-v embedded gcc/bin/../lib/gcc/riscv-none-embed/8.2.0/../../../../riscv-none-embed/lib/rv32imacxw/ilp32\libg_nano.a(lib_a-memcpy.o)
                              ./User/ch32x035_usbfs_device.o (memcpy)
c:/mounriver/mounriver_studio/toolchain/risc-v embedded gcc/bin/../lib/gcc/riscv-none-embed/8.2.0/../../../../riscv-none-embed/lib/rv32imacxw/ilp32\libg_nano.a(lib_a-printf.o)
                              ./User/main.o (printf)
c:/mounriver/mounriver_studio/toolchain/risc-v embedded gcc/bin/../lib/gcc/riscv-none-embed/8.2.0/../../../../riscv-none-embed/lib/rv32imacxw/ilp32\libg_nano.a(lib_a-puts.o)
                              ./User/main.o (puts)
c:/mounriver/mounriver_studio/toolchain/risc-v embedded gcc/bin/../lib/gcc/riscv-none-embed/8.2.0/../../../../riscv-none-embed/lib/rv32imacxw/ilp32\libg_nano.a(lib_a-wbuf.o)
                              c:/mounriver/mounriver_studio/toolchain/risc-v embedded gcc/bin/../lib/gcc/riscv-none-embed/8.2.0/../../../../riscv-none-embed/lib/rv32imacxw/ilp32\libg_nano.a(lib_a-puts.o) (__swbuf_r)
c:/mounriver/mounriver_studio/toolchain/risc-v embedded gcc/bin/../lib/gcc/riscv-none-embed/8.2.0/../../../../riscv-none-embed/lib/rv32imacxw/ilp32\libg_nano.a(lib_a-wsetup.o)
                              c:/mounriver/mounriver_studio/toolchain/risc-v embedded gcc/bin/../lib/gcc/riscv-none-embed/8.2.0/../../../../riscv-none-embed/lib/rv32imacxw/ilp32\libg_nano.a(lib_a-puts.o) (__swsetup_r)
c:/mounriver/mounriver_studio/toolchain/risc-v embedded gcc/bin/../lib/gcc/riscv-none-embed/8.2.0/../../../../riscv-none-embed/lib/rv32imacxw/ilp32\libg_nano.a(lib_a-fflush.o)
                              c:/mounriver/mounriver_studio/toolchain/risc-v embedded gcc/bin/../lib/gcc/riscv-none-embed/8.2.0/../../../../riscv-none-embed/lib/rv32imacxw/ilp32\libg_nano.a(lib_a-wbuf.o) (_fflush_r)
c:/mounriver/mounriver_studio/toolchain/risc-v embedded gcc/bin/../lib/gcc/riscv-none-embed/8.2.0/../../../../riscv-none-embed/lib/rv32imacxw/ilp32\libg_nano.a(lib_a-findfp.o)
                              c:/mounriver/mounriver_studio/toolchain/risc-v embedded gcc/bin/../lib/gcc/riscv-none-embed/8.2.0/../../../../riscv-none-embed/lib/rv32imacxw/ilp32\libg_nano.a(lib_a-printf.o) (__sinit)
c:/mounriver/mounriver_studio/toolchain/risc-v embedded gcc/bin/../lib/gcc/riscv-none-embed/8.2.0/../../../../riscv-none-embed/lib/rv32imacxw/ilp32\libg_nano.a(lib_a-fwalk.o)
                              c:/mounriver/mounriver_studio/toolchain/risc-v embedded gcc/bin/../lib/gcc/riscv-none-embed/8.2.0/../../../../riscv-none-embed/lib/rv32imacxw/ilp32\libg_nano.a(lib_a-findfp.o) (_fwalk)
c:/mounriver/mounriver_studio/toolchain/risc-v embedded gcc/bin/../lib/gcc/riscv-none-embed/8.2.0/../../../../riscv-none-embed/lib/rv32imacxw/ilp32\libg_nano.a(lib_a-impure.o)
                              c:/mounriver/mounriver_studio/toolchain/risc-v embedded gcc/bin/../lib/gcc/riscv-none-embed/8.2.0/../../../../riscv-none-embed/lib/rv32imacxw/ilp32\libg_nano.a(lib_a-fflush.o) (_global_impure_ptr)
c:/mounriver/mounriver_studio/toolchain/risc-v embedded gcc/bin/../lib/gcc/riscv-none-embed/8.2.0/../../../../riscv-none-embed/lib/rv32imacxw/ilp32\libg_nano.a(lib_a-makebuf.o)
                              c:/mounriver/mounriver_studio/toolchain/risc-v embedded gcc/bin/../lib/gcc/riscv-none-embed/8.2.0/../../../../riscv-none-embed/lib/rv32imacxw/ilp32\libg_nano.a(lib_a-wsetup.o) (__smakebuf_r)
c:/mounriver/mounriver_studio/toolchain/risc-v embedded gcc/bin/../lib/gcc/riscv-none-embed/8.2.0/../../../../riscv-none-embed/lib/rv32imacxw/ilp32\libg_nano.a(lib_a-memset.o)
                              c:/mounriver/mounriver_studio/toolchain/risc-v embedded gcc/bin/../lib/gcc/riscv-none-embed/8.2.0/../../../../riscv-none-embed/lib/rv32imacxw/ilp32\libg_nano.a(lib_a-findfp.o) (memset)
c:/mounriver/mounriver_studio/toolchain/risc-v embedded gcc/bin/../lib/gcc/riscv-none-embed/8.2.0/../../../../riscv-none-embed/lib/rv32imacxw/ilp32\libg_nano.a(lib_a-nano-freer.o)
                              c:/mounriver/mounriver_studio/toolchain/risc-v embedded gcc/bin/../lib/gcc/riscv-none-embed/8.2.0/../../../../riscv-none-embed/lib/rv32imacxw/ilp32\libg_nano.a(lib_a-wsetup.o) (_free_r)
c:/mounriver/mounriver_studio/toolchain/risc-v embedded gcc/bin/../lib/gcc/riscv-none-embed/8.2.0/../../../../riscv-none-embed/lib/rv32imacxw/ilp32\libg_nano.a(lib_a-nano-mallocr.o)
                              c:/mounriver/mounriver_studio/toolchain/risc-v embedded gcc/bin/../lib/gcc/riscv-none-embed/8.2.0/../../../../riscv-none-embed/lib/rv32imacxw/ilp32\libg_nano.a(lib_a-findfp.o) (_malloc_r)
c:/mounriver/mounriver_studio/toolchain/risc-v embedded gcc/bin/../lib/gcc/riscv-none-embed/8.2.0/../../../../riscv-none-embed/lib/rv32imacxw/ilp32\libg_nano.a(lib_a-nano-vfprintf.o)
[...]
Memory Configuration

Name             Origin             Length             Attributes
FLASH            0x0000000000000000 0x000000000000f800 xr
RAM              0x0000000020000000 0x0000000000005000 xrw
*default*        0x0000000000000000 0xffffffffffffffff

Linker script and memory map

LOAD ./brd/aatt2_brd.o
LOAD ./User/ch32x035_it.o
LOAD ./User/ch32x035_usbfs_device.o
LOAD ./User/main.o
LOAD ./User/system_ch32x035.o
LOAD ./User/usb_desc.o
LOAD ./Startup/startup_ch32x035.o
LOAD ./Peripheral/src/ch32x035_adc.o
LOAD ./Peripheral/src/ch32x035_awu.o
LOAD ./Peripheral/src/ch32x035_dbgmcu.o
LOAD ./Peripheral/src/ch32x035_dma.o
LOAD ./Peripheral/src/ch32x035_exti.o
LOAD ./Peripheral/src/ch32x035_flash.o
LOAD ./Peripheral/src/ch32x035_gpio.o
LOAD ./Peripheral/src/ch32x035_i2c.o
LOAD ./Peripheral/src/ch32x035_iwdg.o
LOAD ./Peripheral/src/ch32x035_misc.o
LOAD ./Peripheral/src/ch32x035_opa.o
LOAD ./Peripheral/src/ch32x035_pwr.o
LOAD ./Peripheral/src/ch32x035_rcc.o
LOAD ./Peripheral/src/ch32x035_spi.o
LOAD ./Peripheral/src/ch32x035_tim.o
LOAD ./Peripheral/src/ch32x035_usart.o
LOAD ./Peripheral/src/ch32x035_wwdg.o
LOAD ./Debug/debug.o
LOAD ./Core/core_riscv.o
LOAD c:/mounriver/mounriver_studio/toolchain/risc-v embedded gcc/bin/../lib/gcc/riscv-none-embed/8.2.0/rv32imacxw/ilp32\libgcc.a
LOAD c:/mounriver/mounriver_studio/toolchain/risc-v embedded gcc/bin/../lib/gcc/riscv-none-embed/8.2.0/../../../../riscv-none-embed/lib/rv32imacxw/ilp32\libg_nano.a
LOAD c:/mounriver/mounriver_studio/toolchain/risc-v embedded gcc/bin/../lib/gcc/riscv-none-embed/8.2.0/../../../../riscv-none-embed/lib/rv32imacxw/ilp32\libc_nano.a
LOAD c:/mounriver/mounriver_studio/toolchain/risc-v embedded gcc/bin/../lib/gcc/riscv-none-embed/8.2.0/rv32imacxw/ilp32\libgcc.a
START GROUP
LOAD c:/mounriver/mounriver_studio/toolchain/risc-v embedded gcc/bin/../lib/gcc/riscv-none-embed/8.2.0/rv32imacxw/ilp32\libgcc.a
LOAD c:/mounriver/mounriver_studio/toolchain/risc-v embedded gcc/bin/../lib/gcc/riscv-none-embed/8.2.0/../../../../riscv-none-embed/lib/rv32imacxw/ilp32\libc_nano.a
LOAD c:/mounriver/mounriver_studio/toolchain/risc-v embedded gcc/bin/../lib/gcc/riscv-none-embed/8.2.0/../../../../riscv-none-embed/lib/rv32imacxw/ilp32\libnosys.a
END GROUP
START GROUP
LOAD c:/mounriver/mounriver_studio/toolchain/risc-v embedded gcc/bin/../lib/gcc/riscv-none-embed/8.2.0/rv32imacxw/ilp32\libgcc.a
LOAD c:/mounriver/mounriver_studio/toolchain/risc-v embedded gcc/bin/../lib/gcc/riscv-none-embed/8.2.0/../../../../riscv-none-embed/lib/rv32imacxw/ilp32\libc_nano.a
LOAD c:/mounriver/mounriver_studio/toolchain/risc-v embedded gcc/bin/../lib/gcc/riscv-none-embed/8.2.0/../../../../riscv-none-embed/lib/rv32imacxw/ilp32\libnosys.a
END GROUP
                0x0000000000000800                __stack_size = 0x800
                [!provide]                        PROVIDE (_stack_size = __stack_size)

.init           0x0000000000000000        0x4
                0x0000000000000000                _sinit = .
                0x0000000000000000                . = ALIGN (0x4)
 *(SORT_NONE(.init))
 .init          0x0000000000000000        0x4 ./Startup/startup_ch32x035.o
                0x0000000000000000                _start
                0x0000000000000004                . = ALIGN (0x4)
                0x0000000000000004                _einit = .

.vector         0x0000000000000004       0xfc
 *(.vector)
 .vector        0x0000000000000004       0xdc ./Startup/startup_ch32x035.o
                0x0000000000000100                . = ALIGN (0x40)
 *fill*         0x00000000000000e0       0x20 

.text           0x0000000000000100     0x31a0
                0x0000000000000100                . = ALIGN (0x4)
 *(.text)
 .text          0x0000000000000100       0xa8 c:/mounriver/mounriver_studio/toolchain/risc-v embedded gcc/bin/../lib/gcc/riscv-none-embed/8.2.0/../../../../riscv-none-embed/lib/rv32imacxw/ilp32\libg_nano.a(lib_a-memset.o)
                0x0000000000000100                memset
 *(.text.*)
 .text.init_gpio
                0x00000000000001a8      0x14e ./brd/aatt2_brd.o
                0x00000000000001a8                init_gpio
 .text.RCC_Configuration
                0x00000000000002f6       0x36 ./brd/aatt2_brd.o
                0x00000000000002f6                RCC_Configuration
 .text.init_cdc_usb
                0x000000000000032c       0x44 ./brd/aatt2_brd.o
                0x000000000000032c                init_cdc_usb
 .text.board_init
                0x0000000000000370       0x14 ./brd/aatt2_brd.o
                0x0000000000000370                board_init
 .text.NMI_Handler
                0x0000000000000384        0x8 ./User/ch32x035_it.o
                0x0000000000000384                NMI_Handler
 .text.HardFault_Handler
                0x000000000000038c        0x8 ./User/ch32x035_it.o
                0x000000000000038c                HardFault_Handler
 .text.USBFS_RCC_Init
                0x0000000000000394       0x22 ./User/ch32x035_usbfs_device.o
                0x0000000000000394                USBFS_RCC_Init
 .text.USBFS_Device_Endp_Init
                0x00000000000003b6       0xd6 ./User/ch32x035_usbfs_device.o
                0x00000000000003b6                USBFS_Device_Endp_Init
 .text.GPIO_USB_INIT
                0x000000000000048c       0x5e ./User/ch32x035_usbfs_device.o
                0x000000000000048c                GPIO_USB_INIT
 .text.USBFS_Device_Init
                0x00000000000004ea      0x120 ./User/ch32x035_usbfs_device.o
                0x00000000000004ea                USBFS_Device_Init
 .text.USBFS_IRQHandler
                0x000000000000060a      0xbbc ./User/ch32x035_usbfs_device.o
                0x000000000000060a                USBFS_IRQHandler
 .text.main     0x00000000000011c6       0xa2 ./User/main.o
                0x00000000000011c6                main
 .text.SystemInit
                0x0000000000001268       0x4a ./User/system_ch32x035.o
                0x0000000000001268                SystemInit
 .text.SystemCoreClockUpdate
                0x00000000000012b2       0x80 ./User/system_ch32x035.o
                0x00000000000012b2                SystemCoreClockUpdate
 .text.SetSysClock
                0x0000000000001332       0x14 ./User/system_ch32x035.o
 .text.SetSysClockTo48_HSI
                0x0000000000001346       0x48 ./User/system_ch32x035.o
 .text.vector_handler
                0x000000000000138e        0x2 ./Startup/startup_ch32x035.o
                0x000000000000138e                TIM1_CC_IRQHandler
                0x000000000000138e                TIM2_UP_IRQHandler
                0x000000000000138e                USBPD_IRQHandler
                0x000000000000138e                SysTick_Handler
                0x000000000000138e                PVD_IRQHandler
                0x000000000000138e                EXTI25_16_IRQHandler
                0x000000000000138e                Break_Point_Handler
                0x000000000000138e                TIM2_TRG_COM_IRQHandler
                0x000000000000138e                TIM2_CC_IRQHandler
                0x000000000000138e                SPI1_IRQHandler
                0x000000000000138e                AWU_IRQHandler
                0x000000000000138e                EXTI7_0_IRQHandler
                0x000000000000138e                Ecall_M_Mode_Handler
                0x000000000000138e                DMA1_Channel4_IRQHandler
                0x000000000000138e                ADC1_IRQHandler
                0x000000000000138e                TIM2_BRK_IRQHandler
                0x000000000000138e                USART3_IRQHandler
                0x000000000000138e                DMA1_Channel7_IRQHandler
                0x000000000000138e                USBPDWakeUp_IRQHandler
                0x000000000000138e                EXTI15_8_IRQHandler
                0x000000000000138e                I2C1_EV_IRQHandler
                0x000000000000138e                USART4_IRQHandler
                0x000000000000138e                DMA1_Channel6_IRQHandler
                0x000000000000138e                TIM3_IRQHandler
                0x000000000000138e                TIM1_TRG_COM_IRQHandler
                0x000000000000138e                DMA1_Channel1_IRQHandler
                0x000000000000138e                DMA1_Channel8_IRQHandler
                0x000000000000138e                PIOC_IRQHandler
                0x000000000000138e                DMA1_Channel5_IRQHandler
                0x000000000000138e                DMA1_Channel3_IRQHandler
                0x000000000000138e                TIM1_UP_IRQHandler
                0x000000000000138e                WWDG_IRQHandler
                0x000000000000138e                Ecall_U_Mode_Handler
                0x000000000000138e                SW_Handler
                0x000000000000138e                TIM1_BRK_IRQHandler
                0x000000000000138e                OPA_IRQHandler
                0x000000000000138e                USART2_IRQHandler
                0x000000000000138e                DMA1_Channel2_IRQHandler
                0x000000000000138e                FLASH_IRQHandler
                0x000000000000138e                USBFSWakeUp_IRQHandler
                0x000000000000138e                USART1_IRQHandler
                0x000000000000138e                I2C1_ER_IRQHandler
 .text.handle_reset
                0x0000000000001390       0x86 ./Startup/startup_ch32x035.o
                0x0000000000001390                handle_reset
 .text.DBGMCU_GetCHIPID
                0x0000000000001416       0x18 ./Peripheral/src/ch32x035_dbgmcu.o
                0x0000000000001416                DBGMCU_GetCHIPID
 .text.GPIO_Init
                0x000000000000142e      0x394 ./Peripheral/src/ch32x035_gpio.o
                0x000000000000142e                GPIO_Init
 .text.NVIC_PriorityGroupConfig
                0x00000000000017c2       0x1a ./Peripheral/src/ch32x035_misc.o
                0x00000000000017c2                NVIC_PriorityGroupConfig
 .text.PWR_PVDLevelConfig
                0x00000000000017dc       0x44 ./Peripheral/src/ch32x035_pwr.o
                0x00000000000017dc                PWR_PVDLevelConfig
 .text.PWR_GetFlagStatus
                0x0000000000001820       0x34 ./Peripheral/src/ch32x035_pwr.o
                0x0000000000001820                PWR_GetFlagStatus
 .text.PWR_VDD_SupplyVoltage
                0x0000000000001854       0x40 ./Peripheral/src/ch32x035_pwr.o
                0x0000000000001854                PWR_VDD_SupplyVoltage
 .text.RCC_GetClocksFreq
                0x0000000000001894       0xa6 ./Peripheral/src/ch32x035_rcc.o
                0x0000000000001894                RCC_GetClocksFreq
 .text.RCC_AHBPeriphClockCmd
                0x000000000000193a       0x46 ./Peripheral/src/ch32x035_rcc.o
                0x000000000000193a                RCC_AHBPeriphClockCmd
 .text.RCC_APB2PeriphClockCmd
                0x0000000000001980       0x46 ./Peripheral/src/ch32x035_rcc.o
                0x0000000000001980                RCC_APB2PeriphClockCmd
 .text.RCC_APB1PeriphClockCmd
                0x00000000000019c6       0x46 ./Peripheral/src/ch32x035_rcc.o
                0x00000000000019c6                RCC_APB1PeriphClockCmd
 .text.USART_Init
                0x0000000000001a0c      0x1b2 ./Peripheral/src/ch32x035_usart.o
                0x0000000000001a0c                USART_Init
 .text.USART_Cmd
                0x0000000000001bbe       0x58 ./Peripheral/src/ch32x035_usart.o
                0x0000000000001bbe                USART_Cmd
 .text.USART_SendData
                0x0000000000001c16       0x2c ./Peripheral/src/ch32x035_usart.o
                0x0000000000001c16                USART_SendData
 .text.USART_GetFlagStatus
                0x0000000000001c42       0x44 ./Peripheral/src/ch32x035_usart.o
                0x0000000000001c42                USART_GetFlagStatus
 .text.Delay_Init
                0x0000000000001c86       0x46 ./Debug/debug.o
                0x0000000000001c86                Delay_Init
 .text.Delay_Us
                0x0000000000001ccc       0x80 ./Debug/debug.o
                0x0000000000001ccc                Delay_Us
 .text.USART_Printf_Init
                0x0000000000001d4c       0x80 ./Debug/debug.o
                0x0000000000001d4c                USART_Printf_Init
 .text._write   0x0000000000001dcc       0x7e ./Debug/debug.o
                0x0000000000001dcc                _write
 .text._sbrk    0x0000000000001e4a       0x5a ./Debug/debug.o
                0x0000000000001e4a                _sbrk
 .text.memcpy   0x0000000000001ea4       0xb2 c:/mounriver/mounriver_studio/toolchain/risc-v embedded gcc/bin/../lib/gcc/riscv-none-embed/8.2.0/../../../../riscv-none-embed/lib/rv32imacxw/ilp32\libg_nano.a(lib_a-memcpy.o)
                0x0000000000001ea4                memcpy
 .text.printf   0x0000000000001f56       0x40 c:/mounriver/mounriver_studio/toolchain/risc-v embedded gcc/bin/../lib/gcc/riscv-none-embed/8.2.0/../../../../riscv-none-embed/lib/rv32imacxw/ilp32\libg_nano.a(lib_a-printf.o)
                0x0000000000001f56                iprintf
                0x0000000000001f56                printf
 .text._puts_r  0x0000000000001f96       0xd4 c:/mounriver/mounriver_studio/toolchain/risc-v embedded gcc/bin/../lib/gcc/riscv-none-embed/8.2.0/../../../../riscv-none-embed/lib/rv32imacxw/ilp32\libg_nano.a(lib_a-puts.o)
                0x0000000000001f96                _puts_r
 .text.puts     0x000000000000206a        0xa c:/mounriver/mounriver_studio/toolchain/risc-v embedded gcc/bin/../lib/gcc/riscv-none-embed/8.2.0/../../../../riscv-none-embed/lib/rv32imacxw/ilp32\libg_nano.a(lib_a-puts.o)
                0x000000000000206a                puts
 .text.__swbuf_r
                0x0000000000002074       0xbc c:/mounriver/mounriver_studio/toolchain/risc-v embedded gcc/bin/../lib/gcc/riscv-none-embed/8.2.0/../../../../riscv-none-embed/lib/rv32imacxw/ilp32\libg_nano.a(lib_a-wbuf.o)
                0x0000000000002074                __swbuf_r
 .text.__swsetup_r
                0x0000000000002130       0xfc c:/mounriver/mounriver_studio/toolchain/risc-v embedded gcc/bin/../lib/gcc/riscv-none-embed/8.2.0/../../../../riscv-none-embed/lib/rv32imacxw/ilp32\libg_nano.a(lib_a-wsetup.o)
                0x0000000000002130                __swsetup_r
 .text.__sflush_r
                0x000000000000222c      0x130 c:/mounriver/mounriver_studio/toolchain/risc-v embedded gcc/bin/../lib/gcc/riscv-none-embed/8.2.0/../../../../riscv-none-embed/lib/rv32imacxw/ilp32\libg_nano.a(lib_a-fflush.o)
                0x000000000000222c                __sflush_r
 .text._fflush_r
                0x000000000000235c       0x64 c:/mounriver/mounriver_studio/toolchain/risc-v embedded gcc/bin/../lib/gcc/riscv-none-embed/8.2.0/../../../../riscv-none-embed/lib/rv32imacxw/ilp32\libg_nano.a(lib_a-fflush.o)
                0x000000000000235c                _fflush_r
 .text.std      0x00000000000023c0       0x66 c:/mounriver/mounriver_studio/toolchain/risc-v embedded gcc/bin/../lib/gcc/riscv-none-embed/8.2.0/../../../../riscv-none-embed/lib/rv32imacxw/ilp32\libg_nano.a(lib_a-findfp.o)
 .text._cleanup_r
                0x0000000000002426        0xa c:/mounriver/mounriver_studio/toolchain/risc-v embedded gcc/bin/../lib/gcc/riscv-none-embed/8.2.0/../../../../riscv-none-embed/lib/rv32imacxw/ilp32\libg_nano.a(lib_a-findfp.o)
                0x0000000000002426                _cleanup_r
 .text.__sfmoreglue
                0x0000000000002430       0x46 c:/mounriver/mounriver_studio/toolchain/risc-v embedded gcc/bin/../lib/gcc/riscv-none-embed/8.2.0/../../../../riscv-none-embed/lib/rv32imacxw/ilp32\libg_nano.a(lib_a-findfp.o)
                0x0000000000002430                __sfmoreglue
 .text.__sinit  0x0000000000002476       0x66 c:/mounriver/mounriver_studio/toolchain/risc-v embedded gcc/bin/../lib/gcc/riscv-none-embed/8.2.0/../../../../riscv-none-embed/lib/rv32imacxw/ilp32\libg_nano.a(lib_a-findfp.o)
                0x0000000000002476                __sinit
 .text.__sfp    0x00000000000024dc       0x9c c:/mounriver/mounriver_studio/toolchain/risc-v embedded gcc/bin/../lib/gcc/riscv-none-embed/8.2.0/../../../../riscv-none-embed/lib/rv32imacxw/ilp32\libg_nano.a(lib_a-findfp.o)
                0x00000000000024dc                __sfp
 .text._fwalk_reent
                0x0000000000002578       0x6a c:/mounriver/mounriver_studio/toolchain/risc-v embedded gcc/bin/../lib/gcc/riscv-none-embed/8.2.0/../../../../riscv-none-embed/lib/rv32imacxw/ilp32\libg_nano.a(lib_a-fwalk.o)
                0x0000000000002578                _fwalk_reent
 .text.__swhatbuf_r
                0x00000000000025e2       0x58 c:/mounriver/mounriver_studio/toolchain/risc-v embedded gcc/bin/../lib/gcc/riscv-none-embed/8.2.0/../../../../riscv-none-embed/lib/rv32imacxw/ilp32\libg_nano.a(lib_a-makebuf.o)
                0x00000000000025e2                __swhatbuf_r
 .text.__smakebuf_r
                0x000000000000263a       0x90 c:/mounriver/mounriver_studio/toolchain/risc-v embedded gcc/bin/../lib/gcc/riscv-none-embed/8.2.0/../../../../riscv-none-embed/lib/rv32imacxw/ilp32\libg_nano.a(lib_a-makebuf.o)
                0x000000000000263a                __smakebuf_r
 .text._free_r  0x00000000000026ca       0xa8 c:/mounriver/mounriver_studio/toolchain/risc-v embedded gcc/bin/../lib/gcc/riscv-none-embed/8.2.0/../../../../riscv-none-embed/lib/rv32imacxw/ilp32\libg_nano.a(lib_a-nano-freer.o)
                0x00000000000026ca                _free_r
 .text._malloc_r
                0x0000000000002772       0xd4 c:/mounriver/mounriver_studio/toolchain/risc-v embedded gcc/bin/../lib/gcc/riscv-none-embed/8.2.0/../../../../riscv-none-embed/lib/rv32imacxw/ilp32\libg_nano.a(lib_a-nano-mallocr.o)
                0x0000000000002772                _malloc_r
 .text.__sfputc_r
                0x0000000000002846       0x28 c:/mounriver/mounriver_studio/toolchain/risc-v embedded gcc/bin/../lib/gcc/riscv-none-embed/8.2.0/../../../../riscv-none-embed/lib/rv32imacxw/ilp32\libg_nano.a(lib_a-nano-vfprintf.o)
 .text.__sfputs_r
                0x000000000000286e       0x40 c:/mounriver/mounriver_studio/toolchain/risc-v embedded gcc/bin/../lib/gcc/riscv-none-embed/8.2.0/../../../../riscv-none-embed/lib/rv32imacxw/ilp32\libg_nano.a(lib_a-nano-vfprintf.o)
                0x000000000000286e                __sfputs_r
 .text._vfprintf_r
                0x00000000000028ae      0x286 c:/mounriver/mounriver_studio/toolchain/risc-v embedded gcc/bin/../lib/gcc/riscv-none-embed/8.2.0/../../../../riscv-none-embed/lib/rv32imacxw/ilp32\libg_nano.a(lib_a-nano-vfprintf.o)
                0x00000000000028ae                _vfprintf_r
                0x00000000000028ae                _vfiprintf_r
 .text._printf_common
                0x0000000000002b34      0x10c c:/mounriver/mounriver_studio/toolchain/risc-v embedded gcc/bin/../lib/gcc/riscv-none-embed/8.2.0/../../../../riscv-none-embed/lib/rv32imacxw/ilp32\libg_nano.a(lib_a-nano-vfprintf_i.o)
                0x0000000000002b34                _printf_common
 .text._printf_i
                0x0000000000002c40      0x2a0 c:/mounriver/mounriver_studio/toolchain/risc-v embedded gcc/bin/../lib/gcc/riscv-none-embed/8.2.0/../../../../riscv-none-embed/lib/rv32imacxw/ilp32\libg_nano.a(lib_a-nano-vfprintf_i.o)
                0x0000000000002c40                _printf_i
 .text._sbrk_r  0x0000000000002ee0       0x2a c:/mounriver/mounriver_studio/toolchain/risc-v embedded gcc/bin/../lib/gcc/riscv-none-embed/8.2.0/../../../../riscv-none-embed/lib/rv32imacxw/ilp32\libg_nano.a(lib_a-sbrkr.o)
                0x0000000000002ee0                _sbrk_r
 .text.__sread  0x0000000000002f0a       0x2c c:/mounriver/mounriver_studio/toolchain/risc-v embedded gcc/bin/../lib/gcc/riscv-none-embed/8.2.0/../../../../riscv-none-embed/lib/rv32imacxw/ilp32\libg_nano.a(lib_a-stdio.o)
                0x0000000000002f0a                __sread
 .text.__swrite
                0x0000000000002f36       0x48 c:/mounriver/mounriver_studio/toolchain/risc-v embedded gcc/bin/../lib/gcc/riscv-none-embed/8.2.0/../../../../riscv-none-embed/lib/rv32imacxw/ilp32\libg_nano.a(lib_a-stdio.o)
                0x0000000000002f36                __swrite
 .text.__sseek  0x0000000000002f7e       0x30 c:/mounriver/mounriver_studio/toolchain/risc-v embedded gcc/bin/../lib/gcc/riscv-none-embed/8.2.0/../../../../riscv-none-embed/lib/rv32imacxw/ilp32\libg_nano.a(lib_a-stdio.o)
                0x0000000000002f7e                __sseek
 .text.__sclose
                0x0000000000002fae        0x6 c:/mounriver/mounriver_studio/toolchain/risc-v embedded gcc/bin/../lib/gcc/riscv-none-embed/8.2.0/../../../../riscv-none-embed/lib/rv32imacxw/ilp32\libg_nano.a(lib_a-stdio.o)
                0x0000000000002fae                __sclose
 .text._write_r
                0x0000000000002fb4       0x2e c:/mounriver/mounriver_studio/toolchain/risc-v embedded gcc/bin/../lib/gcc/riscv-none-embed/8.2.0/../../../../riscv-none-embed/lib/rv32imacxw/ilp32\libg_nano.a(lib_a-writer.o)
                0x0000000000002fb4                _write_r
 .text._close_r
                0x0000000000002fe2       0x28 c:/mounriver/mounriver_studio/toolchain/risc-v embedded gcc/bin/../lib/gcc/riscv-none-embed/8.2.0/../../../../riscv-none-embed/lib/rv32imacxw/ilp32\libg_nano.a(lib_a-closer.o)
                0x0000000000002fe2                _close_r
 .text._fstat_r
                0x000000000000300a       0x2a c:/mounriver/mounriver_studio/toolchain/risc-v embedded gcc/bin/../lib/gcc/riscv-none-embed/8.2.0/../../../../riscv-none-embed/lib/rv32imacxw/ilp32\libg_nano.a(lib_a-fstatr.o)
                0x000000000000300a                _fstat_r
 .text._isatty_r
                0x0000000000003034       0x28 c:/mounriver/mounriver_studio/toolchain/risc-v embedded gcc/bin/../lib/gcc/riscv-none-embed/8.2.0/../../../../riscv-none-embed/lib/rv32imacxw/ilp32\libg_nano.a(lib_a-isattyr.o)
                0x0000000000003034                _isatty_r
 .text._lseek_r
                0x000000000000305c       0x2c c:/mounriver/mounriver_studio/toolchain/risc-v embedded gcc/bin/../lib/gcc/riscv-none-embed/8.2.0/../../../../riscv-none-embed/lib/rv32imacxw/ilp32\libg_nano.a(lib_a-lseekr.o)
                0x000000000000305c                _lseek_r
 .text.memchr   0x0000000000003088       0x18 c:/mounriver/mounriver_studio/toolchain/risc-v embedded gcc/bin/../lib/gcc/riscv-none-embed/8.2.0/../../../../riscv-none-embed/lib/rv32imacxw/ilp32\libg_nano.a(lib_a-memchr.o)
                0x0000000000003088                memchr
 .text.__malloc_lock
                0x00000000000030a0        0x2 c:/mounriver/mounriver_studio/toolchain/risc-v embedded gcc/bin/../lib/gcc/riscv-none-embed/8.2.0/../../../../riscv-none-embed/lib/rv32imacxw/ilp32\libg_nano.a(lib_a-mlock.o)
                0x00000000000030a0                __malloc_lock
 .text.__malloc_unlock
                0x00000000000030a2        0x2 c:/mounriver/mounriver_studio/toolchain/risc-v embedded gcc/bin/../lib/gcc/riscv-none-embed/8.2.0/../../../../riscv-none-embed/lib/rv32imacxw/ilp32\libg_nano.a(lib_a-mlock.o)
                0x00000000000030a2                __malloc_unlock
 .text._read_r  0x00000000000030a4       0x2c c:/mounriver/mounriver_studio/toolchain/risc-v embedded gcc/bin/../lib/gcc/riscv-none-embed/8.2.0/../../../../riscv-none-embed/lib/rv32imacxw/ilp32\libg_nano.a(lib_a-readr.o)
                0x00000000000030a4                _read_r
 .text._close   0x00000000000030d0        0xc c:/mounriver/mounriver_studio/toolchain/risc-v embedded gcc/bin/../lib/gcc/riscv-none-embed/8.2.0/../../../../riscv-none-embed/lib/rv32imacxw/ilp32\libnosys.a(close.o)
                0x00000000000030d0                _close
 .text._fstat   0x00000000000030dc        0xc c:/mounriver/mounriver_studio/toolchain/risc-v embedded gcc/bin/../lib/gcc/riscv-none-embed/8.2.0/../../../../riscv-none-embed/lib/rv32imacxw/ilp32\libnosys.a(fstat.o)
                0x00000000000030dc                _fstat
 .text._isatty  0x00000000000030e8        0xc c:/mounriver/mounriver_studio/toolchain/risc-v embedded gcc/bin/../lib/gcc/riscv-none-embed/8.2.0/../../../../riscv-none-embed/lib/rv32imacxw/ilp32\libnosys.a(isatty.o)
                0x00000000000030e8                _isatty
 .text._lseek   0x00000000000030f4        0xc c:/mounriver/mounriver_studio/toolchain/risc-v embedded gcc/bin/../lib/gcc/riscv-none-embed/8.2.0/../../../../riscv-none-embed/lib/rv32imacxw/ilp32\libnosys.a(lseek.o)
                0x00000000000030f4                _lseek
 .text._read    0x0000000000003100        0xc c:/mounriver/mounriver_studio/toolchain/risc-v embedded gcc/bin/../lib/gcc/riscv-none-embed/8.2.0/../../../../riscv-none-embed/lib/rv32imacxw/ilp32\libnosys.a(read.o)
                0x0000000000003100                _read
 *(.rodata)
 *fill*         0x000000000000310c        0x0 
 .rodata        0x000000000000310c       0x2f ./User/main.o
 *(.rodata*)
 *fill*         0x000000000000313b        0x1 
 .rodata.USBFS_IRQHandler
                0x000000000000313c       0x30 ./User/ch32x035_usbfs_device.o
 .rodata.MyDevDescr
                0x000000000000316c       0x12 ./User/usb_desc.o
                0x000000000000316c                MyDevDescr
 *fill*         0x000000000000317e        0x2 
 .rodata.MyCfgDescr
                0x0000000000003180       0x43 ./User/usb_desc.o
                0x0000000000003180                MyCfgDescr
 *fill*         0x00000000000031c3        0x1 
 .rodata.MyManuInfo
                0x00000000000031c4        0xe ./User/usb_desc.o
                0x00000000000031c4                MyManuInfo
 *fill*         0x00000000000031d2        0x2 
 .rodata.MyProdInfo
                0x00000000000031d4       0x16 ./User/usb_desc.o
                0x00000000000031d4                MyProdInfo
 *fill*         0x00000000000031ea        0x2 
 .rodata.MySerNumInfo
                0x00000000000031ec       0x16 ./User/usb_desc.o
                0x00000000000031ec                MySerNumInfo
 *fill*         0x0000000000003202        0x2 
 .rodata.__sf_fake_stderr
                0x0000000000003204       0x20 c:/mounriver/mounriver_studio/toolchain/risc-v embedded gcc/bin/../lib/gcc/riscv-none-embed/8.2.0/../../../../riscv-none-embed/lib/rv32imacxw/ilp32\libg_nano.a(lib_a-findfp.o)
                0x0000000000003204                __sf_fake_stderr
 .rodata.__sf_fake_stdin
                0x0000000000003224       0x20 c:/mounriver/mounriver_studio/toolchain/risc-v embedded gcc/bin/../lib/gcc/riscv-none-embed/8.2.0/../../../../riscv-none-embed/lib/rv32imacxw/ilp32\libg_nano.a(lib_a-findfp.o)
                0x0000000000003224                __sf_fake_stdin
 .rodata.__sf_fake_stdout
                0x0000000000003244       0x20 c:/mounriver/mounriver_studio/toolchain/risc-v embedded gcc/bin/../lib/gcc/riscv-none-embed/8.2.0/../../../../riscv-none-embed/lib/rv32imacxw/ilp32\libg_nano.a(lib_a-findfp.o)
                0x0000000000003244                __sf_fake_stdout
 .rodata._vfprintf_r.str1.4
                0x0000000000003264       0x13 c:/mounriver/mounriver_studio/toolchain/risc-v embedded gcc/bin/../lib/gcc/riscv-none-embed/8.2.0/../../../../riscv-none-embed/lib/rv32imacxw/ilp32\libg_nano.a(lib_a-nano-vfprintf.o)
 *fill*         0x0000000000003277        0x1 
 .rodata._printf_i.str1.4
                0x0000000000003278       0x28 c:/mounriver/mounriver_studio/toolchain/risc-v embedded gcc/bin/../lib/gcc/riscv-none-embed/8.2.0/../../../../riscv-none-embed/lib/rv32imacxw/ilp32\libg_nano.a(lib_a-nano-vfprintf_i.o)
                                         0x25 (size before relaxing)
 *(.gnu.linkonce.t.*)
                0x00000000000032a0                . = ALIGN (0x4)

.rela.dyn       0x00000000000032a0        0x0
 .rela.init     0x00000000000032a0        0x0 ./brd/aatt2_brd.o
 .rela.vector   0x00000000000032a0        0x0 ./brd/aatt2_brd.o
 .rela.text.handle_reset
                0x00000000000032a0        0x0 ./brd/aatt2_brd.o
 .rela.sdata.curbrk.4334
                0x00000000000032a0        0x0 ./brd/aatt2_brd.o
 .rela.text._sbrk
                0x00000000000032a0        0x0 ./brd/aatt2_brd.o
 .rela.text._vfprintf_r
                0x00000000000032a0        0x0 ./brd/aatt2_brd.o
 .rela.text._sbrk_r
                0x00000000000032a0        0x0 ./brd/aatt2_brd.o
 .rela.text._write_r
                0x00000000000032a0        0x0 ./brd/aatt2_brd.o
 .rela.text._close_r
                0x00000000000032a0        0x0 ./brd/aatt2_brd.o
 .rela.text._fstat_r
                0x00000000000032a0        0x0 ./brd/aatt2_brd.o
 .rela.text._isatty_r
                0x00000000000032a0        0x0 ./brd/aatt2_brd.o
 .rela.text._lseek_r
                0x00000000000032a0        0x0 ./brd/aatt2_brd.o
 .rela.text._read_r
                0x00000000000032a0        0x0 ./brd/aatt2_brd.o
 .rela.text._close
                0x00000000000032a0        0x0 ./brd/aatt2_brd.o
 .rela.text._fstat
                0x00000000000032a0        0x0 ./brd/aatt2_brd.o
 .rela.text._isatty
                0x00000000000032a0        0x0 ./brd/aatt2_brd.o
 .rela.text._lseek
                0x00000000000032a0        0x0 ./brd/aatt2_brd.o
 .rela.text._read
                0x00000000000032a0        0x0 ./brd/aatt2_brd.o

.fini           0x00000000000032a0        0x0
 *(SORT_NONE(.fini))
                0x00000000000032a0                . = ALIGN (0x4)
                [!provide]                        PROVIDE (_etext = .)
                [!provide]                        PROVIDE (_eitcm = .)

.preinit_array  0x00000000000032a0        0x0
                [!provide]                        PROVIDE (__preinit_array_start = .)
 *(.preinit_array)
                [!provide]                        PROVIDE (__preinit_array_end = .)

.init_array     0x00000000000032a0        0x0
                [!provide]                        PROVIDE (__init_array_start = .)
 *(SORT_BY_INIT_PRIORITY(.init_array.*) SORT_BY_INIT_PRIORITY(.ctors.*))
 *(.init_array EXCLUDE_FILE(*crtend?.o *crtend.o *crtbegin?.o *crtbegin.o) .ctors)
                [!provide]                        PROVIDE (__init_array_end = .)

.fini_array     0x00000000000032a0        0x0
                [!provide]                        PROVIDE (__fini_array_start = .)
 *(SORT_BY_INIT_PRIORITY(.fini_array.*) SORT_BY_INIT_PRIORITY(.dtors.*))
 *(.fini_array EXCLUDE_FILE(*crtend?.o *crtend.o *crtbegin?.o *crtbegin.o) .dtors)
                [!provide]                        PROVIDE (__fini_array_end = .)

.ctors
 *crtbegin.o(.ctors)
 *crtbegin?.o(.ctors)
 *(EXCLUDE_FILE(*crtend?.o *crtend.o) .ctors)
 *(SORT_BY_NAME(.ctors.*))
 *(.ctors)

.dtors
 *crtbegin.o(.dtors)
 *crtbegin?.o(.dtors)
 *(EXCLUDE_FILE(*crtend?.o *crtend.o) .dtors)
 *(SORT_BY_NAME(.dtors.*))
 *(.dtors)

.dalign         0x0000000020000000        0x0 load address 0x00000000000032a0
                0x0000000020000000                . = ALIGN (0x4)
                0x0000000020000000                PROVIDE (_data_vma = .)

.dlalign        0x00000000000032a0        0x0
                0x00000000000032a0                . = ALIGN (0x4)
                0x00000000000032a0                PROVIDE (_data_lma = .)

.data           0x0000000020000000       0xa0 load address 0x00000000000032a0
 *(.gnu.linkonce.r.*)
 *(.data .data.*)
 .data.AHBPrescTable
                0x0000000020000000       0x10 ./User/system_ch32x035.o
                0x0000000020000000                AHBPrescTable
 .data.APBAHBPrescTable
                0x0000000020000010       0x10 ./Peripheral/src/ch32x035_rcc.o
 .data.impure_data
                0x0000000020000020       0x60 c:/mounriver/mounriver_studio/toolchain/risc-v embedded gcc/bin/../lib/gcc/riscv-none-embed/8.2.0/../../../../riscv-none-embed/lib/rv32imacxw/ilp32\libg_nano.a(lib_a-impure.o)
 *(.gnu.linkonce.d.*)
                0x0000000020000080                . = ALIGN (0x8)
                0x0000000020000880                PROVIDE (__global_pointer$ = (. + 0x800))
 *(.sdata .sdata.*)
 .sdata.SystemCoreClock
                0x0000000020000080        0x4 ./User/system_ch32x035.o
                0x0000000020000080                SystemCoreClock
 .sdata.CFGHR_tmpA
                0x0000000020000084        0x4 ./Peripheral/src/ch32x035_gpio.o
                0x0000000020000084                CFGHR_tmpA
 .sdata.CFGHR_tmpB
                0x0000000020000088        0x4 ./Peripheral/src/ch32x035_gpio.o
                0x0000000020000088                CFGHR_tmpB
 .sdata.CFGHR_tmpC
                0x000000002000008c        0x4 ./Peripheral/src/ch32x035_gpio.o
                0x000000002000008c                CFGHR_tmpC
 .sdata.curbrk.4334
                0x0000000020000090        0x4 ./Debug/debug.o
 .sdata._impure_ptr
                0x0000000020000094        0x4 c:/mounriver/mounriver_studio/toolchain/risc-v embedded gcc/bin/../lib/gcc/riscv-none-embed/8.2.0/../../../../riscv-none-embed/lib/rv32imacxw/ilp32\libg_nano.a(lib_a-impure.o)
                0x0000000020000094                _impure_ptr
 *(.sdata2.*)
 .sdata2.MyLangDescr
                0x0000000020000098        0x4 ./User/usb_desc.o
                0x0000000020000098                MyLangDescr
 .sdata2._global_impure_ptr
                0x000000002000009c        0x4 c:/mounriver/mounriver_studio/toolchain/risc-v embedded gcc/bin/../lib/gcc/riscv-none-embed/8.2.0/../../../../riscv-none-embed/lib/rv32imacxw/ilp32\libg_nano.a(lib_a-impure.o)
                0x000000002000009c                _global_impure_ptr
 *(.gnu.linkonce.s.*)
                0x00000000200000a0                . = ALIGN (0x8)
 *(.srodata.cst16)
 *(.srodata.cst8)
 *(.srodata.cst4)
 *(.srodata.cst2)
 *(.srodata .srodata.*)
                0x00000000200000a0                . = ALIGN (0x4)
                0x00000000200000a0                PROVIDE (_edata = .)

.bss            0x00000000200000a0      0x554 load address 0x0000000000003340
                0x00000000200000a0                . = ALIGN (0x4)
                0x00000000200000a0                PROVIDE (_sbss = .)
 *(.sbss*)
 .sbss.pUSBFS_Descr
                0x00000000200000a0        0x4 ./User/ch32x035_usbfs_device.o
                0x00000000200000a0                pUSBFS_Descr
 .sbss.USBFS_SetupReqCode
                0x00000000200000a4        0x1 ./User/ch32x035_usbfs_device.o
                0x00000000200000a4                USBFS_SetupReqCode
 .sbss.USBFS_SetupReqType
                0x00000000200000a5        0x1 ./User/ch32x035_usbfs_device.o
                0x00000000200000a5                USBFS_SetupReqType
 .sbss.USBFS_SetupReqValue
                0x00000000200000a6        0x2 ./User/ch32x035_usbfs_device.o
                0x00000000200000a6                USBFS_SetupReqValue
 .sbss.USBFS_SetupReqIndex
                0x00000000200000a8        0x2 ./User/ch32x035_usbfs_device.o
                0x00000000200000a8                USBFS_SetupReqIndex
 .sbss.USBFS_SetupReqLen
                0x00000000200000aa        0x2 ./User/ch32x035_usbfs_device.o
                0x00000000200000aa                USBFS_SetupReqLen
 .sbss.USBFS_DevConfig
                0x00000000200000ac        0x1 ./User/ch32x035_usbfs_device.o
                0x00000000200000ac                USBFS_DevConfig
 .sbss.USBFS_DevAddr
                0x00000000200000ad        0x1 ./User/ch32x035_usbfs_device.o
                0x00000000200000ad                USBFS_DevAddr
 .sbss.USBFS_DevSleepStatus
                0x00000000200000ae        0x1 ./User/ch32x035_usbfs_device.o
                0x00000000200000ae                USBFS_DevSleepStatus
 .sbss.USBFS_DevEnumStatus
                0x00000000200000af        0x1 ./User/ch32x035_usbfs_device.o
                0x00000000200000af                USBFS_DevEnumStatus
 .sbss.USBFS_Endp_Busy
                0x00000000200000b0        0x8 ./User/ch32x035_usbfs_device.o
                0x00000000200000b0                USBFS_Endp_Busy
 .sbss.USB_Rx_LoadNum
                0x00000000200000b8        0x2 ./User/main.o
                0x00000000200000b8                USB_Rx_LoadNum
 .sbss.USB_Rx_DealNum
                0x00000000200000ba        0x2 ./User/main.o
                0x00000000200000ba                USB_Rx_DealNum
 .sbss.USB_Rx_RemainNum
                0x00000000200000bc        0x2 ./User/main.o
                0x00000000200000bc                USB_Rx_RemainNum
 .sbss.USB_Down_StopFlag
                0x00000000200000be        0x1 ./User/main.o
                0x00000000200000be                USB_Down_StopFlag
 .sbss.usb_rx_len
                0x00000000200000bf        0x1 ./User/main.o
                0x00000000200000bf                usb_rx_len
 .sbss.NVIC_Priority_Group
                0x00000000200000c0        0x4 ./Peripheral/src/ch32x035_misc.o
                0x00000000200000c0                NVIC_Priority_Group
 .sbss.p_us     0x00000000200000c4        0x1 ./Debug/debug.o
 *fill*         0x00000000200000c5        0x1 
 .sbss.p_ms     0x00000000200000c6        0x2 ./Debug/debug.o
 .sbss.__malloc_free_list
                0x00000000200000c8        0x4 c:/mounriver/mounriver_studio/toolchain/risc-v embedded gcc/bin/../lib/gcc/riscv-none-embed/8.2.0/../../../../riscv-none-embed/lib/rv32imacxw/ilp32\libg_nano.a(lib_a-nano-mallocr.o)
                0x00000000200000c8                __malloc_free_list
 .sbss.__malloc_sbrk_start
                0x00000000200000cc        0x4 c:/mounriver/mounriver_studio/toolchain/risc-v embedded gcc/bin/../lib/gcc/riscv-none-embed/8.2.0/../../../../riscv-none-embed/lib/rv32imacxw/ilp32\libg_nano.a(lib_a-nano-mallocr.o)
                0x00000000200000cc                __malloc_sbrk_start
 *(.gnu.linkonce.sb.*)
 *(.bss*)
 .bss.USBFS_EP0_4Buf
                0x00000000200000d0       0x40 ./User/ch32x035_usbfs_device.o
                0x00000000200000d0                USBFS_EP0_4Buf
 .bss.USBFS_EP1_Buf
                0x0000000020000110       0x40 ./User/ch32x035_usbfs_device.o
                0x0000000020000110                USBFS_EP1_Buf
 .bss.USBFS_EP3_Buf
                0x0000000020000150       0x40 ./User/ch32x035_usbfs_device.o
                0x0000000020000150                USBFS_EP3_Buf
 .bss.USB_Rx_Buf
                0x0000000020000190      0x400 ./User/main.o
                0x0000000020000190                USB_Rx_Buf
 .bss.USB_Rx_PackLen
                0x0000000020000590       0x20 ./User/main.o
                0x0000000020000590                USB_Rx_PackLen
 .bss.usb_rx_b  0x00000000200005b0       0x40 ./User/main.o
                0x00000000200005b0                usb_rx_b
 *(.gnu.linkonce.b.*)
 *(COMMON*)
 COMMON         0x00000000200005f0        0x4 c:/mounriver/mounriver_studio/toolchain/risc-v embedded gcc/bin/../lib/gcc/riscv-none-embed/8.2.0/../../../../riscv-none-embed/lib/rv32imacxw/ilp32\libg_nano.a(lib_a-reent.o)
                0x00000000200005f0                errno
                0x00000000200005f4                . = ALIGN (0x4)
                0x00000000200005f4                PROVIDE (_ebss = .)
                0x00000000200005f4                PROVIDE (_end = _ebss)
                [!provide]                        PROVIDE (end = .)

.stack          0x0000000020004800      0x800
                0x0000000020004800                PROVIDE (_heap_end = .)
                0x0000000020004800                . = ALIGN (0x4)
                [!provide]                        PROVIDE (_susrstack = .)
                0x0000000020005000                . = (. + __stack_size)
 *fill*         0x0000000020004800      0x800 
                0x0000000020005000                PROVIDE (_eusrstack = .)
OUTPUT(aatt2a.elf elf32-littleriscv)

.debug_info     0x0000000000000000     0xba06
 .debug_info    0x0000000000000000      0xdb3 ./brd/aatt2_brd.o
 .debug_info    0x0000000000000db3      0x962 ./User/ch32x035_it.o
 .debug_info    0x0000000000001715     0x1804 ./User/ch32x035_usbfs_device.o
 .debug_info    0x0000000000002f19     0x1018 ./User/main.o
 .debug_info    0x0000000000003f31      0xb45 ./User/system_ch32x035.o
 .debug_info    0x0000000000004a76      0x9ff ./User/usb_desc.o
 .debug_info    0x0000000000005475       0x22 ./Startup/startup_ch32x035.o
 .debug_info    0x0000000000005497      0xa3b ./Peripheral/src/ch32x035_dbgmcu.o
 .debug_info    0x0000000000005ed2      0xfc9 ./Peripheral/src/ch32x035_gpio.o
 .debug_info    0x0000000000006e9b      0xf4d ./Peripheral/src/ch32x035_misc.o
 .debug_info    0x0000000000007de8      0xdd7 ./Peripheral/src/ch32x035_pwr.o
 .debug_info    0x0000000000008bbf      0xd98 ./Peripheral/src/ch32x035_rcc.o
 .debug_info    0x0000000000009957     0x1277 ./Peripheral/src/ch32x035_usart.o
 .debug_info    0x000000000000abce      0xe38 ./Debug/debug.o

.debug_abbrev   0x0000000000000000     0x234c
 .debug_abbrev  0x0000000000000000      0x2b7 ./brd/aatt2_brd.o
 .debug_abbrev  0x00000000000002b7      0x1cf ./User/ch32x035_it.o
 .debug_abbrev  0x0000000000000486      0x3c0 ./User/ch32x035_usbfs_device.o
 .debug_abbrev  0x0000000000000846      0x2e9 ./User/main.o
 .debug_abbrev  0x0000000000000b2f      0x255 ./User/system_ch32x035.o
 .debug_abbrev  0x0000000000000d84      0x1c5 ./User/usb_desc.o
 .debug_abbrev  0x0000000000000f49       0x12 ./Startup/startup_ch32x035.o
 .debug_abbrev  0x0000000000000f5b      0x276 ./Peripheral/src/ch32x035_dbgmcu.o
 .debug_abbrev  0x00000000000011d1      0x315 ./Peripheral/src/ch32x035_gpio.o
 .debug_abbrev  0x00000000000014e6      0x2d8 ./Peripheral/src/ch32x035_misc.o
 .debug_abbrev  0x00000000000017be      0x318 ./Peripheral/src/ch32x035_pwr.o
 .debug_abbrev  0x0000000000001ad6      0x2d1 ./Peripheral/src/ch32x035_rcc.o
 .debug_abbrev  0x0000000000001da7      0x2c2 ./Peripheral/src/ch32x035_usart.o
 .debug_abbrev  0x0000000000002069      0x2e3 ./Debug/debug.o

.debug_aranges  0x0000000000000000      0x4b0
 .debug_aranges
                0x0000000000000000       0x80 ./brd/aatt2_brd.o
 .debug_aranges
                0x0000000000000080       0x28 ./User/ch32x035_it.o
 .debug_aranges
                0x00000000000000a8       0x48 ./User/ch32x035_usbfs_device.o
 .debug_aranges
                0x00000000000000f0       0x28 ./User/main.o
 .debug_aranges
                0x0000000000000118       0x38 ./User/system_ch32x035.o
 .debug_aranges
                0x0000000000000150       0x18 ./User/usb_desc.o
 .debug_aranges
                0x0000000000000168       0x30 ./Startup/startup_ch32x035.o
 .debug_aranges
                0x0000000000000198       0x48 ./Peripheral/src/ch32x035_dbgmcu.o
 .debug_aranges
                0x00000000000001e0       0x98 ./Peripheral/src/ch32x035_gpio.o
 .debug_aranges
                0x0000000000000278       0x28 ./Peripheral/src/ch32x035_misc.o
 .debug_aranges
                0x00000000000002a0       0x48 ./Peripheral/src/ch32x035_pwr.o
 .debug_aranges
                0x00000000000002e8       0x88 ./Peripheral/src/ch32x035_rcc.o
 .debug_aranges
                0x0000000000000370       0xf0 ./Peripheral/src/ch32x035_usart.o
 .debug_aranges
                0x0000000000000460       0x50 ./Debug/debug.o

.debug_ranges   0x0000000000000000      0x3d0
 .debug_ranges  0x0000000000000000       0x70 ./brd/aatt2_brd.o
 .debug_ranges  0x0000000000000070       0x18 ./User/ch32x035_it.o
 .debug_ranges  0x0000000000000088       0x38 ./User/ch32x035_usbfs_device.o
 .debug_ranges  0x00000000000000c0       0x18 ./User/main.o
 .debug_ranges  0x00000000000000d8       0x28 ./User/system_ch32x035.o
 .debug_ranges  0x0000000000000100       0x28 ./Startup/startup_ch32x035.o
 .debug_ranges  0x0000000000000128       0x38 ./Peripheral/src/ch32x035_dbgmcu.o
 .debug_ranges  0x0000000000000160       0x88 ./Peripheral/src/ch32x035_gpio.o
 .debug_ranges  0x00000000000001e8       0x18 ./Peripheral/src/ch32x035_misc.o
 .debug_ranges  0x0000000000000200       0x38 ./Peripheral/src/ch32x035_pwr.o
 .debug_ranges  0x0000000000000238       0x78 ./Peripheral/src/ch32x035_rcc.o
 .debug_ranges  0x00000000000002b0       0xe0 ./Peripheral/src/ch32x035_usart.o
 .debug_ranges  0x0000000000000390       0x40 ./Debug/debug.o

.debug_line     0x0000000000000000     0x5e73
 .debug_line    0x0000000000000000      0x7bd ./brd/aatt2_brd.o
 .debug_line    0x00000000000007bd      0x21e ./User/ch32x035_it.o
 .debug_line    0x00000000000009db     0x1555 ./User/ch32x035_usbfs_device.o
 .debug_line    0x0000000000001f30      0x3ad ./User/main.o
 .debug_line    0x00000000000022dd      0x33c ./User/system_ch32x035.o
 .debug_line    0x0000000000002619      0x1ed ./User/usb_desc.o
 .debug_line    0x0000000000002806      0x146 ./Startup/startup_ch32x035.o
 .debug_line    0x000000000000294c      0x36f ./Peripheral/src/ch32x035_dbgmcu.o
 .debug_line    0x0000000000002cbb      0xda0 ./Peripheral/src/ch32x035_gpio.o
 .debug_line    0x0000000000003a5b      0x628 ./Peripheral/src/ch32x035_misc.o
 .debug_line    0x0000000000004083      0x4f9 ./Peripheral/src/ch32x035_pwr.o
 .debug_line    0x000000000000457c      0x739 ./Peripheral/src/ch32x035_rcc.o
 .debug_line    0x0000000000004cb5      0xc0b ./Peripheral/src/ch32x035_usart.o
 .debug_line    0x00000000000058c0      0x5b3 ./Debug/debug.o

.debug_str      0x0000000000000000     0x1d3c
 .debug_str     0x0000000000000000      0x7c7 ./brd/aatt2_brd.o
                                        0x841 (size before relaxing)
 .debug_str     0x00000000000007c7       0x34 ./User/ch32x035_it.o
                                        0x5a9 (size before relaxing)
 .debug_str     0x00000000000007fb      0x7a5 ./User/ch32x035_usbfs_device.o
                                        0xf31 (size before relaxing)
 .debug_str     0x0000000000000fa0       0x36 ./User/main.o
                                        0xaf2 (size before relaxing)
 .debug_str     0x0000000000000fd6       0xdd ./User/system_ch32x035.o
                                        0x6a7 (size before relaxing)
 .debug_str     0x00000000000010b3       0x13 ./User/usb_desc.o
                                        0x5df (size before relaxing)
 .debug_str     0x00000000000010c6       0x52 ./Startup/startup_ch32x035.o
                                         0x81 (size before relaxing)
 .debug_str     0x0000000000001118       0xc0 ./Peripheral/src/ch32x035_dbgmcu.o
                                        0x661 (size before relaxing)
 .debug_str     0x00000000000011d8      0x217 ./Peripheral/src/ch32x035_gpio.o
                                        0x939 (size before relaxing)
 .debug_str     0x00000000000013ef      0x136 ./Peripheral/src/ch32x035_misc.o
                                        0xa33 (size before relaxing)
 .debug_str     0x0000000000001525       0xf7 ./Peripheral/src/ch32x035_pwr.o
                                        0x7a4 (size before relaxing)
 .debug_str     0x000000000000161c      0x21a ./Peripheral/src/ch32x035_rcc.o
                                        0x86b (size before relaxing)
 .debug_str     0x0000000000001836      0x41d ./Peripheral/src/ch32x035_usart.o
                                        0xab4 (size before relaxing)
 .debug_str     0x0000000000001c53       0xe9 ./Debug/debug.o
                                        0x8a6 (size before relaxing)

.comment        0x0000000000000000       0x33
 .comment       0x0000000000000000       0x33 ./brd/aatt2_brd.o
                                         0x34 (size before relaxing)
 .comment       0x0000000000000033       0x34 ./User/ch32x035_it.o
 .comment       0x0000000000000033       0x34 ./User/ch32x035_usbfs_device.o
 .comment       0x0000000000000033       0x34 ./User/main.o
 .comment       0x0000000000000033       0x34 ./User/system_ch32x035.o
 .comment       0x0000000000000033       0x34 ./User/usb_desc.o
 .comment       0x0000000000000033       0x34 ./Peripheral/src/ch32x035_dbgmcu.o
 .comment       0x0000000000000033       0x34 ./Peripheral/src/ch32x035_gpio.o
 .comment       0x0000000000000033       0x34 ./Peripheral/src/ch32x035_misc.o
 .comment       0x0000000000000033       0x34 ./Peripheral/src/ch32x035_pwr.o
 .comment       0x0000000000000033       0x34 ./Peripheral/src/ch32x035_rcc.o
 .comment       0x0000000000000033       0x34 ./Peripheral/src/ch32x035_usart.o
 .comment       0x0000000000000033       0x34 ./Debug/debug.o

.debug_frame    0x0000000000000000     0x17b0
 .debug_frame   0x0000000000000000      0x1e4 ./brd/aatt2_brd.o
 .debug_frame   0x00000000000001e4       0x48 ./User/ch32x035_it.o
 .debug_frame   0x000000000000022c       0xec ./User/ch32x035_usbfs_device.o
 .debug_frame   0x0000000000000318       0x58 ./User/main.o
 .debug_frame   0x0000000000000370       0x98 ./User/system_ch32x035.o
 .debug_frame   0x0000000000000408       0xd4 ./Peripheral/src/ch32x035_dbgmcu.o
 .debug_frame   0x00000000000004dc      0x228 ./Peripheral/src/ch32x035_gpio.o
 .debug_frame   0x0000000000000704       0x54 ./Peripheral/src/ch32x035_misc.o
 .debug_frame   0x0000000000000758       0xdc ./Peripheral/src/ch32x035_pwr.o
 .debug_frame   0x0000000000000834      0x1d0 ./Peripheral/src/ch32x035_rcc.o
 .debug_frame   0x0000000000000a04      0x37c ./Peripheral/src/ch32x035_usart.o
 .debug_frame   0x0000000000000d80       0xfc ./Debug/debug.o
 .debug_frame   0x0000000000000e7c       0x20 c:/mounriver/mounriver_studio/toolchain/risc-v embedded gcc/bin/../lib/gcc/riscv-none-embed/8.2.0/../../../../riscv-none-embed/lib/rv32imacxw/ilp32\libg_nano.a(lib_a-memcpy.o)
 .debug_frame   0x0000000000000e9c       0x54 c:/mounriver/mounriver_studio/toolchain/risc-v embedded gcc/bin/../lib/gcc/riscv-none-embed/8.2.0/../../../../riscv-none-embed/lib/rv32imacxw/ilp32\libg_nano.a(lib_a-printf.o)
 .debug_frame   0x0000000000000ef0       0x54 c:/mounriver/mounriver_studio/toolchain/risc-v embedded gcc/bin/../lib/gcc/riscv-none-embed/8.2.0/../../../../riscv-none-embed/lib/rv32imacxw/ilp32\libg_nano.a(lib_a-puts.o)
 .debug_frame   0x0000000000000f44       0x50 c:/mounriver/mounriver_studio/toolchain/risc-v embedded gcc/bin/../lib/gcc/riscv-none-embed/8.2.0/../../../../riscv-none-embed/lib/rv32imacxw/ilp32\libg_nano.a(lib_a-wbuf.o)
 .debug_frame   0x0000000000000f94       0x3c c:/mounriver/mounriver_studio/toolchain/risc-v embedded gcc/bin/../lib/gcc/riscv-none-embed/8.2.0/../../../../riscv-none-embed/lib/rv32imacxw/ilp32\libg_nano.a(lib_a-wsetup.o)
 .debug_frame   0x0000000000000fd0       0x7c c:/mounriver/mounriver_studio/toolchain/risc-v embedded gcc/bin/../lib/gcc/riscv-none-embed/8.2.0/../../../../riscv-none-embed/lib/rv32imacxw/ilp32\libg_nano.a(lib_a-fflush.o)
 .debug_frame   0x000000000000104c      0x148 c:/mounriver/mounriver_studio/toolchain/risc-v embedded gcc/bin/../lib/gcc/riscv-none-embed/8.2.0/../../../../riscv-none-embed/lib/rv32imacxw/ilp32\libg_nano.a(lib_a-findfp.o)
 .debug_frame   0x0000000000001194       0x88 c:/mounriver/mounriver_studio/toolchain/risc-v embedded gcc/bin/../lib/gcc/riscv-none-embed/8.2.0/../../../../riscv-none-embed/lib/rv32imacxw/ilp32\libg_nano.a(lib_a-fwalk.o)
 .debug_frame   0x000000000000121c       0x64 c:/mounriver/mounriver_studio/toolchain/risc-v embedded gcc/bin/../lib/gcc/riscv-none-embed/8.2.0/../../../../riscv-none-embed/lib/rv32imacxw/ilp32\libg_nano.a(lib_a-makebuf.o)
 .debug_frame   0x0000000000001280       0x40 c:/mounriver/mounriver_studio/toolchain/risc-v embedded gcc/bin/../lib/gcc/riscv-none-embed/8.2.0/../../../../riscv-none-embed/lib/rv32imacxw/ilp32\libg_nano.a(lib_a-nano-freer.o)
 .debug_frame   0x00000000000012c0       0x40 c:/mounriver/mounriver_studio/toolchain/risc-v embedded gcc/bin/../lib/gcc/riscv-none-embed/8.2.0/../../../../riscv-none-embed/lib/rv32imacxw/ilp32\libg_nano.a(lib_a-nano-mallocr.o)
 .debug_frame   0x0000000000001300       0xd0 c:/mounriver/mounriver_studio/toolchain/risc-v embedded gcc/bin/../lib/gcc/riscv-none-embed/8.2.0/../../../../riscv-none-embed/lib/rv32imacxw/ilp32\libg_nano.a(lib_a-nano-vfprintf.o)
 .debug_frame   0x00000000000013d0       0x8c c:/mounriver/mounriver_studio/toolchain/risc-v embedded gcc/bin/../lib/gcc/riscv-none-embed/8.2.0/../../../../riscv-none-embed/lib/rv32imacxw/ilp32\libg_nano.a(lib_a-nano-vfprintf_i.o)
 .debug_frame   0x000000000000145c       0x30 c:/mounriver/mounriver_studio/toolchain/risc-v embedded gcc/bin/../lib/gcc/riscv-none-embed/8.2.0/../../../../riscv-none-embed/lib/rv32imacxw/ilp32\libg_nano.a(lib_a-sbrkr.o)
 .debug_frame   0x000000000000148c       0xa4 c:/mounriver/mounriver_studio/toolchain/risc-v embedded gcc/bin/../lib/gcc/riscv-none-embed/8.2.0/../../../../riscv-none-embed/lib/rv32imacxw/ilp32\libg_nano.a(lib_a-stdio.o)
 .debug_frame   0x0000000000001530       0x30 c:/mounriver/mounriver_studio/toolchain/risc-v embedded gcc/bin/../lib/gcc/riscv-none-embed/8.2.0/../../../../riscv-none-embed/lib/rv32imacxw/ilp32\libg_nano.a(lib_a-writer.o)
 .debug_frame   0x0000000000001560       0x30 c:/mounriver/mounriver_studio/toolchain/risc-v embedded gcc/bin/../lib/gcc/riscv-none-embed/8.2.0/../../../../riscv-none-embed/lib/rv32imacxw/ilp32\libg_nano.a(lib_a-closer.o)
 .debug_frame   0x0000000000001590       0x30 c:/mounriver/mounriver_studio/toolchain/risc-v embedded gcc/bin/../lib/gcc/riscv-none-embed/8.2.0/../../../../riscv-none-embed/lib/rv32imacxw/ilp32\libg_nano.a(lib_a-fstatr.o)
 .debug_frame   0x00000000000015c0       0x30 c:/mounriver/mounriver_studio/toolchain/risc-v embedded gcc/bin/../lib/gcc/riscv-none-embed/8.2.0/../../../../riscv-none-embed/lib/rv32imacxw/ilp32\libg_nano.a(lib_a-isattyr.o)
 .debug_frame   0x00000000000015f0       0x30 c:/mounriver/mounriver_studio/toolchain/risc-v embedded gcc/bin/../lib/gcc/riscv-none-embed/8.2.0/../../../../riscv-none-embed/lib/rv32imacxw/ilp32\libg_nano.a(lib_a-lseekr.o)
 .debug_frame   0x0000000000001620       0x20 c:/mounriver/mounriver_studio/toolchain/risc-v embedded gcc/bin/../lib/gcc/riscv-none-embed/8.2.0/../../../../riscv-none-embed/lib/rv32imacxw/ilp32\libg_nano.a(lib_a-memchr.o)
 .debug_frame   0x0000000000001640       0x30 c:/mounriver/mounriver_studio/toolchain/risc-v embedded gcc/bin/../lib/gcc/riscv-none-embed/8.2.0/../../../../riscv-none-embed/lib/rv32imacxw/ilp32\libg_nano.a(lib_a-mlock.o)
 .debug_frame   0x0000000000001670       0x30 c:/mounriver/mounriver_studio/toolchain/risc-v embedded gcc/bin/../lib/gcc/riscv-none-embed/8.2.0/../../../../riscv-none-embed/lib/rv32imacxw/ilp32\libg_nano.a(lib_a-readr.o)
 .debug_frame   0x00000000000016a0       0x70 c:/mounriver/mounriver_studio/toolchain/risc-v embedded gcc/bin/../lib/gcc/riscv-none-embed/8.2.0/../../../../riscv-none-embed/lib/rv32imacxw/ilp32\libg_nano.a(lib_a-reent.o)
 .debug_frame   0x0000000000001710       0x20 c:/mounriver/mounriver_studio/toolchain/risc-v embedded gcc/bin/../lib/gcc/riscv-none-embed/8.2.0/../../../../riscv-none-embed/lib/rv32imacxw/ilp32\libnosys.a(close.o)
 .debug_frame   0x0000000000001730       0x20 c:/mounriver/mounriver_studio/toolchain/risc-v embedded gcc/bin/../lib/gcc/riscv-none-embed/8.2.0/../../../../riscv-none-embed/lib/rv32imacxw/ilp32\libnosys.a(fstat.o)
 .debug_frame   0x0000000000001750       0x20 c:/mounriver/mounriver_studio/toolchain/risc-v embedded gcc/bin/../lib/gcc/riscv-none-embed/8.2.0/../../../../riscv-none-embed/lib/rv32imacxw/ilp32\libnosys.a(isatty.o)
 .debug_frame   0x0000000000001770       0x20 c:/mounriver/mounriver_studio/toolchain/risc-v embedded gcc/bin/../lib/gcc/riscv-none-embed/8.2.0/../../../../riscv-none-embed/lib/rv32imacxw/ilp32\libnosys.a(lseek.o)
 .debug_frame   0x0000000000001790       0x20 c:/mounriver/mounriver_studio/toolchain/risc-v embedded gcc/bin/../lib/gcc/riscv-none-embed/8.2.0/../../../../riscv-none-embed/lib/rv32imacxw/ilp32\libnosys.a(read.o)

.stab           0x0000000000000000       0x84
 .stab          0x0000000000000000       0x24 c:/mounriver/mounriver_studio/toolchain/risc-v embedded gcc/bin/../lib/gcc/riscv-none-embed/8.2.0/../../../../riscv-none-embed/lib/rv32imacxw/ilp32\libnosys.a(close.o)
 .stab          0x0000000000000024       0x18 c:/mounriver/mounriver_studio/toolchain/risc-v embedded gcc/bin/../lib/gcc/riscv-none-embed/8.2.0/../../../../riscv-none-embed/lib/rv32imacxw/ilp32\libnosys.a(fstat.o)
                                         0x24 (size before relaxing)
 .stab          0x000000000000003c       0x18 c:/mounriver/mounriver_studio/toolchain/risc-v embedded gcc/bin/../lib/gcc/riscv-none-embed/8.2.0/../../../../riscv-none-embed/lib/rv32imacxw/ilp32\libnosys.a(isatty.o)
                                         0x24 (size before relaxing)
 .stab          0x0000000000000054       0x18 c:/mounriver/mounriver_studio/toolchain/risc-v embedded gcc/bin/../lib/gcc/riscv-none-embed/8.2.0/../../../../riscv-none-embed/lib/rv32imacxw/ilp32\libnosys.a(lseek.o)
                                         0x24 (size before relaxing)
 .stab          0x000000000000006c       0x18 c:/mounriver/mounriver_studio/toolchain/risc-v embedded gcc/bin/../lib/gcc/riscv-none-embed/8.2.0/../../../../riscv-none-embed/lib/rv32imacxw/ilp32\libnosys.a(read.o)
                                         0x24 (size before relaxing)

.stabstr        0x0000000000000000      0x117
 .stabstr       0x0000000000000000      0x117 c:/mounriver/mounriver_studio/toolchain/risc-v embedded gcc/bin/../lib/gcc/riscv-none-embed/8.2.0/../../../../riscv-none-embed/lib/rv32imacxw/ilp32\libnosys.a(close.o)
